     VMA      LMA     Size Align Out     In      Symbol
       0        0        0     1 NDS_SAG_LMA_FLASH = 0x20000000
       0        0 20000000     1 . = 0x20000000
20000000        0        0     1 PROVIDE ( BIN_BEGIN = . )
20000000 20000000      16c     4 .vectors
20000000 20000000      16c     4         ./boot/cstartup_flash.o:(.vectors)
20000000 20000000        0     1                 .L0 
20000000 20000000        0     1                 .L0 
20000000 20000000        0     1                 .L0 
20000000 20000000        0     1                 _RESET_ENTRY
20000028 20000028        0     1                 _START
20000028 20000028        0     1                 .L0 
20000028 20000028        0     1                 .L0 
20000030 20000030        0     1                 .L0 
20000034 20000034        0     1                 .L0 
20000038 20000038        0     1                 .L0 
2000003c 2000003c        0     1                 .L0 
20000040 20000040        0     1                 .L0 
20000040 20000040        0     1                 .L0 
20000048 20000048        0     1                 .L0 
2000004a 2000004a        0     1                 .L0 
2000004a 2000004a        0     1                 .L0 
20000052 20000052        0     1                 .L0 
20000056 20000056        0     1                 .L0 
20000058 20000058        0     1                 .L0 
2000005c 2000005c        0     1                 .L0 
20000060 20000060        0     1                 .L0 
20000060 20000060        0     1                 .L0 
20000068 20000068        0     1                 .L0 
2000006c 2000006c        0     1                 .L0 
20000070 20000070        0     1                 .L0 
20000074 20000074        0     1                 .L0 
20000076 20000076        0     1                 .L0 
2000007a 2000007a        0     1                 .L0 
2000007e 2000007e        0     1                 .L0 
20000082 20000082        0     1                 .L0 
20000086 20000086        0     1                 .L0 
2000008a 2000008a        0     1                 .L0 
2000008e 2000008e        0     1                 _RETENTION_RESET_INIT
2000008e 2000008e        0     1                 .L0 
2000008e 2000008e        0     1                 .L0 
20000096 20000096        0     1                 .L0 
20000096 20000096        0     1                 .L0 
20000098 20000098        0     1                 .L0 
20000098 20000098        0     1                 .L0 
2000009c 2000009c        0     1                 _RETENTION_RESET_BEGIN
2000009c 2000009c        0     1                 .L0 
200000a0 200000a0        0     1                 .L0 
200000a4 200000a4        0     1                 .L0 
200000a8 200000a8        0     1                 .L0 
200000aa 200000aa        0     1                 .L0 
200000ac 200000ac        0     1                 .L0 
200000ae 200000ae        0     1                 _RETENTION_DATA_INIT
200000ae 200000ae        0     1                 .L0 
200000ae 200000ae        0     1                 .L0 
200000b6 200000b6        0     1                 .L0 
200000b6 200000b6        0     1                 .L0 
200000ba 200000ba        0     1                 .L0 
200000ba 200000ba        0     1                 .L0 
200000be 200000be        0     1                 _RETENTION_DATA_INIT_BEGIN
200000be 200000be        0     1                 .L0 
200000c2 200000c2        0     1                 .L0 
200000c6 200000c6        0     1                 .L0 
200000ca 200000ca        0     1                 .L0 
200000cc 200000cc        0     1                 .L0 
200000ce 200000ce        0     1                 .L0 
200000d0 200000d0        0     1                 _RAMCODE_INIT
200000d0 200000d0        0     1                 .L0 
200000d0 200000d0        0     1                 .L0 
200000d8 200000d8        0     1                 .L0 
200000d8 200000d8        0     1                 .L0 
200000dc 200000dc        0     1                 .L0 
200000dc 200000dc        0     1                 .L0 
200000e4 200000e4        0     1                 _RAMCODE_INIT_BEGIN
200000e4 200000e4        0     1                 .L0 
200000e8 200000e8        0     1                 .L0 
200000ec 200000ec        0     1                 .L0 
200000f0 200000f0        0     1                 .L0 
200000f2 200000f2        0     1                 .L0 
200000f4 200000f4        0     1                 .L0 
200000f6 200000f6        0     1                 _DATA_INIT
200000f6 200000f6        0     1                 .L0 
200000f6 200000f6        0     1                 .L0 
200000fe 200000fe        0     1                 .L0 
200000fe 200000fe        0     1                 .L0 
20000102 20000102        0     1                 .L0 
20000102 20000102        0     1                 .L0 
2000010a 2000010a        0     1                 _DATA_INIT_BEGIN
2000010a 2000010a        0     1                 .L0 
2000010e 2000010e        0     1                 .L0 
20000112 20000112        0     1                 .L0 
20000116 20000116        0     1                 .L0 
20000118 20000118        0     1                 .L0 
2000011a 2000011a        0     1                 .L0 
2000011c 2000011c        0     1                 _ZERO_BSS
2000011c 2000011c        0     1                 .L0 
20000120 20000120        0     1                 .L0 
20000120 20000120        0     1                 .L0 
20000128 20000128        0     1                 .L0 
20000128 20000128        0     1                 .L0 
20000130 20000130        0     1                 _ZERO_BSS_BEGIN
20000130 20000130        0     1                 .L0 
20000134 20000134        0     1                 .L0 
20000138 20000138        0     1                 .L0 
2000013a 2000013a        0     1                 .L0 
2000013c 2000013c        0     1                 _ZERO_AES
2000013c 2000013c        0     1                 .L0 
20000140 20000140        0     1                 .L0 
20000140 20000140        0     1                 .L0 
20000144 20000144        0     1                 .L0 
20000144 20000144        0     1                 .L0 
20000148 20000148        0     1                 _ZERO_AES_BEGIN
20000148 20000148        0     1                 .L0 
2000014c 2000014c        0     1                 .L0 
20000150 20000150        0     1                 .L0 
20000152 20000152        0     1                 .L0 
20000154 20000154        0     1                 _FILL_STK
20000154 20000154        0     1                 _MAIN_FUNC
20000154 20000154        0     1                 .L0 
20000156 20000156        0     1                 .L0 
20000156 20000156        0     1                 .L0 
2000015e 2000015e        0     1                 .L0 
20000160 20000160        0     1                 .L0 
20000162 20000162        0     1                 .L0 
20000164 20000164        0     1                 .L0 
20000166 20000166        0     1                 .L0 
20000168 20000168        0     1                 .L0 
2000016a 2000016a        0     1                 _END
2000016a 2000016a        0     1                 .L0 
2000016c 2000016c        0     1                 .L0 
2000016c 2000016c        0     1                 .L0 
2000016c 2000016c        0     1                 .L0 
2000016c        0 dffffe94     1 . = 0x00000000
       0 20000170      148     4 .retention_reset
       0 20000170      148     4         ./boot/cstartup_flash.o:(.retention_reset)
       0 20000170        0     1                 .L0 
       0 20000170        0     1                 .L0 
       0 20000170        0     1                 .L0 
       0 20000170        0     1                 _IRESET_ENTRY
      22 20000192        0     1                 _ISTART
      22 20000192        0     1                 .L0 
      22 20000192        0     1                 .L0 
      2a 2000019a        0     1                 _ISWS_USB_DIS
      2a 2000019a        0     1                 .L0 
      2e 2000019e        0     1                 .L0 
      32 200001a2        0     1                 .L0 
      36 200001a6        0     1                 .L0 
      3a 200001aa        0     1                 .L0 
      3a 200001aa        0     1                 .L0 
      42 200001b2        0     1                 .L0 
      44 200001b4        0     1                 .L0 
      44 200001b4        0     1                 .L0 
      4c 200001bc        0     1                 .L0 
      50 200001c0        0     1                 .L0 
      52 200001c2        0     1                 .L0 
      56 200001c6        0     1                 .L0 
      5a 200001ca        0     1                 .L0 
      5a 200001ca        0     1                 .L0 
      62 200001d2        0     1                 .L0 
      66 200001d6        0     1                 .L0 
      6a 200001da        0     1                 .L0 
      6e 200001de        0     1                 .L0 
      70 200001e0        0     1                 .L0 
      74 200001e4        0     1                 .L0 
      78 200001e8        0     1                 .L0 
      7c 200001ec        0     1                 .L0 
      80 200001f0        0     1                 .L0 
      84 200001f4        0     1                 .L0 
      88 200001f8        0     1                 _WAKEUP_FLASH
      88 200001f8        0     1                 .L0 
      8c 200001fc        0     1                 .L0 
      90 20000200        0     1                 .L0 
      92 20000202        0     1                 .L0 
      96 20000206        0     1                 .L0 
      9a 2000020a        0     1                 .L0 
      9e 2000020e        0     1                 .L0 
      a2 20000212        0     1                 _MSPI_WAIT
      a2 20000212        0     1                 .L0 
      a6 20000216        0     1                 .L0 
      aa 2000021a        0     1                 .L0 
      ac 2000021c        0     1                 .L0 
      ae 2000021e        0     1                 .L0 
      b2 20000222        0     1                 .L0 
      b6 20000226        0     1                 .L0 
      b8 20000228        0     1                 .L0 
      bc 2000022c        0     1                 _WAIT_EFUSE_LOAD_AND_FLASH_WAKEUP_FINISH
      bc 2000022c        0     1                 .L0 
      be 2000022e        0     1                 .L0 
      c2 20000232        0     1                 _MULTI_ADDRESS_BEGIN
      c2 20000232        0     1                 .L0 
      c6 20000236        0     1                 .L0 
      c6 20000236        0     1                 .L0 
      ca 2000023a        0     1                 .L0 
      ce 2000023e        0     1                 .L0 
      d2 20000242        0     1                 _IZERO_BSS
      d2 20000242        0     1                 .L0 
      d6 20000246        0     1                 .L0 
      d6 20000246        0     1                 .L0 
      de 2000024e        0     1                 .L0 
      de 2000024e        0     1                 .L0 
      e6 20000256        0     1                 _IZERO_BSS_BEGIN
      e6 20000256        0     1                 .L0 
      ea 2000025a        0     1                 .L0 
      ee 2000025e        0     1                 .L0 
      f0 20000260        0     1                 .L0 
      f2 20000262        0     1                 _IZERO_AES
      f2 20000262        0     1                 .L0 
      f6 20000266        0     1                 .L0 
      f6 20000266        0     1                 .L0 
      fa 2000026a        0     1                 .L0 
      fa 2000026a        0     1                 .L0 
      fe 2000026e        0     1                 _IZERO_AES_BEGIN
      fe 2000026e        0     1                 .L0 
     102 20000272        0     1                 .L0 
     106 20000276        0     1                 .L0 
     108 20000278        0     1                 .L0 
     10a 2000027a        0     1                 _IFILL_STK
     10a 2000027a        0     1                 _IDATA_INIT
     10a 2000027a        0     1                 .L0 
     10a 2000027a        0     1                 .L0 
     112 20000282        0     1                 .L0 
     112 20000282        0     1                 .L0 
     116 20000286        0     1                 .L0 
     116 20000286        0     1                 .L0 
     11e 2000028e        0     1                 _IDATA_INIT_BEGIN
     11e 2000028e        0     1                 .L0 
     122 20000292        0     1                 .L0 
     126 20000296        0     1                 .L0 
     12a 2000029a        0     1                 .L0 
     12c 2000029c        0     1                 .L0 
     12e 2000029e        0     1                 .L0 
     130 200002a0        0     1                 _IMAIN_FUNC
     130 200002a0        0     1                 .L0 
     132 200002a2        0     1                 .L0 
     132 200002a2        0     1                 .L0 
     13a 200002aa        0     1                 .L0 
     13c 200002ac        0     1                 .L0 
     13e 200002ae        0     1                 .L0 
     140 200002b0        0     1                 .L0 
     142 200002b2        0     1                 .L0 
     144 200002b4        0     1                 .L0 
     146 200002b6        0     1                 _IEND
     146 200002b6        0     1                 .L0 
     148 200002b8        0     1                 .L0 
     148 200002b8        0     1                 .L0 
     148 200002b8        0     1                 .L0 
     148        0        0     1 PROVIDE ( _RETENTION_RESET_VMA_START = ADDR ( .retention_reset ) )
     148        0        0     1 PROVIDE ( _RETENTION_RESET_LMA_START = LOADADDR ( .retention_reset ) )
     148        0        0     1 PROVIDE ( _RETENTION_RESET_VMA_END = . )
     148        0        0     1 . = ALIGN ( 8 )
     148        0        0     1 PROVIDE ( _AES_VMA_START = . )
     148 200002b8       20     4 .aes_data
     148 200002b8       20     4         ./drivers/aes.o:(.aes_data)
     148 200002b8       20     1                 aes_data_buff
     168        0        0     1 PROVIDE ( _AES_VMA_END = . )
     168        0        0     1 . = ALIGN ( 8 )
     168 200002b8       78     4 .retention_data
     168 200002b8        a     2         ./drivers/adc.o:(.retention_data)
     168 200002b8        2     1                 g_adc_vref
     16a 200002ba        1     1                 g_adc_vref_offset
     16c 200002bc        2     1                 g_adc_gpio_calib_vref
     16e 200002be        1     1                 g_adc_gpio_calib_vref_offset
     170 200002c0        2     1                 g_adc_vbat_calib_vref
     172 200002c2        1     1         ./drivers/clock.o:(.retention_data)
     172 200002c2        1     1                 tl_24mrc_cal
     174 200002c4        a     4         ./drivers/flash.o:(.retention_data)
     174 200002c4        4     1                 flash_read_page
     178 200002c8        4     1                 flash_write_page
     17c 200002cc        2     1                 s_flash_preempt_config
     180 200002d0       60     4         /cygdrive/c/Users/SWAMIN~1/AppData/Local/Temp/ccKdbC8c.ltrans0.ltrans.o:(.retention_data)
     180 200002d0        1     1                 g_pm_vbat_v
     184 200002d4        4     1                 g_pm_tick_32k_cur
     188 200002d8        1     1                 g_pm_tick_update_en
     189 200002d9        1     1                 g_pm_suspend_power_cfg
     18c 200002dc        4     1                 g_pm_mspi_cfg
     190 200002e0        8     1                 g_pm_early_wakeup_time_us
     198 200002e8        8     1                 g_pm_longsleep_early_wakeup_time_us
     1a0 200002f0        4     1                 g_pm_r_delay_cycle
     1a4 200002f4        1     1                 g_plic_preempt_en
     1a8 200002f8        0     1                 .LANCHOR0
     1a8 200002f8        1     1                 g_pm_long_suspend
     1ac 200002fc        4     1                 g_pm_tick_cur
     1b0 20000300       29     1                 pmcd
     1dc 2000032c        4     1                 g_pm_tick_32k_calib
     1e0        0        0     1 PROVIDE ( _RETENTION_DATA_VMA_START = ADDR ( .retention_data ) )
     1e0        0        0     1 PROVIDE ( _RETENTION_DATA_LMA_START = LOADADDR ( .retention_data ) )
     1e0        0        0     1 PROVIDE ( _RETENTION_DATA_VMA_END = . )
     1e0        0        0     1 . = ALIGN ( 8 )
     200 20000330     36bc   256 .ram_code
     200 20000330      570     4         ./vendor/common/flash/puya_common.o:(.ram_code)
     200 20000330       1c     1                 mspi_wait
     200 20000330        0     1                 .L0 
     200 20000330        0     1                 .L0 
     200 20000330        0     1                 .L0 
     200 20000330        0     1                 .LFB338
     204 20000334        0     1                 .L0 
     204 20000334        0     1                 .L22
     218 20000348        0     1                 .L0 
     21c 2000034c        0     1                 .L0 
     21c 2000034c       28     1                 mspi_fm_rd_trig_en
     21c 2000034c        0     1                 .L0 
     21c 2000034c        0     1                 .L0 
     21c 2000034c        0     1                 .L0 
     21c 2000034c        0     1                 .LFB339
     21c 2000034c        0     1                 .LFE338
     240 20000370        0     1                 .L0 
     244 20000374        0     1                 .L0 
     244 20000374       28     1                 mspi_fm_rd_trig_dis
     244 20000374        0     1                 .L0 
     244 20000374        0     1                 .L0 
     244 20000374        0     1                 .L0 
     244 20000374        0     1                 .LFB340
     244 20000374        0     1                 .LFE339
     266 20000396        0     1                 .L0 
     26c 2000039c        0     1                 .L0 
     26c 2000039c       28     1                 mspi_fm_write_en
     26c 2000039c        0     1                 .L0 
     26c 2000039c        0     1                 .L0 
     26c 2000039c        0     1                 .L0 
     26c 2000039c        0     1                 .LFB342
     26c 2000039c        0     1                 .LFE340
     28e 200003be        0     1                 .L0 
     294 200003c4        0     1                 .L0 
     294 200003c4       28     1                 mspi_high
     294 200003c4        0     1                 .L0 
     294 200003c4        0     1                 .L0 
     294 200003c4        0     1                 .L0 
     294 200003c4        0     1                 .LFB344
     294 200003c4        0     1                 .LFE342
     2b8 200003e8        0     1                 .L0 
     2bc 200003ec        0     1                 .L0 
     2bc 200003ec       28     1                 mspi_low
     2bc 200003ec        0     1                 .L0 
     2bc 200003ec        0     1                 .L0 
     2bc 200003ec        0     1                 .L0 
     2bc 200003ec        0     1                 .LFB345
     2bc 200003ec        0     1                 .LFE344
     2de 2000040e        0     1                 .L0 
     2e4 20000414        0     1                 .L0 
     2e4 20000414       14     1                 mspi_get
     2e4 20000414        0     1                 .L0 
     2e4 20000414        0     1                 .L0 
     2e4 20000414        0     1                 .L0 
     2e4 20000414        0     1                 .LFB346
     2e4 20000414        0     1                 .LFE345
     2f4 20000424        0     1                 .L0 
     2f8 20000428        0     1                 .L0 
     2f8 20000428       20     1                 mspi_write
     2f8 20000428        0     1                 .L0 
     2f8 20000428        0     1                 .L0 
     2f8 20000428        0     1                 .LFB347
     2f8 20000428        0     1                 .LFE346
     2fa 2000042a        0     1                 .L0 
     300 20000430        0     1                 .L0 
     310 20000440        0     1                 .L0 
     314 20000444        0     1                 .L0 
     318 20000448        0     1                 .L0 
     318 20000448       2c     1                 mspi_stop_xip
     318 20000448        0     1                 .L0 
     318 20000448        0     1                 .L0 
     318 20000448        0     1                 .LFB350
     318 20000448        0     1                 .LFE347
     31a 2000044a        0     1                 .L0 
     31c 2000044c        0     1                 .L0 
     31c 2000044c        0     1                 .L0 
     31e 2000044e        0     1                 .L0 
     320 20000450        0     1                 .L0 
     324 20000454        0     1                 .L0 
     324 20000454        0     1                 .L32
     33c 2000046c        0     1                 .L0 
     340 20000470        0     1                 .L0 
     342 20000472        0     1                 .L0 
     344 20000474        0     1                 .L0 
     344 20000474        0     1                 .L0 
     344 20000474        0     1                 .L0 
     344 20000474        0     1                 .LFB374
     344 20000474        0     1                 .LFE350
     344 20000474       30     1                 mspi_as_gpio
     346 20000476        0     1                 .L0 
     348 20000478        0     1                 .L0 
     348 20000478        0     1                 .L0 
     354 20000484        0     1                 .L0 
     360 20000490        0     1                 .L0 
     36c 2000049c        0     1                 .L0 
     370 200004a0        0     1                 .L0 
     372 200004a2        0     1                 .L0 
     374 200004a4        0     1                 .L0 
     374 200004a4        0     1                 .L0 
     374 200004a4        0     1                 .L0 
     374 200004a4        0     1                 .LFB375
     374 200004a4        0     1                 .LFE374
     374 200004a4       30     1                 mspi_as_mspi
     376 200004a6        0     1                 .L0 
     378 200004a8        0     1                 .L0 
     378 200004a8        0     1                 .L0 
     384 200004b4        0     1                 .L0 
     390 200004c0        0     1                 .L0 
     39c 200004cc        0     1                 .L0 
     3a0 200004d0        0     1                 .L0 
     3a2 200004d2        0     1                 .L0 
     3a4 200004d4        0     1                 .L0 
     3a4 200004d4        0     1                 .L0 
     3a4 200004d4        0     1                 .L0 
     3a4 200004d4        0     1                 .LFB376
     3a4 200004d4        0     1                 .LFE375
     3a4 200004d4       58     1                 flash_enter_test_mode
     3a6 200004d6        0     1                 .L0 
     3a8 200004d8        0     1                 .L0 
     3aa 200004da        0     1                 .L0 
     3ac 200004dc        0     1                 .L0 
     3ae 200004de        0     1                 .L0 
     3b4 200004e4        0     1                 .L0 
     3b6 200004e6        0     1                 .L0 
     3c0 200004f0        0     1                 .L0 
     3c2 200004f2        0     1                 .L0 
     3c4 200004f4        0     1                 .L0 
     3ca 200004fa        0     1                 .L0 
     3cc 200004fc        0     1                 .L0 
     3d8 20000508        0     1                 .L0 
     3da 2000050a        0     1                 .L0 
     3dc 2000050c        0     1                 .L0 
     3e2 20000512        0     1                 .L0 
     3e4 20000514        0     1                 .L0 
     3f0 20000520        0     1                 .L0 
     3f2 20000522        0     1                 .L0 
     3f4 20000524        0     1                 .L0 
     3f8 20000528        0     1                 .L0 
     3fa 2000052a        0     1                 .L0 
     3fc 2000052c        0     1                 .L0 
     3fc 2000052c        0     1                 .L0 
     3fc 2000052c        0     1                 .L0 
     3fc 2000052c        0     1                 .LFB377
     3fc 2000052c        0     1                 .LFE376
     3fc 2000052c       e0     1                 flash_exit_test_mode
     3fe 2000052e        0     1                 .L0 
     400 20000530        0     1                 .L0 
     400 20000530        0     1                 .L0 
     424 20000554        0     1                 .L0 
     42a 2000055a        0     1                 .L0 
     44e 2000057e        0     1                 .L0 
     454 20000584        0     1                 .L0 
     456 20000586        0     1                 .L0 
     47a 200005aa        0     1                 .L0 
     480 200005b0        0     1                 .L0 
     4a4 200005d4        0     1                 .L0 
     4aa 200005da        0     1                 .L0 
     4ac 200005dc        0     1                 .L0 
     4d0 20000600        0     1                 .L0 
     4d2 20000602        0     1                 .L0 
     4d6 20000606        0     1                 .L0 
     4d8 20000608        0     1                 .L0 
     4dc 2000060c        0     1                 .L0 
     4dc 2000060c        0     1                 .L0 
     4dc 2000060c        0     1                 .L0 
     4dc 2000060c        0     1                 .LFB378
     4dc 2000060c        0     1                 .LFE377
     4dc 2000060c       fc     1                 flash_read_testmode
     4de 2000060e        0     1                 .L0 
     4e2 20000612        0     1                 .L0 
     4ee 2000061e        0     1                 .L0 
     512 20000642        0     1                 .L0 
     518 20000648        0     1                 .L0 
     53c 2000066c        0     1                 .L0 
     544 20000674        0     1                 .L0 
     546 20000676        0     1                 .L0 
     552 20000682        0     1                 .L0 
     554 20000684        0     1                 .L0 
     560 20000690        0     1                 .L0 
     562 20000692        0     1                 .L0 
     56c 2000069c        0     1                 .L0 
     56e 2000069e        0     1                 .L0 
     572 200006a2        0     1                 .L0 
     574 200006a4        0     1                 .L0 
     576 200006a6        0     1                 .L0 
     578 200006a8        0     1                 .L0 
     578 200006a8        0     1                 .LBB2
     57c 200006ac        0     1                 .L0 
     57c 200006ac        0     1                 .L39
     58c 200006bc        0     1                 .L0 
     58e 200006be        0     1                 .L0 
     594 200006c4        0     1                 .L0 
     594 200006c4        0     1                 .L38
     59c 200006cc        0     1                 .L0 
     59c 200006cc        0     1                 .LBE2
     59e 200006ce        0     1                 .L0 
     5c2 200006f2        0     1                 .L0 
     5cc 200006fc        0     1                 .L0 
     5d0 20000700        0     1                 .L0 
     5d2 20000702        0     1                 .L0 
     5d4 20000704        0     1                 .L0 
     5d8 20000708        0     1                 .L0 
     5d8 20000708        0     1                 .L0 
     5d8 20000708        0     1                 .L0 
     5d8 20000708        0     1                 .LFB379
     5d8 20000708        0     1                 .LFE378
     5d8 20000708       e0     1                 flash_write_testmode
     5da 2000070a        0     1                 .L0 
     5dc 2000070c        0     1                 .L0 
     5e8 20000718        0     1                 .L0 
     60c 2000073c        0     1                 .L0 
     612 20000742        0     1                 .L0 
     636 20000766        0     1                 .L0 
     63e 2000076e        0     1                 .L0 
     640 20000770        0     1                 .L0 
     64c 2000077c        0     1                 .L0 
     64e 2000077e        0     1                 .L0 
     65a 2000078a        0     1                 .L0 
     65c 2000078c        0     1                 .L0 
     666 20000796        0     1                 .L0 
     668 20000798        0     1                 .L0 
     668 20000798        0     1                 .LBB3
     66c 2000079c        0     1                 .L0 
     66c 2000079c        0     1                 .L42
     67a 200007aa        0     1                 .L0 
     67c 200007ac        0     1                 .L0 
     684 200007b4        0     1                 .L0 
     684 200007b4        0     1                 .L41
     68c 200007bc        0     1                 .L0 
     68c 200007bc        0     1                 .LBE3
     6b0 200007e0        0     1                 .L0 
     6b4 200007e4        0     1                 .L0 
     6b6 200007e6        0     1                 .L0 
     6b8 200007e8        0     1                 .L0 
     6b8 200007e8        0     1                 .L0 
     6b8 200007e8        0     1                 .L0 
     6b8 200007e8        0     1                 .LFB380
     6b8 200007e8        0     1                 .LFE379
     6b8 200007e8       b8     1                 flash_power_off_on_ram
     6ba 200007ea        0     1                 .L0 
     6bc 200007ec        0     1                 .L0 
     6be 200007ee        0     1                 .L0 
     6c0 200007f0        0     1                 .L0 
     6cc 200007fc        0     1                 .L0 
     6f2 20000822        0     1                 .L0 
     70a 2000083a        0     1                 .L0 
     716 20000846        0     1                 .L0 
     722 20000852        0     1                 .L0 
     72e 2000085e        0     1                 .L0 
     734 20000864        0     1                 .L0 
     740 20000870        0     1                 .L0 
     74c 2000087c        0     1                 .L0 
     758 20000888        0     1                 .L0 
     762 20000892        0     1                 .L0 
     768 20000898        0     1                 .L0 
     76c 2000089c        0     1                 .L0 
     76e 2000089e        0     1                 .L0 
     770 200008a0        0     1                 .L0 
     770 200008a0        0     1                 .L0 
     770 200008a0        0     1                 .LFE380
     770 200008a0      4de     4         ./vendor/common/flash/puya_flash_scratch.o:(.ram_code)
     770 200008a0       1c     1                 mspi_wait
     770 200008a0        0     1                 .L0 
     770 200008a0        0     1                 .L0 
     770 200008a0        0     1                 .L0 
     770 200008a0        0     1                 .LFB338
     774 200008a4        0     1                 .L0 
     774 200008a4        0     1                 .L14
     788 200008b8        0     1                 .L0 
     78c 200008bc        0     1                 .L0 
     78c 200008bc       28     1                 mspi_fm_write_en
     78c 200008bc        0     1                 .L0 
     78c 200008bc        0     1                 .L0 
     78c 200008bc        0     1                 .L0 
     78c 200008bc        0     1                 .LFB342
     78c 200008bc        0     1                 .LFE338
     7ae 200008de        0     1                 .L0 
     7b4 200008e4        0     1                 .L0 
     7b4 200008e4       44     1                 mspi_fm_data_line
     7b4 200008e4        0     1                 .L0 
     7b4 200008e4        0     1                 .L0 
     7b4 200008e4        0     1                 .LFB343
     7b4 200008e4        0     1                 .LFE342
     7b6 200008e6        0     1                 .L0 
     7bc 200008ec        0     1                 .L0 
     7f0 20000920        0     1                 .L0 
     7f4 20000924        0     1                 .L0 
     7f8 20000928        0     1                 .L0 
     7f8 20000928       28     1                 mspi_high
     7f8 20000928        0     1                 .L0 
     7f8 20000928        0     1                 .L0 
     7f8 20000928        0     1                 .L0 
     7f8 20000928        0     1                 .LFB344
     7f8 20000928        0     1                 .LFE343
     81c 2000094c        0     1                 .L0 
     820 20000950        0     1                 .L0 
     820 20000950       28     1                 mspi_low
     820 20000950        0     1                 .L0 
     820 20000950        0     1                 .L0 
     820 20000950        0     1                 .L0 
     820 20000950        0     1                 .LFB345
     820 20000950        0     1                 .LFE344
     842 20000972        0     1                 .L0 
     848 20000978        0     1                 .L0 
     848 20000978       20     1                 mspi_write
     848 20000978        0     1                 .L0 
     848 20000978        0     1                 .L0 
     848 20000978        0     1                 .LFB347
     848 20000978        0     1                 .LFE345
     84a 2000097a        0     1                 .L0 
     850 20000980        0     1                 .L0 
     860 20000990        0     1                 .L0 
     864 20000994        0     1                 .L0 
     868 20000998        0     1                 .L0 
     868 20000998       2c     1                 mspi_stop_xip
     868 20000998        0     1                 .L0 
     868 20000998        0     1                 .L0 
     868 20000998        0     1                 .LFB350
     868 20000998        0     1                 .LFE347
     86a 2000099a        0     1                 .L0 
     86c 2000099c        0     1                 .L0 
     86c 2000099c        0     1                 .L0 
     86e 2000099e        0     1                 .L0 
     870 200009a0        0     1                 .L0 
     874 200009a4        0     1                 .L0 
     874 200009a4        0     1                 .L21
     88c 200009bc        0     1                 .L0 
     890 200009c0        0     1                 .L0 
     892 200009c2        0     1                 .L0 
     894 200009c4        0     1                 .L0 
     894 200009c4       84     1                 flash_write_enable_cmd_testmode
     894 200009c4        0     1                 .L0 
     894 200009c4        0     1                 .L0 
     894 200009c4        0     1                 .LFB374
     894 200009c4        0     1                 .LFE350
     896 200009c6        0     1                 .L0 
     898 200009c8        0     1                 .L0 
     898 200009c8        0     1                 .L0 
     8bc 200009ec        0     1                 .L0 
     8c2 200009f2        0     1                 .L0 
     8e6 20000a16        0     1                 .L0 
     8ea 20000a1a        0     1                 .L0 
     8ec 20000a1c        0     1                 .L0 
     910 20000a40        0     1                 .L0 
     914 20000a44        0     1                 .L0 
     916 20000a46        0     1                 .L0 
     918 20000a48        0     1                 .L0 
     918 20000a48       24     1                 mspi_read_testmode
     918 20000a48        0     1                 .L0 
     918 20000a48        0     1                 .L0 
     918 20000a48        0     1                 .LFB375
     918 20000a48        0     1                 .LFE374
     91a 20000a4a        0     1                 .L0 
     91c 20000a4c        0     1                 .L0 
     91c 20000a4c        0     1                 .L0 
     920 20000a50        0     1                 .L0 
     922 20000a52        0     1                 .L0 
     932 20000a62        0     1                 .L0 
     936 20000a66        0     1                 .L0 
     938 20000a68        0     1                 .L0 
     93c 20000a6c        0     1                 .L0 
     93c 20000a6c       14     1                 flash_is_busy_testmode
     93c 20000a6c        0     1                 .L0 
     93c 20000a6c        0     1                 .L0 
     93c 20000a6c        0     1                 .LFB376
     93c 20000a6c        0     1                 .LFE375
     93e 20000a6e        0     1                 .L0 
     940 20000a70        0     1                 .L0 
     940 20000a70        0     1                 .L0 
     946 20000a76        0     1                 .L0 
     94a 20000a7a        0     1                 .L0 
     94c 20000a7c        0     1                 .L0 
     950 20000a80        0     1                 .L0 
     950 20000a80       a8     1                 flash_wait_done_testomode
     950 20000a80        0     1                 .L0 
     950 20000a80        0     1                 .L0 
     950 20000a80        0     1                 .LFB377
     950 20000a80        0     1                 .LFE376
     952 20000a82        0     1                 .L0 
     954 20000a84        0     1                 .L0 
     954 20000a84        0     1                 .L0 
     978 20000aa8        0     1                 .L0 
     97e 20000aae        0     1                 .L0 
     9a2 20000ad2        0     1                 .L0 
     9a6 20000ad6        0     1                 .L0 
     9a8 20000ad8        0     1                 .L0 
     9ac 20000adc        0     1                 .L0 
     9ac 20000adc        0     1                 .L50
     9b2 20000ae2        0     1                 .L0 
     9b8 20000ae8        0     1                 .L0 
     9b8 20000ae8        0     1                 .L47
     9c8 20000af8        0     1                 .L0 
     9c8 20000af8        0     1                 .L51
     9cc 20000afc        0     1                 .L0 
     9cc 20000afc        0     1                 .L49
     9f0 20000b20        0     1                 .L0 
     9f4 20000b24        0     1                 .L0 
     9f6 20000b26        0     1                 .L0 
     9f8 20000b28        0     1                 .L0 
     9f8 20000b28       44     1                 flash_wait_done_common
     9f8 20000b28        0     1                 .L0 
     9f8 20000b28        0     1                 .L0 
     9f8 20000b28        0     1                 .LFB378
     9f8 20000b28        0     1                 .LFE377
     9fa 20000b2a        0     1                 .L0 
     9fc 20000b2c        0     1                 .L0 
     9fc 20000b2c        0     1                 .L0 
     9fe 20000b2e        0     1                 .L0 
     a04 20000b34        0     1                 .L0 
     a06 20000b36        0     1                 .L0 
     a0a 20000b3a        0     1                 .L0 
     a0c 20000b3c        0     1                 .L0 
     a10 20000b40        0     1                 .L0 
     a10 20000b40        0     1                 .L56
     a16 20000b46        0     1                 .L0 
     a1c 20000b4c        0     1                 .L0 
     a1c 20000b4c        0     1                 .L53
     a2c 20000b5c        0     1                 .L0 
     a2c 20000b5c        0     1                 .L57
     a30 20000b60        0     1                 .L0 
     a30 20000b60        0     1                 .L55
     a32 20000b62        0     1                 .L0 
     a36 20000b66        0     1                 .L0 
     a38 20000b68        0     1                 .L0 
     a3c 20000b6c       50     1                 flash_erase_chip_ram
     a3c 20000b6c        0     1                 .L0 
     a3c 20000b6c        0     1                 .L0 
     a3c 20000b6c        0     1                 .L0 
     a3c 20000b6c        0     1                 .LFB379
     a3c 20000b6c        0     1                 .LFE378
     a3e 20000b6e        0     1                 .L0 
     a40 20000b70        0     1                 .L0 
     a40 20000b70        0     1                 .L0 
     a4a 20000b7a        0     1                 .L0 
     a4c 20000b7c        0     1                 .L0 
     a4e 20000b7e        0     1                 .L0 
     a52 20000b82        0     1                 .L0 
     a54 20000b84        0     1                 .L0 
     a5a 20000b8a        0     1                 .L0 
     a5c 20000b8c        0     1                 .L0 
     a60 20000b90        0     1                 .L0 
     a62 20000b92        0     1                 .L0 
     a64 20000b94        0     1                 .L0 
     a6a 20000b9a        0     1                 .L0 
     a6c 20000b9c        0     1                 .L0 
     a72 20000ba2        0     1                 .L0 
     a74 20000ba4        0     1                 .L0 
     a76 20000ba6        0     1                 .L0 
     a78 20000ba8        0     1                 .L0 
     a82 20000bb2        0     1                 .L0 
     a86 20000bb6        0     1                 .L0 
     a88 20000bb8        0     1                 .L0 
     a8c 20000bbc        0     1                 .L0 
     a8c 20000bbc       8c     1                 flash_erase_chip_scratch_testmode
     a8c 20000bbc        0     1                 .L0 
     a8c 20000bbc        0     1                 .L0 
     a8c 20000bbc        0     1                 .LFB380
     a8c 20000bbc        0     1                 .LFE379
     a8e 20000bbe        0     1                 .L0 
     a90 20000bc0        0     1                 .L0 
     a90 20000bc0        0     1                 .L0 
     a92 20000bc2        0     1                 .L0 
     ab6 20000be6        0     1                 .L0 
     abc 20000bec        0     1                 .L0 
     ae0 20000c10        0     1                 .L0 
     ae6 20000c16        0     1                 .L0 
     ae8 20000c18        0     1                 .L0 
     b0c 20000c3c        0     1                 .L0 
     b0e 20000c3e        0     1                 .L0 
     b12 20000c42        0     1                 .L0 
     b14 20000c44        0     1                 .L0 
     b18 20000c48        0     1                 .L0 
     b18 20000c48       24     1                 flash_write_config_scratch_testmode
     b18 20000c48        0     1                 .L0 
     b18 20000c48        0     1                 .L0 
     b18 20000c48        0     1                 .LFB381
     b18 20000c48        0     1                 .LFE380
     b1a 20000c4a        0     1                 .L0 
     b1c 20000c4c        0     1                 .L0 
     b22 20000c52        0     1                 .L0 
     b30 20000c60        0     1                 .L0 
     b32 20000c62        0     1                 .L0 
     b36 20000c66        0     1                 .L0 
     b38 20000c68        0     1                 .L0 
     b3c 20000c6c        0     1                 .L0 
     b3c 20000c6c       24     1                 flash_plane_program_scratch_testmode
     b3c 20000c6c        0     1                 .L0 
     b3c 20000c6c        0     1                 .L0 
     b3c 20000c6c        0     1                 .LFB382
     b3c 20000c6c        0     1                 .LFE381
     b3e 20000c6e        0     1                 .L0 
     b40 20000c70        0     1                 .L0 
     b46 20000c76        0     1                 .L0 
     b54 20000c84        0     1                 .L0 
     b56 20000c86        0     1                 .L0 
     b5a 20000c8a        0     1                 .L0 
     b5c 20000c8c        0     1                 .L0 
     b60 20000c90        0     1                 .L0 
     b60 20000c90       24     1                 flash_page_program_scratch_testmode
     b60 20000c90        0     1                 .L0 
     b60 20000c90        0     1                 .L0 
     b60 20000c90        0     1                 .LFB383
     b60 20000c90        0     1                 .LFE382
     b62 20000c92        0     1                 .L0 
     b64 20000c94        0     1                 .L0 
     b6a 20000c9a        0     1                 .L0 
     b6c 20000c9c        0     1                 .L0 
     b78 20000ca8        0     1                 .L0 
     b7a 20000caa        0     1                 .L0 
     b7e 20000cae        0     1                 .L0 
     b80 20000cb0        0     1                 .L0 
     b84 20000cb4       c8     1                 flash_scratch_ram
     b84 20000cb4        0     1                 .L0 
     b84 20000cb4        0     1                 .L0 
     b84 20000cb4        0     1                 .L0 
     b84 20000cb4        0     1                 .LFB384
     b84 20000cb4        0     1                 .LFE383
     b86 20000cb6        0     1                 .L0 
     b88 20000cb8        0     1                 .L0 
     b88 20000cb8        0     1                 .L0 
     b8a 20000cba        0     1                 .L0 
     b8e 20000cbe        0     1                 .L0 
     b92 20000cc2        0     1                 .L0 
     b9a 20000cca        0     1                 .L0 
     b9c 20000ccc        0     1                 .L0 
     b9c 20000ccc        0     1                 .LBB9
     ba4 20000cd4        0     1                 .L0 
     ba4 20000cd4        0     1                 .L65
     bbe 20000cee        0     1                 .L0 
     bc8 20000cf8        0     1                 .L0 
     bc8 20000cf8        0     1                 .L64
     bd2 20000d02        0     1                 .L0 
     bd2 20000d02        0     1                 .LBE9
     bd2 20000d02        0     1                 .LBB10
     bd8 20000d08        0     1                 .L0 
     bd8 20000d08        0     1                 .L67
     bf8 20000d28        0     1                 .L0 
     c04 20000d34        0     1                 .L0 
     c04 20000d34        0     1                 .L66
     c0e 20000d3e        0     1                 .L0 
     c0e 20000d3e        0     1                 .LBE10
     c0e 20000d3e        0     1                 .LBB11
     c14 20000d44        0     1                 .L0 
     c14 20000d44        0     1                 .L69
     c2e 20000d5e        0     1                 .L0 
     c38 20000d68        0     1                 .L0 
     c38 20000d68        0     1                 .L68
     c42 20000d72        0     1                 .L0 
     c42 20000d72        0     1                 .LBE11
     c44 20000d74        0     1                 .L0 
     c48 20000d78        0     1                 .L0 
     c4a 20000d7a        0     1                 .L0 
     c4c 20000d7c        0     1                 .L0 
     c4c 20000d7c        0     1                 .L0 
     c4c 20000d7c        0     1                 .LFE384
     c50 20000d80      46c     4         ./vendor/common/flash/puya_flash_trim.o:(.ram_code)
     c50 20000d80       1c     1                 mspi_wait
     c50 20000d80        0     1                 .L0 
     c50 20000d80        0     1                 .L0 
     c50 20000d80        0     1                 .L0 
     c50 20000d80        0     1                 .LFB338
     c54 20000d84        0     1                 .L0 
     c54 20000d84        0     1                 .L14
     c68 20000d98        0     1                 .L0 
     c6c 20000d9c        0     1                 .L0 
     c6c 20000d9c       44     1                 mspi_fm_data_line
     c6c 20000d9c        0     1                 .L0 
     c6c 20000d9c        0     1                 .L0 
     c6c 20000d9c        0     1                 .LFB343
     c6c 20000d9c        0     1                 .LFE338
     c6e 20000d9e        0     1                 .L0 
     c74 20000da4        0     1                 .L0 
     ca8 20000dd8        0     1                 .L0 
     cac 20000ddc        0     1                 .L0 
     cb0 20000de0        0     1                 .L0 
     cb0 20000de0       28     1                 mspi_high
     cb0 20000de0        0     1                 .L0 
     cb0 20000de0        0     1                 .L0 
     cb0 20000de0        0     1                 .L0 
     cb0 20000de0        0     1                 .LFB344
     cb0 20000de0        0     1                 .LFE343
     cd4 20000e04        0     1                 .L0 
     cd8 20000e08        0     1                 .L0 
     cd8 20000e08       14     1                 mspi_get
     cd8 20000e08        0     1                 .L0 
     cd8 20000e08        0     1                 .L0 
     cd8 20000e08        0     1                 .L0 
     cd8 20000e08        0     1                 .LFB346
     cd8 20000e08        0     1                 .LFE344
     ce8 20000e18        0     1                 .L0 
     cec 20000e1c        0     1                 .L0 
     cec 20000e1c       20     1                 mspi_write
     cec 20000e1c        0     1                 .L0 
     cec 20000e1c        0     1                 .L0 
     cec 20000e1c        0     1                 .LFB347
     cec 20000e1c        0     1                 .LFE346
     cee 20000e1e        0     1                 .L0 
     cf4 20000e24        0     1                 .L0 
     d04 20000e34        0     1                 .L0 
     d08 20000e38        0     1                 .L0 
     d0c 20000e3c        0     1                 .L0 
     d0c 20000e3c       18     1                 mspi_read
     d0c 20000e3c        0     1                 .L0 
     d0c 20000e3c        0     1                 .L0 
     d0c 20000e3c        0     1                 .LFB349
     d0c 20000e3c        0     1                 .LFE347
     d0e 20000e3e        0     1                 .L0 
     d10 20000e40        0     1                 .L0 
     d10 20000e40        0     1                 .L0 
     d14 20000e44        0     1                 .L0 
     d16 20000e46        0     1                 .L0 
     d1a 20000e4a        0     1                 .L0 
     d1e 20000e4e        0     1                 .L0 
     d20 20000e50        0     1                 .L0 
     d24 20000e54        0     1                 .L0 
     d24 20000e54       2c     1                 mspi_stop_xip
     d24 20000e54        0     1                 .L0 
     d24 20000e54        0     1                 .L0 
     d24 20000e54        0     1                 .LFB350
     d24 20000e54        0     1                 .LFE349
     d26 20000e56        0     1                 .L0 
     d28 20000e58        0     1                 .L0 
     d28 20000e58        0     1                 .L0 
     d2a 20000e5a        0     1                 .L0 
     d2c 20000e5c        0     1                 .L0 
     d30 20000e60        0     1                 .L0 
     d30 20000e60        0     1                 .L23
     d48 20000e78        0     1                 .L0 
     d4c 20000e7c        0     1                 .L0 
     d4e 20000e7e        0     1                 .L0 
     d50 20000e80        0     1                 .L0 
     d50 20000e80       e4     1                 flash_read_status_trim_testmode
     d50 20000e80        0     1                 .L0 
     d50 20000e80        0     1                 .L0 
     d50 20000e80        0     1                 .LFB374
     d50 20000e80        0     1                 .LFE350
     d52 20000e82        0     1                 .L0 
     d54 20000e84        0     1                 .L0 
     d54 20000e84        0     1                 .L0 
     d78 20000ea8        0     1                 .L0 
     d7e 20000eae        0     1                 .L0 
     da2 20000ed2        0     1                 .L0 
     da6 20000ed6        0     1                 .L0 
     da8 20000ed8        0     1                 .L0 
     dcc 20000efc        0     1                 .L0 
     dd2 20000f02        0     1                 .L0 
     df6 20000f26        0     1                 .L0 
     dfa 20000f2a        0     1                 .L0 
     dfc 20000f2c        0     1                 .L0 
     e04 20000f34        0     1                 .L0 
     e28 20000f58        0     1                 .L0 
     e2c 20000f5c        0     1                 .L0 
     e30 20000f60        0     1                 .L0 
     e32 20000f62        0     1                 .L0 
     e34 20000f64        0     1                 .L0 
     e34 20000f64       a0     1                 flash_erase_trim_testmode
     e34 20000f64        0     1                 .L0 
     e34 20000f64        0     1                 .L0 
     e34 20000f64        0     1                 .LFB375
     e34 20000f64        0     1                 .LFE374
     e36 20000f66        0     1                 .L0 
     e38 20000f68        0     1                 .L0 
     e38 20000f68        0     1                 .L0 
     e5c 20000f8c        0     1                 .L0 
     e62 20000f92        0     1                 .L0 
     e86 20000fb6        0     1                 .L0 
     e8c 20000fbc        0     1                 .L0 
     e8e 20000fbe        0     1                 .L0 
     e92 20000fc2        0     1                 .L0 
     e94 20000fc4        0     1                 .L0 
     e98 20000fc8        0     1                 .L0 
     e9a 20000fca        0     1                 .L0 
     e9e 20000fce        0     1                 .L0 
     ea0 20000fd0        0     1                 .L0 
     ec4 20000ff4        0     1                 .L0 
     eca 20000ffa        0     1                 .L0 
     ece 20000ffe        0     1                 .L0 
     ed0 20001000        0     1                 .L0 
     ed4 20001004        0     1                 .L0 
     ed4 20001004       20     1                 flash_read_trim_testmode
     ed4 20001004        0     1                 .L0 
     ed4 20001004        0     1                 .L0 
     ed4 20001004        0     1                 .LFB376
     ed4 20001004        0     1                 .LFE375
     ed6 20001006        0     1                 .L0 
     ed8 20001008        0     1                 .L0 
     ede 2000100e        0     1                 .L0 
     eec 2000101c        0     1                 .L0 
     ef0 20001020        0     1                 .L0 
     ef2 20001022        0     1                 .L0 
     ef4 20001024        0     1                 .L0 
     ef4 20001024       28     1                 flash_page_program_trim_testmode
     ef4 20001024        0     1                 .L0 
     ef4 20001024        0     1                 .L0 
     ef4 20001024        0     1                 .LFB377
     ef4 20001024        0     1                 .LFE376
     ef6 20001026        0     1                 .L0 
     ef8 20001028        0     1                 .L0 
     efe 2000102e        0     1                 .L0 
     f0c 2000103c        0     1                 .L0 
     f12 20001042        0     1                 .L0 
     f16 20001046        0     1                 .L0 
     f18 20001048        0     1                 .L0 
     f1c 2000104c       d8     1                 flash_trim_ram
     f1c 2000104c        0     1                 .L0 
     f1c 2000104c        0     1                 .L0 
     f1c 2000104c        0     1                 .L0 
     f1c 2000104c        0     1                 .LFB378
     f1c 2000104c        0     1                 .LFE377
     f1e 2000104e        0     1                 .L0 
     f20 20001050        0     1                 .L0 
     f20 20001050        0     1                 .L0 
     f24 20001054        0     1                 .L0 
     f28 20001058        0     1                 .L0 
     f2c 2000105c        0     1                 .L0 
     f34 20001064        0     1                 .L0 
     f3c 2000106c        0     1                 .L0 
     f46 20001076        0     1                 .L0 
     f46 20001076        0     1                 .LBB4
     f68 20001098        0     1                 .L0 
     f6e 2000109e        0     1                 .L0 
     f70 200010a0        0     1                 .L0 
     f7e 200010ae        0     1                 .L0 
     f8c 200010bc        0     1                 .L0 
     f8c 200010bc        0     1                 .LBB5
     f90 200010c0        0     1                 .L0 
     f90 200010c0        0     1                 .L40
     fa8 200010d8        0     1                 .L0 
     fb0 200010e0        0     1                 .L0 
     fb0 200010e0        0     1                 .L39
     fb8 200010e8        0     1                 .L0 
     fb8 200010e8        0     1                 .L38
     fc0 200010f0        0     1                 .L0 
     fc0 200010f0        0     1                 .LBE5
     fc4 200010f4        0     1                 .L0 
     fc8 200010f8        0     1                 .L0 
     fce 200010fe        0     1                 .L0 
     fd8 20001108        0     1                 .L0 
     fdc 2000110c        0     1                 .L0 
     fdc 2000110c        0     1                 .L41
     fe0 20001110        0     1                 .L0 
     fe0 20001110        0     1                 .L37
     fe0 20001110        0     1                 .LBE4
     fe4 20001114        0     1                 .L0 
     fea 2000111a        0     1                 .L0 
     fec 2000111c        0     1                 .L0 
     fec 2000111c        0     1                 .L43
     ff0 20001120        0     1                 .L0 
     ff2 20001122        0     1                 .L0 
     ff4 20001124       c8     1                 flash_trim_check_ram
     ff4 20001124        0     1                 .L0 
     ff4 20001124        0     1                 .L0 
     ff4 20001124        0     1                 .L0 
     ff4 20001124        0     1                 .LFB379
     ff4 20001124        0     1                 .LFE378
     ff6 20001126        0     1                 .L0 
     ff8 20001128        0     1                 .L0 
     ff8 20001128        0     1                 .L0 
     ffc 2000112c        0     1                 .L0 
    1000 20001130        0     1                 .L0 
    1004 20001134        0     1                 .L0 
    100c 2000113c        0     1                 .L0 
    1014 20001144        0     1                 .L0 
    101e 2000114e        0     1                 .L0 
    101e 2000114e        0     1                 .LBB6
    1040 20001170        0     1                 .L0 
    1046 20001176        0     1                 .L0 
    1054 20001184        0     1                 .L0 
    1054 20001184        0     1                 .LBB7
    1058 20001188        0     1                 .L0 
    1058 20001188        0     1                 .L48
    1070 200011a0        0     1                 .L0 
    1078 200011a8        0     1                 .L0 
    1078 200011a8        0     1                 .L47
    1080 200011b0        0     1                 .L0 
    1080 200011b0        0     1                 .L46
    1088 200011b8        0     1                 .L0 
    1088 200011b8        0     1                 .LBE7
    108c 200011bc        0     1                 .L0 
    1090 200011c0        0     1                 .L0 
    1096 200011c6        0     1                 .L0 
    10a0 200011d0        0     1                 .L0 
    10a4 200011d4        0     1                 .L0 
    10a4 200011d4        0     1                 .L49
    10a8 200011d8        0     1                 .L0 
    10a8 200011d8        0     1                 .L45
    10a8 200011d8        0     1                 .LBE6
    10ac 200011dc        0     1                 .L0 
    10b2 200011e2        0     1                 .L0 
    10b4 200011e4        0     1                 .L0 
    10b4 200011e4        0     1                 .L51
    10b8 200011e8        0     1                 .L0 
    10ba 200011ea        0     1                 .L0 
    10bc 200011ec        0     1                 .L0 
    10bc 200011ec        0     1                 .L0 
    10bc 200011ec        0     1                 .LFE379
    10bc 200011ec      194     4         ./vendor/common/exception.o:(.ram_code)
    10bc 200011ec        0     1                 .L0 
    10bc 200011ec        0     1                 .L0 
    10bc 200011ec        0     1                 .LFB375
    10bc 200011ec      194     1                 trap_entry
    10be 200011ee        0     1                 .L0 
    1106 20001236        0     1                 .L0 
    1106 20001236        0     1                 .L0 
    110c 2000123c        0     1                 .L0 
    110e 2000123e        0     1                 .L0 
    1110 20001240        0     1                 .L0 
    1112 20001242        0     1                 .L0 
    111c 2000124c        0     1                 .L0 
    1122 20001252        0     1                 .L0 
    1128 20001258        0     1                 .L0 
    1130 20001260        0     1                 .L0 
    1130 20001260        0     1                 .L15
    1136 20001266        0     1                 .L0 
    1148 20001278        0     1                 .L0 
    1154 20001284        0     1                 .L0 
    1160 20001290        0     1                 .L0 
    1164 20001294        0     1                 .L0 
    1164 20001294        0     1                 .L17
    116c 2000129c        0     1                 .L0 
    1176 200012a6        0     1                 .L0 
    117a 200012aa        0     1                 .L0 
    1186 200012b6        0     1                 .L0 
    1188 200012b8        0     1                 .L0 
    1188 200012b8        0     1                 .L16
    118e 200012be        0     1                 .L0 
    11a0 200012d0        0     1                 .L0 
    11a8 200012d8        0     1                 .L0 
    11b4 200012e4        0     1                 .L0 
    11b8 200012e8        0     1                 .L0 
    11b8 200012e8        0     1                 .L21
    11c0 200012f0        0     1                 .L0 
    11cc 200012fc        0     1                 .L0 
    11d0 20001300        0     1                 .L0 
    11d0 20001300        0     1                 .L22
    11dc 2000130c        0     1                 .L0 
    11dc 2000130c        0     1                 .L20
    11e4 20001314        0     1                 .L0 
    11e4 20001314        0     1                 .L19
    11ee 2000131e        0     1                 .L0 
    11f4 20001324        0     1                 .L0 
    11fa 2000132a        0     1                 .L0 
    1200 20001330        0     1                 .L0 
    1200 20001330        0     1                 .L24
    1204 20001334        0     1                 .L0 
    1206 20001336        0     1                 .L0 
    1208 20001338        0     1                 .L0 
    120a 2000133a        0     1                 .L0 
    120c 2000133c        0     1                 .L0 
    120e 2000133e        0     1                 .L0 
    1210 20001340        0     1                 .L0 
    1212 20001342        0     1                 .L0 
    1214 20001344        0     1                 .L0 
    1216 20001346        0     1                 .L0 
    1218 20001348        0     1                 .L0 
    121a 2000134a        0     1                 .L0 
    121c 2000134c        0     1                 .L0 
    121e 2000134e        0     1                 .L0 
    1220 20001350        0     1                 .L0 
    1222 20001352        0     1                 .L0 
    1224 20001354        0     1                 .L0 
    1226 20001356        0     1                 .L0 
    1228 20001358        0     1                 .L0 
    122a 2000135a        0     1                 .L0 
    122c 2000135c        0     1                 .L0 
    122e 2000135e        0     1                 .L0 
    1230 20001360        0     1                 .L0 
    1232 20001362        0     1                 .L0 
    1234 20001364        0     1                 .L0 
    1236 20001366        0     1                 .L0 
    1238 20001368        0     1                 .L0 
    123a 2000136a        0     1                 .L0 
    123c 2000136c        0     1                 .L0 
    123e 2000136e        0     1                 .L0 
    1240 20001370        0     1                 .L0 
    1242 20001372        0     1                 .L0 
    1244 20001374        0     1                 .L0 
    1246 20001376        0     1                 .L0 
    1248 20001378        0     1                 .L0 
    124a 2000137a        0     1                 .L0 
    124c 2000137c        0     1                 .L0 
    1250 20001380        0     1                 .L0 
    1250 20001380        0     1                 .L0 
    1250 20001380        0     1                 .LFE375
    1250 20001380      576     4         ./drivers/analog.o:(.ram_code)
    1250 20001380        0     1                 .L0 
    1250 20001380        0     1                 .L0 
    1250 20001380        0     1                 .LFB54
    1250 20001380       70     1                 analog_read_reg8
    1252 20001382        0     1                 .L0 
    1254 20001384        0     1                 .L0 
    125a 2000138a        0     1                 .L0 
    1264 20001394        0     1                 .L0 
    1274 200013a4        0     1                 .L0 
    1282 200013b2        0     1                 .L0 
    1292 200013c2        0     1                 .L0 
    129a 200013ca        0     1                 .L0 
    12aa 200013da        0     1                 .L0 
    12b4 200013e4        0     1                 .L0 
    12b8 200013e8        0     1                 .L0 
    12bc 200013ec        0     1                 .L0 
    12be 200013ee        0     1                 .L0 
    12c0 200013f0        0     1                 .L0 
    12c0 200013f0        0     1                 .L0 
    12c0 200013f0        0     1                 .L0 
    12c0 200013f0        0     1                 .LFB55
    12c0 200013f0        0     1                 .LFE54
    12c0 200013f0       74     1                 analog_write_reg8
    12c2 200013f2        0     1                 .L0 
    12c4 200013f4        0     1                 .L0 
    12d2 20001402        0     1                 .L0 
    12dc 2000140c        0     1                 .L0 
    12ec 2000141c        0     1                 .L0 
    12fc 2000142c        0     1                 .L0 
    130c 2000143c        0     1                 .L0 
    1314 20001444        0     1                 .L0 
    1320 20001450        0     1                 .L0 
    132a 2000145a        0     1                 .L0 
    132e 2000145e        0     1                 .L0 
    1330 20001460        0     1                 .L0 
    1334 20001464        0     1                 .L0 
    1334 20001464        0     1                 .L0 
    1334 20001464        0     1                 .L0 
    1334 20001464        0     1                 .LFB57
    1334 20001464        0     1                 .LFE55
    1334 20001464       70     1                 analog_read_reg16
    1336 20001466        0     1                 .L0 
    1338 20001468        0     1                 .L0 
    133e 2000146e        0     1                 .L0 
    1348 20001478        0     1                 .L0 
    1356 20001486        0     1                 .L0 
    1366 20001496        0     1                 .L0 
    1376 200014a6        0     1                 .L0 
    137e 200014ae        0     1                 .L0 
    138e 200014be        0     1                 .L0 
    1398 200014c8        0     1                 .L0 
    139c 200014cc        0     1                 .L0 
    13a0 200014d0        0     1                 .L0 
    13a2 200014d2        0     1                 .L0 
    13a4 200014d4        0     1                 .L0 
    13a4 200014d4        0     1                 .L0 
    13a4 200014d4        0     1                 .L0 
    13a4 200014d4        0     1                 .LFB56
    13a4 200014d4        0     1                 .LFE57
    13a4 200014d4       68     1                 analog_write_reg16
    13a6 200014d6        0     1                 .L0 
    13a8 200014d8        0     1                 .L0 
    13b6 200014e6        0     1                 .L0 
    13c0 200014f0        0     1                 .L0 
    13d0 20001500        0     1                 .L0 
    13e0 20001510        0     1                 .L0 
    13f0 20001520        0     1                 .L0 
    13f8 20001528        0     1                 .L0 
    1402 20001532        0     1                 .L0 
    1406 20001536        0     1                 .L0 
    1408 20001538        0     1                 .L0 
    140c 2000153c        0     1                 .L0 
    140c 2000153c        0     1                 .L0 
    140c 2000153c        0     1                 .L0 
    140c 2000153c        0     1                 .LFB58
    140c 2000153c        0     1                 .LFE56
    140c 2000153c       6c     1                 analog_read_reg32
    140e 2000153e        0     1                 .L0 
    1410 20001540        0     1                 .L0 
    1416 20001546        0     1                 .L0 
    1420 20001550        0     1                 .L0 
    142e 2000155e        0     1                 .L0 
    143e 2000156e        0     1                 .L0 
    144e 2000157e        0     1                 .L0 
    1456 20001586        0     1                 .L0 
    1462 20001592        0     1                 .L0 
    146c 2000159c        0     1                 .L0 
    146e 2000159e        0     1                 .L0 
    1472 200015a2        0     1                 .L0 
    1474 200015a4        0     1                 .L0 
    1478 200015a8        0     1                 .L0 
    1478 200015a8        0     1                 .L0 
    1478 200015a8        0     1                 .L0 
    1478 200015a8        0     1                 .LFB59
    1478 200015a8        0     1                 .LFE58
    1478 200015a8       5c     1                 analog_write_reg32
    147a 200015aa        0     1                 .L0 
    147c 200015ac        0     1                 .L0 
    1484 200015b4        0     1                 .L0 
    148e 200015be        0     1                 .L0 
    149e 200015ce        0     1                 .L0 
    14aa 200015da        0     1                 .L0 
    14ba 200015ea        0     1                 .L0 
    14c2 200015f2        0     1                 .L0 
    14cc 200015fc        0     1                 .L0 
    14d0 20001600        0     1                 .L0 
    14d2 20001602        0     1                 .L0 
    14d4 20001604        0     1                 .L0 
    14d4 20001604        0     1                 .L0 
    14d4 20001604        0     1                 .L0 
    14d4 20001604        0     1                 .LFB63
    14d4 20001604        0     1                 .LFE59
    14d4 20001604      160     1                 analog_read_buff
    14d6 20001606        0     1                 .L0 
    14d8 20001608        0     1                 .L0 
    14e2 20001612        0     1                 .L0 
    14ec 2000161c        0     1                 .L0 
    14f0 20001620        0     1                 .L0 
    14f6 20001626        0     1                 .L0 
    1508 20001638        0     1                 .L0 
    1518 20001648        0     1                 .L0 
    1528 20001658        0     1                 .L0 
    1532 20001662        0     1                 .L0 
    1534 20001664        0     1                 .L0 
    1534 20001664        0     1                 .L30
    1548 20001678        0     1                 .L0 
    154c 2000167c        0     1                 .L0 
    154c 2000167c        0     1                 .L34
    1582 200016b2        0     1                 .L0 
    158c 200016bc        0     1                 .L0 
    1590 200016c0        0     1                 .L0 
    159a 200016ca        0     1                 .L0 
    159c 200016cc        0     1                 .L0 
    159c 200016cc        0     1                 .L33
    15b0 200016e0        0     1                 .L0 
    15b0 200016e0        0     1                 .L31
    15c0 200016f0        0     1                 .L0 
    15c0 200016f0        0     1                 .L37
    15c4 200016f4        0     1                 .L0 
    15c4 200016f4        0     1                 .L29
    15cc 200016fc        0     1                 .L0 
    15d0 20001700        0     1                 .L0 
    15d0 20001700        0     1                 .L36
    1608 20001738        0     1                 .L0 
    1608 20001738        0     1                 .L35
    1616 20001746        0     1                 .L0 
    1622 20001752        0     1                 .L0 
    162c 2000175c        0     1                 .L0 
    1630 20001760        0     1                 .L0 
    1632 20001762        0     1                 .L0 
    1634 20001764        0     1                 .L0 
    1634 20001764        0     1                 .L0 
    1634 20001764        0     1                 .L0 
    1634 20001764        0     1                 .LFB62
    1634 20001764        0     1                 .LFE63
    1634 20001764      192     1                 analog_write_buff
    1636 20001766        0     1                 .L0 
    1638 20001768        0     1                 .L0 
    1642 20001772        0     1                 .L0 
    1646 20001776        0     1                 .L0 
    164c 2000177c        0     1                 .L0 
    1656 20001786        0     1                 .L0 
    1668 20001798        0     1                 .L0 
    1678 200017a8        0     1                 .L0 
    1682 200017b2        0     1                 .L0 
    1684 200017b4        0     1                 .L0 
    1684 200017b4        0     1                 .L41
    16b4 200017e4        0     1                 .L0 
    16b4 200017e4        0     1                 .L40
    16c2 200017f2        0     1                 .L0 
    16d4 20001804        0     1                 .L0 
    16d4 20001804        0     1                 .L39
    16da 2000180a        0     1                 .L0 
    16dc 2000180c        0     1                 .L0 
    16dc 2000180c        0     1                 .L44
    170c 2000183c        0     1                 .L0 
    170c 2000183c        0     1                 .L43
    171a 2000184a        0     1                 .L0 
    172a 2000185a        0     1                 .L0 
    1736 20001866        0     1                 .L0 
    173a 2000186a        0     1                 .L0 
    173c 2000186c        0     1                 .L0 
    173c 2000186c        0     1                 .L47
    176c 2000189c        0     1                 .L0 
    1776 200018a6        0     1                 .L0 
    177a 200018aa        0     1                 .L0 
    177c 200018ac        0     1                 .L0 
    177c 200018ac        0     1                 .L46
    1790 200018c0        0     1                 .L0 
    1790 200018c0        0     1                 .L45
    17a0 200018d0        0     1                 .L0 
    17a0 200018d0        0     1                 .L42
    17a8 200018d8        0     1                 .L0 
    17b4 200018e4        0     1                 .L0 
    17be 200018ee        0     1                 .L0 
    17c2 200018f2        0     1                 .L0 
    17c4 200018f4        0     1                 .L0 
    17c6 200018f6        0     1                 .L0 
    17c6 200018f6        0     1                 .L0 
    17c6 200018f6        0     1                 .LFE62
    17c8 200018f8      19e     4         ./drivers/audio.o:(.ram_code)
    17c8 200018f8        0     1                 .L0 
    17c8 200018f8        0     1                 .L0 
    17c8 200018f8        0     1                 .LFB187
    17c8 200018f8      168     1                 audio_set_i2s_clock
    17ca 200018fa        0     1                 .L0 
    17cc 200018fc        0     1                 .L0 
    17e2 20001912        0     1                 .L0 
    17f0 20001920        0     1                 .L0 
    17f2 20001922        0     1                 .L0 
    1810 20001940        0     1                 .L0 
    1814 20001944        0     1                 .L0 
    1814 20001944        0     1                 .L45
    182c 2000195c        0     1                 .L0 
    1830 20001960        0     1                 .L0 
    1830 20001960        0     1                 .L48
    1836 20001966        0     1                 .L0 
    1838 20001968        0     1                 .L0 
    1838 20001968        0     1                 .L46
    183e 2000196e        0     1                 .L0 
    1840 20001970        0     1                 .L0 
    1840 20001970        0     1                 .L47
    1846 20001976        0     1                 .L0 
    1848 20001978        0     1                 .L0 
    1848 20001978        0     1                 .L44
    184e 2000197e        0     1                 .L0 
    1850 20001980        0     1                 .L0 
    1850 20001980        0     1                 .L51
    1856 20001986        0     1                 .L0 
    1858 20001988        0     1                 .L0 
    1858 20001988        0     1                 .L52
    185e 2000198e        0     1                 .L0 
    1860 20001990        0     1                 .L0 
    1860 20001990        0     1                 .L49
    1866 20001996        0     1                 .L0 
    1876 200019a6        0     1                 .L0 
    1878 200019a8        0     1                 .L0 
    1878 200019a8        0     1                 .L55
    1890 200019c0        0     1                 .L0 
    1890 200019c0        0     1                 .L54
    18a2 200019d2        0     1                 .L0 
    18a4 200019d4        0     1                 .L0 
    18a4 200019d4        0     1                 .L50
    18aa 200019da        0     1                 .L0 
    18ba 200019ea        0     1                 .L0 
    18bc 200019ec        0     1                 .L0 
    18bc 200019ec        0     1                 .L57
    18d4 20001a04        0     1                 .L0 
    18d4 20001a04        0     1                 .L56
    18e6 20001a16        0     1                 .L0 
    18e8 20001a18        0     1                 .L0 
    18e8 20001a18        0     1                 .L53
    1900 20001a30        0     1                 .L0 
    1910 20001a40        0     1                 .L0 
    1928 20001a58        0     1                 .L0 
    192c 20001a5c        0     1                 .L0 
    192e 20001a5e        0     1                 .L0 
    1930 20001a60        0     1                 .L0 
    1930 20001a60        0     1                 .L0 
    1930 20001a60        0     1                 .L0 
    1930 20001a60        0     1                 .LFB195
    1930 20001a60        0     1                 .LFE187
    1930 20001a60       34     1                 audio_change_sample_rate
[...]
    7489     7489        0     1                 .Ldebug_macro31
    7499     7499      19c     1         ./drivers/s7816.o:(.debug_macro)
    7499     7499        0     1                 .Ldebug_macro0
    7635     7635      166     1         ./drivers/spi.o:(.debug_macro)
    7635     7635        0     1                 .Ldebug_macro0
    779b     779b       54     1         ./drivers/stimer.o:(.debug_macro)
    779b     779b        0     1                 .Ldebug_macro0
    77ef     77ef      166     1         ./drivers/timer.o:(.debug_macro)
    77ef     77ef        0     1                 .Ldebug_macro0
    7955     7955      17b     1         ./drivers/uart.o:(.debug_macro)
    7955     7955        0     1                 .Ldebug_macro0
    7ad0     7ad0      160     1         ./drivers/usbhw.o:(.debug_macro)
    7ad0     7ad0        0     1                 .Ldebug_macro0
    7c30     7c30      3f4     1         ./common/usb_dbg/myudb_usb.o:(.debug_macro)
    7c30     7c30        0     1                 .Ldebug_macro0
    8024     8024      1b6     1         ./common/usb_dbg/myudb_usb.o:(.debug_macro)
    8024     8024        0     1                 .Ldebug_macro4
    81da     81da      17e     1         ./common/usb_dbg/myudb_usb.o:(.debug_macro)
    81da     81da        0     1                 .Ldebug_macro5
    8358     8358       88     1         ./common/usb_dbg/myudb_usb.o:(.debug_macro)
    8358     8358        0     1                 .Ldebug_macro6
    83e0     83e0       28     1         ./common/usb_dbg/myudb_usb.o:(.debug_macro)
    83e0     83e0        0     1                 .Ldebug_macro42
    8408     8408      134     1         ./common/usb_dbg/myudb_usb.o:(.debug_macro)
    8408     8408        0     1                 .Ldebug_macro59
    853c     853c      3cc     1         ./common/usb_dbg/myudb_usbdesc.o:(.debug_macro)
    853c     853c        0     1                 .Ldebug_macro0
    8908     8908      2a2     1         ./common/bt_debug/dbgport.o:(.debug_macro)
    8908     8908        0     1                 .Ldebug_macro0
    8baa     8baa       16     1         ./common/bt_debug/dbgport.o:(.debug_macro)
    8baa     8baa        0     1                 .Ldebug_macro53
    8bc0     8bc0       16     1         ./common/bt_debug/dbgport.o:(.debug_macro)
    8bc0     8bc0        0     1                 .Ldebug_macro54
    8bd6     8bd6       1a     1         ./common/sdk_version.o:(.debug_macro)
    8bd6     8bd6        0     1                 .Ldebug_macro0
    8bf0     8bf0      436     1         ./Debug_Demo/app.o:(.debug_macro)
    8bf0     8bf0        0     1                 .Ldebug_macro0
    9026     9026       6a     1         ./Debug_Demo/app.o:(.debug_macro)
    9026     9026        0     1                 .Ldebug_macro58
    9090     9090      436     1         ./Debug_Demo/main.o:(.debug_macro)
    9090     9090        0     1                 .Ldebug_macro0
       0        0    180b4     1 .debug_line
       0        0      dec     1         ./vendor/common/flash/puya_common.o:(.debug_line)
       0        0        0     1                 .Ldebug_line0
     dec      dec      db6     1         ./vendor/common/flash/puya_flash_scratch.o:(.debug_line)
     dec      dec        0     1                 .Ldebug_line0
    1ba2     1ba2      c7a     1         ./vendor/common/flash/puya_flash_trim.o:(.debug_line)
    1ba2     1ba2        0     1                 .Ldebug_line0
    281c     281c      a84     1         ./vendor/common/calibration/calibration.o:(.debug_line)
    281c     281c        0     1                 .Ldebug_line0
    32a0     32a0      bfd     1         ./vendor/common/auto_test/pc_interface.o:(.debug_line)
    32a0     32a0        0     1                 .Ldebug_line0
    3e9d     3e9d      93c     1         ./vendor/common/common.o:(.debug_line)
    3e9d     3e9d        0     1                 .Ldebug_line0
    47d9     47d9      9ef     1         ./vendor/common/exception.o:(.debug_line)
    47d9     47d9        0     1                 .Ldebug_line0
    51c8     51c8      61d     1         ./vendor/common/printf.o:(.debug_line)
    51c8     51c8        0     1                 .Ldebug_line0
    57e5     57e5      235     1         ./drivers/flash/flash_mid146085.o:(.debug_line)
    57e5     57e5        0     1                 .Ldebug_line0
    5a1a     5a1a      270     1         ./drivers/flash/flash_mid156085.o:(.debug_line)
    5a1a     5a1a        0     1                 .Ldebug_line0
    5c8a     5c8a      270     1         ./drivers/flash/flash_mid166085.o:(.debug_line)
    5c8a     5c8a        0     1                 .Ldebug_line0
    5efa     5efa      c5f     1         ./drivers/adc.o:(.debug_line)
    5efa     5efa        0     1                 .Ldebug_line0
    6b59     6b59      62a     1         ./drivers/aes.o:(.debug_line)
    6b59     6b59        0     1                 .Ldebug_line0
    7183     7183      9f4     1         ./drivers/analog.o:(.debug_line)
    7183     7183        0     1                 .Ldebug_line0
    7b77     7b77     177c     1         ./drivers/audio.o:(.debug_line)
    7b77     7b77        0     1                 .Ldebug_line0
    92f3     92f3      829     1         ./drivers/clock.o:(.debug_line)
    92f3     92f3        0     1                 .Ldebug_line0
    9b1c     9b1c      db0     1         ./drivers/emi.o:(.debug_line)
    9b1c     9b1c        0     1                 .Ldebug_line0
    a8cc     a8cc      d84     1         ./drivers/flash.o:(.debug_line)
    a8cc     a8cc        0     1                 .Ldebug_line0
    b650     b650      9b2     1         ./drivers/gpio.o:(.debug_line)
    b650     b650        0     1                 .Ldebug_line0
    c002     c002      b2b     1         ./drivers/i2c.o:(.debug_line)
    c002     c002        0     1                 .Ldebug_line0
    cb2d     cb2d      230     1         ./drivers/lpc.o:(.debug_line)
    cb2d     cb2d        0     1                 .Ldebug_line0
    cd5d     cd5d      277     1         ./drivers/mdec.o:(.debug_line)
    cd5d     cd5d        0     1                 .Ldebug_line0
    cfd4     cfd4      415     1         ./drivers/plmt.o:(.debug_line)
    cfd4     cfd4        0     1                 .Ldebug_line0
    d3e9     d3e9      806     1         ./drivers/pwm.o:(.debug_line)
    d3e9     d3e9        0     1                 .Ldebug_line0
    dbef     dbef      7e4     1         ./drivers/s7816.o:(.debug_line)
    dbef     dbef        0     1                 .Ldebug_line0
    e3d3     e3d3     18aa     1         ./drivers/spi.o:(.debug_line)
    e3d3     e3d3        0     1                 .Ldebug_line0
    fc7d     fc7d      1c4     1         ./drivers/stimer.o:(.debug_line)
    fc7d     fc7d        0     1                 .Ldebug_line0
    fe41     fe41      603     1         ./drivers/timer.o:(.debug_line)
    fe41     fe41        0     1                 .Ldebug_line0
   10444    10444      f92     1         ./drivers/uart.o:(.debug_line)
   10444    10444        0     1                 .Ldebug_line0
   113d6    113d6      501     1         ./drivers/usbhw.o:(.debug_line)
   113d6    113d6        0     1                 .Ldebug_line0
   118d7    118d7     13ff     1         ./common/usb_dbg/myudb_usb.o:(.debug_line)
   118d7    118d7        0     1                 .Ldebug_line0
   12cd6    12cd6      913     1         ./common/usb_dbg/myudb_usbdesc.o:(.debug_line)
   12cd6    12cd6        0     1                 .Ldebug_line0
   135e9    135e9      993     1         ./common/bt_debug/dbgport.o:(.debug_line)
   135e9    135e9        0     1                 .Ldebug_line0
   13f7c    13f7c       49     1         ./common/sdk_version.o:(.debug_line)
   13f7c    13f7c        0     1                 .Ldebug_line0
   13fc5    13fc5      425     1         ./boot/cstartup_flash.o:(.debug_line)
   143ea    143ea      b2b     1         ./Debug_Demo/app.o:(.debug_line)
   143ea    143ea        0     1                 .Ldebug_line0
   14f15    14f15      9fb     1         ./Debug_Demo/main.o:(.debug_line)
   14f15    14f15        0     1                 .Ldebug_line0
   15910    15910      538     1         /cygdrive/c/TelinkIoTStudio/RDS/V3.2.3/toolchains/nds32le-elf-mculib-v5f/bin/../lib/gcc/riscv32-elf/7.4.0/libgcc.a(_udivdi3.o):(.debug_line)
   15910    15910        0     1                 .Ldebug_line0
   15e48    15e48      368     1         /cygdrive/c/TelinkIoTStudio/RDS/V3.2.3/toolchains/nds32le-elf-mculib-v5f/bin/../lib/gcc/riscv32-elf/7.4.0/libgcc.a(_clz.o):(.debug_line)
   15e48    15e48        0     1                 .Ldebug_line0
   161b0    161b0      1c7     1         /cygdrive/c/TelinkIoTStudio/RDS/V3.2.3/toolchains/nds32le-elf-mculib-v5f/bin/../lib/gcc/riscv32-elf/7.4.0/libgcc.a(save-restore.o):(.debug_line)
   16377    16377      3c7     1         /cygdrive/c/TelinkIoTStudio/RDS/V3.2.3/toolchains/nds32le-elf-mculib-v5f/bin/../lib/gcc/riscv32-elf/7.4.0/libgcc.a(_ashldi3.o):(.debug_line)
   16377    16377        0     1                 .Ldebug_line0
   1673e    1673e      3c7     1         /cygdrive/c/TelinkIoTStudio/RDS/V3.2.3/toolchains/nds32le-elf-mculib-v5f/bin/../lib/gcc/riscv32-elf/7.4.0/libgcc.a(_lshrdi3.o):(.debug_line)
   1673e    1673e        0     1                 .Ldebug_line0
   16b05    16b05     15af     1         /cygdrive/c/Users/SWAMIN~1/AppData/Local/Temp/ccKdbC8c.ltrans0.ltrans.o:(.debug_line)
   16b05    16b05        0     1                 .Ldebug_line0
       0        0    28681     1 .debug_str
       0        0    28681     1         ./vendor/common/flash/puya_common.o:(.debug_str)
       0        0       75     1 .comment
       0        0       75     1         ./vendor/common/flash/puya_common.o:(.comment)
       0        0     4a30     4 .debug_frame
       0        0      2f8     4         ./vendor/common/flash/puya_common.o:(.debug_frame)
       0        0        0     1                 .L0 
     2f8      2f8      2a4     4         ./vendor/common/flash/puya_flash_scratch.o:(.debug_frame)
     2f8      2f8        0     1                 .L0 
     59c      59c      208     4         ./vendor/common/flash/puya_flash_trim.o:(.debug_frame)
     59c      59c        0     1                 .L0 
     7a4      7a4       9c     4         ./vendor/common/calibration/calibration.o:(.debug_frame)
     7a4      7a4        0     1                 .L0 
     840      840      128     4         ./vendor/common/auto_test/pc_interface.o:(.debug_frame)
     840      840        0     1                 .L0 
     968      968       5c     4         ./vendor/common/common.o:(.debug_frame)
     968      968        0     1                 .L0 
     9c4      9c4      16c     4         ./vendor/common/exception.o:(.debug_frame)
     9c4      9c4        0     1                 .L0 
     b30      b30       58     4         ./vendor/common/printf.o:(.debug_frame)
     b30      b30        0     1                 .L0 
     b88      b88      10c     4         ./drivers/flash/flash_mid146085.o:(.debug_frame)
     b88      b88        0     1                 .L0 
     c94      c94      128     4         ./drivers/flash/flash_mid156085.o:(.debug_frame)
     c94      c94        0     1                 .L0 
     dbc      dbc      128     4         ./drivers/flash/flash_mid166085.o:(.debug_frame)
     dbc      dbc        0     1                 .L0 
     ee4      ee4      510     4         ./drivers/adc.o:(.debug_frame)
     ee4      ee4        0     1                 .L0 
    13f4     13f4       f0     4         ./drivers/aes.o:(.debug_frame)
    13f4     13f4        0     1                 .L0 
    14e4     14e4      258     4         ./drivers/analog.o:(.debug_frame)
    14e4     14e4        0     1                 .L0 
    173c     173c      788     4         ./drivers/audio.o:(.debug_frame)
    173c     173c        0     1                 .L0 
    1ec4     1ec4      17c     4         ./drivers/clock.o:(.debug_frame)
    1ec4     1ec4        0     1                 .L0 
    2040     2040      268     4         ./drivers/emi.o:(.debug_frame)
    2040     2040        0     1                 .L0 
    22a8     22a8      438     4         ./drivers/flash.o:(.debug_frame)
    22a8     22a8        0     1                 .L0 
    26e0     26e0      1f8     4         ./drivers/gpio.o:(.debug_frame)
    26e0     26e0        0     1                 .L0 
    28d8     28d8      2e4     4         ./drivers/i2c.o:(.debug_frame)
    28d8     28d8        0     1                 .L0 
    2bbc     2bbc       2c     4         ./drivers/lpc.o:(.debug_frame)
    2bbc     2bbc        0     1                 .L0 
    2be8     2be8       50     4         ./drivers/mdec.o:(.debug_frame)
    2be8     2be8        0     1                 .L0 
    2c38     2c38       d0     4         ./drivers/plmt.o:(.debug_frame)
    2c38     2c38        0     1                 .L0 
    2d08     2d08      1a4     4         ./drivers/pwm.o:(.debug_frame)
    2d08     2d08        0     1                 .L0 
    2eac     2eac      1fc     4         ./drivers/s7816.o:(.debug_frame)
    2eac     2eac        0     1                 .L0 
    30a8     30a8      8e8     4         ./drivers/spi.o:(.debug_frame)
    30a8     30a8        0     1                 .L0 
    3990     3990       74     4         ./drivers/stimer.o:(.debug_frame)
    3990     3990        0     1                 .L0 
    3a04     3a04      108     4         ./drivers/timer.o:(.debug_frame)
    3a04     3a04        0     1                 .L0 
    3b0c     3b0c      3a0     4         ./drivers/uart.o:(.debug_frame)
    3b0c     3b0c        0     1                 .L0 
    3eac     3eac       e8     4         ./drivers/usbhw.o:(.debug_frame)
    3eac     3eac        0     1                 .L0 
    3f94     3f94      3b4     4         ./common/usb_dbg/myudb_usb.o:(.debug_frame)
    3f94     3f94        0     1                 .L0 
    4348     4348       a0     4         ./common/usb_dbg/myudb_usbdesc.o:(.debug_frame)
    4348     4348        0     1                 .L0 
    43e8     43e8      18c     4         ./common/bt_debug/dbgport.o:(.debug_frame)
    43e8     43e8        0     1                 .L0 
    4574     4574      104     4         ./Debug_Demo/app.o:(.debug_frame)
    4574     4574        0     1                 .L0 
    4678     4678       74     4         ./Debug_Demo/main.o:(.debug_frame)
    4678     4678        0     1                 .L0 
    46ec     46ec       20     4         /cygdrive/c/TelinkIoTStudio/RDS/V3.2.3/toolchains/nds32le-elf-mculib-v5f/bin/../lib/gcc/riscv32-elf/7.4.0/libgcc.a(_ashldi3.o):(.debug_frame)
    46ec     46ec        0     1                 .L0 
    470c     470c       20     4         /cygdrive/c/TelinkIoTStudio/RDS/V3.2.3/toolchains/nds32le-elf-mculib-v5f/bin/../lib/gcc/riscv32-elf/7.4.0/libgcc.a(_lshrdi3.o):(.debug_frame)
    470c     470c        0     1                 .L0 
    472c     472c      304     4         /cygdrive/c/Users/SWAMIN~1/AppData/Local/Temp/ccKdbC8c.ltrans0.ltrans.o:(.debug_frame)
    472c     472c        0     1                 .L0 
       0        0     1370     1 .debug_loc
       0        0     11a8     1         /cygdrive/c/TelinkIoTStudio/RDS/V3.2.3/toolchains/nds32le-elf-mculib-v5f/bin/../lib/gcc/riscv32-elf/7.4.0/libgcc.a(_udivdi3.o):(.debug_loc)
       0        0        0     1                 .LLST0
     128      128        0     1                 .LLST1
     1f0      1f0        0     1                 .LLST2
     258      258        0     1                 .LLST3
     300      300        0     1                 .LLST4
     3e8      3e8        0     1                 .LLST5
     4f6      4f6        0     1                 .LLST6
     582      582        0     1                 .LLST7
     63e      63e        0     1                 .LLST8
     70c      70c        0     1                 .LLST9
     72a      72a        0     1                 .LLST10
     78f      78f        0     1                 .LLST11
     7c1      7c1        0     1                 .LLST12
     7df      7df        0     1                 .LLST13
     860      860        0     1                 .LLST14
     8ba      8ba        0     1                 .LLST15
     8cd      8cd        0     1                 .LLST16
     8f6      8f6        0     1                 .LLST17
     936      936        0     1                 .LLST18
     980      980        0     1                 .LLST19
     9b4      9b4        0     1                 .LLST20
     a08      a08        0     1                 .LLST21
     a26      a26        0     1                 .LLST22
     a5a      a5a        0     1                 .LLST23
     a99      a99        0     1                 .LLST24
     ac2      ac2        0     1                 .LLST25
     b3d      b3d        0     1                 .LLST26
     b5b      b5b        0     1                 .LLST27
     b90      b90        0     1                 .LLST28
     bcb      bcb        0     1                 .LLST29
     c15      c15        0     1                 .LLST30
     c49      c49        0     1                 .LLST31
     c8f      c8f        0     1                 .LLST32
     cad      cad        0     1                 .LLST33
     ce1      ce1        0     1                 .LLST34
     cff      cff        0     1                 .LLST35
     d3b      d3b        0     1                 .LLST36
     d68      d68        0     1                 .LLST37
     d97      d97        0     1                 .LLST38
     de1      de1        0     1                 .LLST39
     e20      e20        0     1                 .LLST40
     e66      e66        0     1                 .LLST41
     eb5      eb5        0     1                 .LLST42
     ef4      ef4        0     1                 .LLST43
     f12      f12        0     1                 .LLST44
     f4b      f4b        0     1                 .LLST45
     f69      f69        0     1                 .LLST46
     f7c      f7c        0     1                 .LLST47
     fcf      fcf        0     1                 .LLST48
     fe2      fe2        0     1                 .LLST49
    1013     1013        0     1                 .LLST50
    1026     1026        0     1                 .LLST51
    1044     1044        0     1                 .LLST52
    1062     1062        0     1                 .LLST53
    10a1     10a1        0     1                 .LLST54
    10d5     10d5        0     1                 .LLST55
    112e     112e        0     1                 .LLST56
    1174     1174        0     1                 .LLST57
    11a8     11a8       e4     1         /cygdrive/c/TelinkIoTStudio/RDS/V3.2.3/toolchains/nds32le-elf-mculib-v5f/bin/../lib/gcc/riscv32-elf/7.4.0/libgcc.a(_ashldi3.o):(.debug_loc)
    11a8     11a8        0     1                 .LLST0
    11f0     11f0        0     1                 .LLST1
    122a     122a        0     1                 .LLST2
    1269     1269        0     1                 .LLST3
    128c     128c       e4     1         /cygdrive/c/TelinkIoTStudio/RDS/V3.2.3/toolchains/nds32le-elf-mculib-v5f/bin/../lib/gcc/riscv32-elf/7.4.0/libgcc.a(_lshrdi3.o):(.debug_loc)
    128c     128c        0     1                 .LLST0
    12d4     12d4        0     1                 .LLST1
    130e     130e        0     1                 .LLST2
    134d     134d        0     1                 .LLST3
       0        0     1ea0     4 .symtab
       0        0     1ea0     4         <internal>:(.symtab)
       0        0      138     1 .shstrtab
       0        0      138     1         <internal>:(.shstrtab)
       0        0     1bc1     1 .strtab
       0        0     1bc1     1         <internal>:(.strtab)
       0        0       39     1 .riscv.attributes
       0        0       39     1         <internal>:(.riscv.attributes)
