Archive member included to satisfy reference by file (symbol)

C:\Users\SwaminathanK\Downloads\ANDE\toolchains\nds32le-elf-mculib-v5f\riscv32-elf\lib\mext-dsp\mno-fma/libdsp.a(riscv_dsp_cfft_q15.o)
                              ./Debug_Demo/main.o (symbol from plugin) (riscv_dsp_cfft_q15)
C:\Users\SwaminathanK\Downloads\ANDE\toolchains\nds32le-elf-mculib-v5f\riscv32-elf\lib\mext-dsp\mno-fma/libdsp.a(riscv_dsp_cfft_rd2_q15.o)
                              C:\Users\SwaminathanK\Downloads\ANDE\toolchains\nds32le-elf-mculib-v5f\riscv32-elf\lib\mext-dsp\mno-fma/libdsp.a(riscv_dsp_cfft_q15.o) (riscv_dsp_cfft_rd2_q15)
C:\Users\SwaminathanK\Downloads\ANDE\toolchains\nds32le-elf-mculib-v5f\riscv32-elf\lib\mext-dsp\mno-fma/libdsp.a(riscv_dsp_cfft_rd4_q15.o)
                              C:\Users\SwaminathanK\Downloads\ANDE\toolchains\nds32le-elf-mculib-v5f\riscv32-elf\lib\mext-dsp\mno-fma/libdsp.a(riscv_dsp_cfft_q15.o) (riscv_dsp_cfft_rd4_q15)
C:\Users\SwaminathanK\Downloads\ANDE\toolchains\nds32le-elf-mculib-v5f\riscv32-elf\lib\mext-dsp\mno-fma/libdsp.a(riscv_dsp_cmag_q15.o)
                              ./Debug_Demo/main.o (symbol from plugin) (riscv_dsp_cmag_q15)
C:\Users\SwaminathanK\Downloads\ANDE\toolchains\nds32le-elf-mculib-v5f\riscv32-elf\lib\mext-dsp\mno-fma/libdsp.a(riscv_dsp_cos_table_q15_1024.o)
                              C:\Users\SwaminathanK\Downloads\ANDE\toolchains\nds32le-elf-mculib-v5f\riscv32-elf\lib\mext-dsp\mno-fma/libdsp.a(riscv_dsp_cfft_rd2_q15.o) (riscv_dsp_cos_table_q15_1024)
C:\Users\SwaminathanK\Downloads\ANDE\toolchains\nds32le-elf-mculib-v5f\riscv32-elf\lib\mext-dsp\mno-fma/libdsp.a(riscv_dsp_sqrt_q15.o)
                              C:\Users\SwaminathanK\Downloads\ANDE\toolchains\nds32le-elf-mculib-v5f\riscv32-elf\lib\mext-dsp\mno-fma/libdsp.a(riscv_dsp_cmag_q15.o) (riscv_dsp_sqrt_q15)
C:\Users\SwaminathanK\AndeSight3\workspace\DSP_cfft_q15_benchmark_N\drivers\lib/libdriver.a(pm.o)
                              ./boot/cstartup_flash.o (g_pm_mspi_cfg)
C:\Users\SwaminathanK\AndeSight3\workspace\DSP_cfft_q15_benchmark_N\drivers\lib/libdriver.a(rf.o)
                              ./drivers/emi.o (symbol from plugin) (rf_set_chn)
C:\Users\SwaminathanK\AndeSight3\workspace\DSP_cfft_q15_benchmark_N\drivers\lib/libdriver.a(sys.o)
                              ./vendor/common/common.o (symbol from plugin) (sys_init)
C:\Users\SwaminathanK\AndeSight3\workspace\DSP_cfft_q15_benchmark_N\drivers\lib/libdriver.a(plic.o)
                              ./drivers/flash.o (symbol from plugin) (plic_enter_critical_sec)
C:\Users\SwaminathanK\Downloads\ANDE\toolchains\nds32le-elf-mculib-v5f\riscv32-elf\lib\mext-dsp\mno-fma/libm.a(lib_a-log.o)
                              /cygdrive/c/Users/SWAMIN~1/AppData/Local/Temp/cc4eZDb3.ltrans0.ltrans.o (log)
C:\Users\SwaminathanK\Downloads\ANDE\toolchains\nds32le-elf-mculib-v5f\riscv32-elf\lib\mext-dsp\mno-fma/libm.a(lib_a-log_data.o)
                              C:\Users\SwaminathanK\Downloads\ANDE\toolchains\nds32le-elf-mculib-v5f\riscv32-elf\lib\mext-dsp\mno-fma/libm.a(lib_a-log.o) (__log_data)
C:\Users\SwaminathanK\Downloads\ANDE\toolchains\nds32le-elf-mculib-v5f\riscv32-elf\lib\mext-dsp\mno-fma/libm.a(lib_a-math_err.o)
                              C:\Users\SwaminathanK\Downloads\ANDE\toolchains\nds32le-elf-mculib-v5f\riscv32-elf\lib\mext-dsp\mno-fma/libm.a(lib_a-log.o) (__math_divzero)
C:\Users\SwaminathanK\Downloads\ANDE\toolchains\nds32le-elf-mculib-v5f\riscv32-elf\lib\mext-dsp\mno-fma/libm.a(lib_a-sinf.o)
                              /cygdrive/c/Users/SWAMIN~1/AppData/Local/Temp/cc4eZDb3.ltrans0.ltrans.o (sinf)
C:\Users\SwaminathanK\Downloads\ANDE\toolchains\nds32le-elf-mculib-v5f\riscv32-elf\lib\mext-dsp\mno-fma/libm.a(lib_a-ref_rredf.o)
                              C:\Users\SwaminathanK\Downloads\ANDE\toolchains\nds32le-elf-mculib-v5f\riscv32-elf\lib\mext-dsp\mno-fma/libm.a(lib_a-sinf.o) (ref__mathlib_rredf2)
/cygdrive/c/TelinkIoTStudio/RDS/V3.2.3/toolchains/nds32le-elf-mculib-v5f/bin/../lib/gcc/riscv32-elf/7.4.0/mext-dsp/libgcc.a(adddf3.o)
                              C:\Users\SwaminathanK\Downloads\ANDE\toolchains\nds32le-elf-mculib-v5f\riscv32-elf\lib\mext-dsp\mno-fma/libm.a(lib_a-log.o) (__adddf3)
/cygdrive/c/TelinkIoTStudio/RDS/V3.2.3/toolchains/nds32le-elf-mculib-v5f/bin/../lib/gcc/riscv32-elf/7.4.0/mext-dsp/libgcc.a(divdf3.o)
                              /cygdrive/c/Users/SWAMIN~1/AppData/Local/Temp/cc4eZDb3.ltrans0.ltrans.o (__divdf3)
/cygdrive/c/TelinkIoTStudio/RDS/V3.2.3/toolchains/nds32le-elf-mculib-v5f/bin/../lib/gcc/riscv32-elf/7.4.0/mext-dsp/libgcc.a(eqdf2.o)
                              C:\Users\SwaminathanK\Downloads\ANDE\toolchains\nds32le-elf-mculib-v5f\riscv32-elf\lib\mext-dsp\mno-fma/libm.a(lib_a-math_err.o) (__eqdf2)
/cygdrive/c/TelinkIoTStudio/RDS/V3.2.3/toolchains/nds32le-elf-mculib-v5f/bin/../lib/gcc/riscv32-elf/7.4.0/mext-dsp/libgcc.a(ledf2.o)
[...]
Memory Configuration

Name             Origin             Length             Attributes
*default*        0x0000000000000000 0xffffffffffffffff

Linker script and memory map

LOAD /cygdrive/c/Users/SWAMIN~1/AppData/Local/Temp/cc4eZDb3.ltrans0.ltrans.o
LOAD ./boot/cstartup_flash.o
LOAD ./boot/cstartup_ram.o
LOAD C:\Users\SwaminathanK\Downloads\ANDE\toolchains\nds32le-elf-mculib-v5f\riscv32-elf\lib\mext-dsp\mno-fma/libm.a
LOAD C:\Users\SwaminathanK\Downloads\ANDE\toolchains\nds32le-elf-mculib-v5f\riscv32-elf\lib\mext-dsp\mno-fma/libdsp.a
LOAD C:\Users\SwaminathanK\AndeSight3\workspace\DSP_cfft_q15_benchmark_N\drivers\lib/libdriver.a
LOAD C:\Users\SwaminathanK\AndeSight3\workspace\DSP_cfft_q15_benchmark_N\drivers\lib/libaxon_driver_lib.a
LOAD /cygdrive/c/TelinkIoTStudio/RDS/V3.2.3/toolchains/nds32le-elf-mculib-v5f/bin/../lib/gcc/riscv32-elf/7.4.0/mext-dsp/libgcc.a
START GROUP
LOAD C:\Users\SwaminathanK\Downloads\ANDE\toolchains\nds32le-elf-mculib-v5f\riscv32-elf\lib\mext-dsp\mno-fma/libc.a
LOAD C:\Users\SwaminathanK\Downloads\ANDE\toolchains\nds32le-elf-mculib-v5f\riscv32-elf\lib\mext-dsp\mno-fma/libgloss.a
END GROUP
LOAD /cygdrive/c/TelinkIoTStudio/RDS/V3.2.3/toolchains/nds32le-elf-mculib-v5f/bin/../lib/gcc/riscv32-elf/7.4.0/mext-dsp/libgcc.a
                0x0000000020000000                NDS_SAG_LMA_FLASH = 0x20000000
                0x0000000020000000                . = 0x20000000
                0x0000000020000000                PROVIDE (BIN_BEGIN = .)

.vectors        0x0000000020000000      0x18a
 *(.vectors)
 .vectors       0x0000000020000000      0x18a ./boot/cstartup_flash.o
                0x0000000020000000                _RESET_ENTRY
                0x0000000000000000                . = 0x0

.retention_reset
                0x0000000000000000      0x154 load address 0x0000000020000190
 *(.retention_reset)
 .retention_reset
                0x0000000000000000      0x154 ./boot/cstartup_flash.o
                0x0000000000000000                _IRESET_ENTRY
                0x0000000000000000                PROVIDE (_RETENTION_RESET_VMA_START = ADDR (.retention_reset))
                0x0000000020000190                PROVIDE (_RETENTION_RESET_LMA_START = LOADADDR (.retention_reset))
                0x0000000000000154                PROVIDE (_RETENTION_RESET_VMA_END = .)
                0x0000000000000158                . = ALIGN (0x8)
                0x0000000000000158                PROVIDE (_AES_VMA_START = .)

.aes_data
 *(.aes_data)
                0x0000000000000158                PROVIDE (_AES_VMA_END = .)
                0x0000000000000158                . = ALIGN (0x8)

.retention_data
                0x0000000000000158       0x64 load address 0x00000000200002e8
 *(.retention_data)
 .retention_data
                0x0000000000000158       0x64 /cygdrive/c/Users/SWAMIN~1/AppData/Local/Temp/cc4eZDb3.ltrans0.ltrans.o
                0x0000000000000168                g_pm_mspi_cfg
                0x0000000000000158                PROVIDE (_RETENTION_DATA_VMA_START = ADDR (.retention_data))
                0x00000000200002e8                PROVIDE (_RETENTION_DATA_LMA_START = LOADADDR (.retention_data))
                0x00000000000001bc                PROVIDE (_RETENTION_DATA_VMA_END = .)
                0x00000000000001c0                . = ALIGN (0x8)

.ram_code       0x0000000000000200     0x6884 load address 0x0000000020000350
 *(.ram_code)
 .ram_code      0x0000000000000200      0xe14 /cygdrive/c/Users/SWAMIN~1/AppData/Local/Temp/cc4eZDb3.ltrans0.ltrans.o
                0x0000000000000200                trap_entry
 *fill*         0x0000000000001014       0xec 
 .ram_code      0x0000000000001100      0x102 ./boot/cstartup_flash.o
                0x0000000000001100                __vectors
 *(.text .stub .text.* .gnu.linkonce.t.*)
 *fill*         0x0000000000001202        0x2 
 .text          0x0000000000001204      0x138 /cygdrive/c/Users/SWAMIN~1/AppData/Local/Temp/cc4eZDb3.ltrans0.ltrans.o
 *fill*         0x000000000000133c        0x0 
 .text.user_calib_adc_vref
                0x000000000000133c      0x16e /cygdrive/c/Users/SWAMIN~1/AppData/Local/Temp/cc4eZDb3.ltrans0.ltrans.o
 *fill*         0x00000000000014aa        0x2 
 .text.user_calib_freq_offset
                0x00000000000014ac       0x46 /cygdrive/c/Users/SWAMIN~1/AppData/Local/Temp/cc4eZDb3.ltrans0.ltrans.o
 *fill*         0x00000000000014f2        0x2 
 .text.user_read_flash_value_calib
                0x00000000000014f4       0xd4 /cygdrive/c/Users/SWAMIN~1/AppData/Local/Temp/cc4eZDb3.ltrans0.ltrans.o
 *fill*         0x00000000000015c8        0x0 
 .text.platform_init
                0x00000000000015c8       0x1a /cygdrive/c/Users/SWAMIN~1/AppData/Local/Temp/cc4eZDb3.ltrans0.ltrans.o
 *fill*         0x00000000000015e2        0x2 
 .text.except_handler
                0x00000000000015e4       0x2c /cygdrive/c/Users/SWAMIN~1/AppData/Local/Temp/cc4eZDb3.ltrans0.ltrans.o
 .text._write   0x0000000000001610       0x20 /cygdrive/c/Users/SWAMIN~1/AppData/Local/Temp/cc4eZDb3.ltrans0.ltrans.o
                0x0000000000001610                _write
 .text.adc_set_gpio_calib_vref
                0x0000000000001630        0x2 /cygdrive/c/Users/SWAMIN~1/AppData/Local/Temp/cc4eZDb3.ltrans0.ltrans.o
 *fill*         0x0000000000001632        0x2 
 .text.adc_set_gpio_two_point_calib_offset
                0x0000000000001634        0x2 /cygdrive/c/Users/SWAMIN~1/AppData/Local/Temp/cc4eZDb3.ltrans0.ltrans.o
 *fill*         0x0000000000001636        0x2 
 .text.gpio_input_en
                0x0000000000001638       0x98 /cygdrive/c/Users/SWAMIN~1/AppData/Local/Temp/cc4eZDb3.ltrans0.ltrans.o
 .text.gpio_input_dis
                0x00000000000016d0       0xa2 /cygdrive/c/Users/SWAMIN~1/AppData/Local/Temp/cc4eZDb3.ltrans0.ltrans.o
 *fill*         0x0000000000001772        0x2 
 .text.gpio_set_up_down_res
                0x0000000000001774       0x88 /cygdrive/c/Users/SWAMIN~1/AppData/Local/Temp/cc4eZDb3.ltrans0.ltrans.o
 .text.usb_dp_pullup_en
                0x00000000000017fc       0x30 /cygdrive/c/Users/SWAMIN~1/AppData/Local/Temp/cc4eZDb3.ltrans0.ltrans.o
 .text.usb_set_pin_en
                0x000000000000182c       0x5e /cygdrive/c/Users/SWAMIN~1/AppData/Local/Temp/cc4eZDb3.ltrans0.ltrans.o
 *fill*         0x000000000000188a        0x2 
 .text.user_init
                0x000000000000188c       0xdc /cygdrive/c/Users/SWAMIN~1/AppData/Local/Temp/cc4eZDb3.ltrans0.ltrans.o
 *fill*         0x0000000000001968        0x0 
 .text.reset_cycle_count
                0x0000000000001968        0x6 /cygdrive/c/Users/SWAMIN~1/AppData/Local/Temp/cc4eZDb3.ltrans0.ltrans.o
 *fill*         0x000000000000196e        0x2 
 .text.read_cycle_count
                0x0000000000001970        0x6 /cygdrive/c/Users/SWAMIN~1/AppData/Local/Temp/cc4eZDb3.ltrans0.ltrans.o
 *fill*         0x0000000000001976        0x2 
 .text.generate_sine_wave_q15
                0x0000000000001978       0xa8 /cygdrive/c/Users/SWAMIN~1/AppData/Local/Temp/cc4eZDb3.ltrans0.ltrans.o
 .text.main     0x0000000000001a20      0x282 /cygdrive/c/Users/SWAMIN~1/AppData/Local/Temp/cc4eZDb3.ltrans0.ltrans.o
                0x0000000000001a20                main
 *fill*         0x0000000000001ca2        0x2 
 .text.pm_update_status_info
                0x0000000000001ca4       0xbe /cygdrive/c/Users/SWAMIN~1/AppData/Local/Temp/cc4eZDb3.ltrans0.ltrans.o
 *fill*         0x0000000000001d62        0x2 
 .text.unlikely.pm_update_32k_rc_sleep_tick
                0x0000000000001d64       0x50 /cygdrive/c/Users/SWAMIN~1/AppData/Local/Temp/cc4eZDb3.ltrans0.ltrans.o
 .text.unlikely.pm_get_32k_rc_calib
                0x0000000000001db4       0x48 /cygdrive/c/Users/SWAMIN~1/AppData/Local/Temp/cc4eZDb3.ltrans0.ltrans.o
 .text.rf_update_internal_cap
                0x0000000000001dfc       0x2a /cygdrive/c/Users/SWAMIN~1/AppData/Local/Temp/cc4eZDb3.ltrans0.ltrans.o
 *fill*         0x0000000000001e26        0x2 
 .text.sys_init
                0x0000000000001e28      0x1a6 /cygdrive/c/Users/SWAMIN~1/AppData/Local/Temp/cc4eZDb3.ltrans0.ltrans.o
 *fill*         0x0000000000001fce        0x2 
 .text.efuse_get_low_word
                0x0000000000001fd0       0x16 /cygdrive/c/Users/SWAMIN~1/AppData/Local/Temp/cc4eZDb3.ltrans0.ltrans.o
 *fill*         0x0000000000001fe6        0x2 
 .text.efuse_get_adc_calib_value
                0x0000000000001fe8       0x3e /cygdrive/c/Users/SWAMIN~1/AppData/Local/Temp/cc4eZDb3.ltrans0.ltrans.o
 *fill*         0x0000000000002026        0x2 
 .text          0x0000000000002028        0x6 ./boot/cstartup_flash.o
                0x0000000000002028                entry_irq25
                0x0000000000002028                entry_irq13
                0x0000000000002028                entry_irq15
                0x0000000000002028                entry_irq27
                0x0000000000002028                entry_irq60
                0x0000000000002028                entry_irq1
                0x0000000000002028                entry_irq52
                0x0000000000002028                entry_irq50
                0x0000000000002028                entry_irq62
                0x0000000000002028                entry_irq58
                0x0000000000002028                entry_irq10
                0x0000000000002028                entry_irq21
                0x0000000000002028                entry_irq48
                0x0000000000002028                entry_irq8
                0x0000000000002028                entry_irq33
                0x0000000000002028                entry_irq12
                0x0000000000002028                entry_irq14
                0x0000000000002028                entry_irq2
                0x0000000000002028                entry_irq51
                0x0000000000002028                entry_irq28
                0x0000000000002028                entry_irq43
                0x0000000000002028                entry_irq20
                0x0000000000002028                entry_irq63
                0x0000000000002028                entry_irq46
                0x0000000000002028                entry_irq31
                0x0000000000002028                entry_irq16
                0x0000000000002028                entry_irq53
                0x0000000000002028                entry_irq11
                0x0000000000002028                entry_irq5
                0x0000000000002028                entry_irq23
                0x0000000000002028                entry_irq55
                0x0000000000002028                entry_irq34
                0x0000000000002028                entry_irq36
                0x0000000000002028                entry_irq44
                0x0000000000002028                entry_irq45
                0x0000000000002028                entry_irq26
                0x0000000000002028                entry_irq41
                0x0000000000002028                entry_irq61
                0x0000000000002028                entry_irq38
                0x0000000000002028                entry_irq59
                0x0000000000002028                entry_irq6
                0x0000000000002028                default_irq_entry
                0x0000000000002028                entry_irq3
                0x0000000000002028                entry_irq39
                0x0000000000002028                entry_irq49
                0x0000000000002028                entry_irq57
                0x0000000000002028                entry_irq47
                0x0000000000002028                entry_irq4
                0x0000000000002028                entry_irq22
                0x0000000000002028                entry_irq30
                0x0000000000002028                entry_irq42
                0x0000000000002028                entry_irq24
                0x0000000000002028                entry_irq19
                0x0000000000002028                entry_irq17
                0x0000000000002028                entry_irq9
                0x0000000000002028                entry_irq56
                0x0000000000002028                entry_irq35
                0x0000000000002028                entry_irq37
                0x0000000000002028                entry_irq54
                0x0000000000002028                entry_irq40
                0x0000000000002028                entry_irq29
                0x0000000000002028                entry_irq7
                0x0000000000002028                entry_irq32
                0x0000000000002028                entry_irq18
                0x000000000000202a                trap_handler
 *fill*         0x000000000000202e        0x2 
 .text.riscv_dsp_cfft_q15
                0x0000000000002030       0x1e C:\Users\SwaminathanK\Downloads\ANDE\toolchains\nds32le-elf-mculib-v5f\riscv32-elf\lib\mext-dsp\mno-fma/libdsp.a(riscv_dsp_cfft_q15.o)
                0x0000000000002030                riscv_dsp_cfft_q15
 *fill*         0x000000000000204e        0x2 
 .text.riscv_dsp_cfft_rd2_q15
                0x0000000000002050      0x384 C:\Users\SwaminathanK\Downloads\ANDE\toolchains\nds32le-elf-mculib-v5f\riscv32-elf\lib\mext-dsp\mno-fma/libdsp.a(riscv_dsp_cfft_rd2_q15.o)
                0x0000000000002050                riscv_dsp_cfft_rd2_q15
 .text.riscv_dsp_cfft_rd4_q15
                0x00000000000023d4      0x6ec C:\Users\SwaminathanK\Downloads\ANDE\toolchains\nds32le-elf-mculib-v5f\riscv32-elf\lib\mext-dsp\mno-fma/libdsp.a(riscv_dsp_cfft_rd4_q15.o)
                0x00000000000023d4                riscv_dsp_cfft_rd4_q15
 .text.riscv_dsp_cmag_q15
                0x0000000000002ac0       0xa0 C:\Users\SwaminathanK\Downloads\ANDE\toolchains\nds32le-elf-mculib-v5f\riscv32-elf\lib\mext-dsp\mno-fma/libdsp.a(riscv_dsp_cmag_q15.o)
                0x0000000000002ac0                riscv_dsp_cmag_q15
 *fill*         0x0000000000002b60        0x0 
 .text.riscv_dsp_sqrt_q15
                0x0000000000002b60       0xac C:\Users\SwaminathanK\Downloads\ANDE\toolchains\nds32le-elf-mculib-v5f\riscv32-elf\lib\mext-dsp\mno-fma/libdsp.a(riscv_dsp_sqrt_q15.o)
                0x0000000000002b60                riscv_dsp_sqrt_q15
 .text.log      0x0000000000002c0c      0x460 C:\Users\SwaminathanK\Downloads\ANDE\toolchains\nds32le-elf-mculib-v5f\riscv32-elf\lib\mext-dsp\mno-fma/libm.a(lib_a-log.o)
                0x0000000000002c0c                log
 .text.with_errno
                0x000000000000306c        0x6 C:\Users\SwaminathanK\Downloads\ANDE\toolchains\nds32le-elf-mculib-v5f\riscv32-elf\lib\mext-dsp\mno-fma/libm.a(lib_a-math_err.o)
 .text.__math_divzero
                0x0000000000003072       0x3e C:\Users\SwaminathanK\Downloads\ANDE\toolchains\nds32le-elf-mculib-v5f\riscv32-elf\lib\mext-dsp\mno-fma/libm.a(lib_a-math_err.o)
                0x0000000000003072                __math_divzero
 .text.__math_invalid
                0x00000000000030b0       0x40 C:\Users\SwaminathanK\Downloads\ANDE\toolchains\nds32le-elf-mculib-v5f\riscv32-elf\lib\mext-dsp\mno-fma/libm.a(lib_a-math_err.o)
                0x00000000000030b0                __math_invalid
 .text.sinf     0x00000000000030f0      0x188 C:\Users\SwaminathanK\Downloads\ANDE\toolchains\nds32le-elf-mculib-v5f\riscv32-elf\lib\mext-dsp\mno-fma/libm.a(lib_a-sinf.o)
                0x00000000000030f0                sinf
 *fill*         0x0000000000003278        0x0 
 .text.ref__mathlib_rredf2
                0x0000000000003278      0x148 C:\Users\SwaminathanK\Downloads\ANDE\toolchains\nds32le-elf-mculib-v5f\riscv32-elf\lib\mext-dsp\mno-fma/libm.a(lib_a-ref_rredf.o)
                0x0000000000003278                ref__mathlib_rredf2
 .text          0x00000000000033c0      0x9e4 /cygdrive/c/TelinkIoTStudio/RDS/V3.2.3/toolchains/nds32le-elf-mculib-v5f/bin/../lib/gcc/riscv32-elf/7.4.0/mext-dsp/libgcc.a(adddf3.o)
                0x00000000000033c0                __adddf3
 .text          0x0000000000003da4      0x7ea /cygdrive/c/TelinkIoTStudio/RDS/V3.2.3/toolchains/nds32le-elf-mculib-v5f/bin/../lib/gcc/riscv32-elf/7.4.0/mext-dsp/libgcc.a(divdf3.o)
                0x0000000000003da4                __divdf3
 *fill*         0x000000000000458e        0x2 
 .text          0x0000000000004590      0x64a /cygdrive/c/TelinkIoTStudio/RDS/V3.2.3/toolchains/nds32le-elf-mculib-v5f/bin/../lib/gcc/riscv32-elf/7.4.0/mext-dsp/libgcc.a(muldf3.o)
                0x0000000000004590                __muldf3
 *fill*         0x0000000000004bda        0x2 
 .text          0x0000000000004bdc      0xa08 /cygdrive/c/TelinkIoTStudio/RDS/V3.2.3/toolchains/nds32le-elf-mculib-v5f/bin/../lib/gcc/riscv32-elf/7.4.0/mext-dsp/libgcc.a(subdf3.o)
                0x0000000000004bdc                __subdf3
 .text          0x00000000000055e4       0x6a /cygdrive/c/TelinkIoTStudio/RDS/V3.2.3/toolchains/nds32le-elf-mculib-v5f/bin/../lib/gcc/riscv32-elf/7.4.0/mext-dsp/libgcc.a(unorddf2.o)
                0x00000000000055e4                __unorddf2
 *fill*         0x000000000000564e        0x2 
 .text          0x0000000000005650       0xc8 /cygdrive/c/TelinkIoTStudio/RDS/V3.2.3/toolchains/nds32le-elf-mculib-v5f/bin/../lib/gcc/riscv32-elf/7.4.0/mext-dsp/libgcc.a(fixdfsi.o)
                0x0000000000005650                __fixdfsi
 .text          0x0000000000005718       0x7a /cygdrive/c/TelinkIoTStudio/RDS/V3.2.3/toolchains/nds32le-elf-mculib-v5f/bin/../lib/gcc/riscv32-elf/7.4.0/mext-dsp/libgcc.a(floatsidf.o)
                0x0000000000005718                __floatsidf
 *fill*         0x0000000000005792        0x2 
 .text          0x0000000000005794      0x110 /cygdrive/c/TelinkIoTStudio/RDS/V3.2.3/toolchains/nds32le-elf-mculib-v5f/bin/../lib/gcc/riscv32-elf/7.4.0/mext-dsp/libgcc.a(extendsfdf2.o)
                0x0000000000005794                __extendsfdf2
 .text          0x00000000000058a4      0x300 /cygdrive/c/TelinkIoTStudio/RDS/V3.2.3/toolchains/nds32le-elf-mculib-v5f/bin/../lib/gcc/riscv32-elf/7.4.0/mext-dsp/libgcc.a(truncdfsf2.o)
                0x00000000000058a4                __truncdfsf2
 .text          0x0000000000005ba4       0x60 /cygdrive/c/TelinkIoTStudio/RDS/V3.2.3/toolchains/nds32le-elf-mculib-v5f/bin/../lib/gcc/riscv32-elf/7.4.0/mext-dsp/libgcc.a(save-restore.o)
                0x0000000000005ba4                __riscv_save_12
                0x0000000000005bac                __riscv_save_10
                0x0000000000005bac                __riscv_save_8
                0x0000000000005bac                __riscv_save_11
                0x0000000000005bac                __riscv_save_9
                0x0000000000005bba                __riscv_save_4
                0x0000000000005bba                __riscv_save_7
                0x0000000000005bba                __riscv_save_6
                0x0000000000005bba                __riscv_save_5
                0x0000000000005bd4                __riscv_save_3
                0x0000000000005bd4                __riscv_save_2
                0x0000000000005bd4                __riscv_save_0
                0x0000000000005bd4                __riscv_save_1
                0x0000000000005be0                __riscv_restore_12
                0x0000000000005be4                __riscv_restore_8
                0x0000000000005be4                __riscv_restore_10
                0x0000000000005be4                __riscv_restore_9
                0x0000000000005be4                __riscv_restore_11
                0x0000000000005bee                __riscv_restore_5
                0x0000000000005bee                __riscv_restore_7
                0x0000000000005bee                __riscv_restore_4
                0x0000000000005bee                __riscv_restore_6
                0x0000000000005bf8                __riscv_restore_3
                0x0000000000005bf8                __riscv_restore_1
                0x0000000000005bf8                __riscv_restore_0
                0x0000000000005bf8                __riscv_restore_2
 .text.malloc   0x0000000000005c04        0x8 C:\Users\SwaminathanK\Downloads\ANDE\toolchains\nds32le-elf-mculib-v5f\riscv32-elf\lib\mext-dsp\mno-fma/libc.a(lib_a-malloc.o)
                0x0000000000005c04                malloc
 .text.free     0x0000000000005c0c        0x8 C:\Users\SwaminathanK\Downloads\ANDE\toolchains\nds32le-elf-mculib-v5f\riscv32-elf\lib\mext-dsp\mno-fma/libc.a(lib_a-malloc.o)
                0x0000000000005c0c                free
 .text          0x0000000000005c14       0x72 C:\Users\SwaminathanK\Downloads\ANDE\toolchains\nds32le-elf-mculib-v5f\riscv32-elf\lib\mext-dsp\mno-fma/libc.a(lib_a-memcpy.o)
                0x0000000000005c14                memcpy
 .text._free_r  0x0000000000005c86       0x90 C:\Users\SwaminathanK\Downloads\ANDE\toolchains\nds32le-elf-mculib-v5f\riscv32-elf\lib\mext-dsp\mno-fma/libc.a(lib_a-nano-freer.o)
                0x0000000000005c86                _free_r
 .text._malloc_r
                0x0000000000005d16       0xa8 C:\Users\SwaminathanK\Downloads\ANDE\toolchains\nds32le-elf-mculib-v5f\riscv32-elf\lib\mext-dsp\mno-fma/libc.a(lib_a-nano-mallocr.o)
                0x0000000000005d16                _malloc_r
 .text.printf   0x0000000000005dbe       0x1e C:\Users\SwaminathanK\Downloads\ANDE\toolchains\nds32le-elf-mculib-v5f\riscv32-elf\lib\mext-dsp\mno-fma/libc.a(lib_a-printf.o)
                0x0000000000005dbe                printf
                0x0000000000005dbe                iprintf
 .text.putchar  0x0000000000005ddc       0x26 C:\Users\SwaminathanK\Downloads\ANDE\toolchains\nds32le-elf-mculib-v5f\riscv32-elf\lib\mext-dsp\mno-fma/libc.a(lib_a-putchar.o)
                0x0000000000005ddc                putchar
 .text.puts     0x0000000000005e02       0x32 C:\Users\SwaminathanK\Downloads\ANDE\toolchains\nds32le-elf-mculib-v5f\riscv32-elf\lib\mext-dsp\mno-fma/libc.a(lib_a-puts.o)
                0x0000000000005e02                puts
 *fill*         0x0000000000005e34        0x0 
 .text          0x0000000000005e34       0x2a C:\Users\SwaminathanK\Downloads\ANDE\toolchains\nds32le-elf-mculib-v5f\riscv32-elf\lib\mext-dsp\mno-fma/libc.a(lib_a-strlen.o)
                0x0000000000005e34                strlen
 .text.__vprintf_help
                0x0000000000005e5e       0x38 C:\Users\SwaminathanK\Downloads\ANDE\toolchains\nds32le-elf-mculib-v5f\riscv32-elf\lib\mext-dsp\mno-fma/libc.a(lib_a-vprintf.o)
 .text.vprintf  0x0000000000005e96       0x48 C:\Users\SwaminathanK\Downloads\ANDE\toolchains\nds32le-elf-mculib-v5f\riscv32-elf\lib\mext-dsp\mno-fma/libc.a(lib_a-vprintf.o)
                0x0000000000005e96                vprintf
                0x0000000000005e96                viprintf
 .text.__print_integral
                0x0000000000005ede       0x48 C:\Users\SwaminathanK\Downloads\ANDE\toolchains\nds32le-elf-mculib-v5f\riscv32-elf\lib\mext-dsp\mno-fma/libc.a(lib_a-printf_impl.o)
                0x0000000000005ede                __print_integral
 .text.__printf_impl
                0x0000000000005f26      0x45a C:\Users\SwaminathanK\Downloads\ANDE\toolchains\nds32le-elf-mculib-v5f\riscv32-elf\lib\mext-dsp\mno-fma/libc.a(lib_a-printf_impl.o)
                0x0000000000005f26                __printf_impl_lite
                0x0000000000005f26                __printf_impl
 .text.__int_to_poly
                0x0000000000006380       0x20 C:\Users\SwaminathanK\Downloads\ANDE\toolchains\nds32le-elf-mculib-v5f\riscv32-elf\lib\mext-dsp\mno-fma/libc.a(lib_a-printf_impl_float.o)
                0x0000000000006380                __int_to_poly
 .text.__print_integral_poly
                0x00000000000063a0       0x88 C:\Users\SwaminathanK\Downloads\ANDE\toolchains\nds32le-elf-mculib-v5f\riscv32-elf\lib\mext-dsp\mno-fma/libc.a(lib_a-printf_impl_float.o)
                0x00000000000063a0                __print_integral_poly
 .text.__printf_float_impl
                0x0000000000006428      0x3fe C:\Users\SwaminathanK\Downloads\ANDE\toolchains\nds32le-elf-mculib-v5f\riscv32-elf\lib\mext-dsp\mno-fma/libc.a(lib_a-printf_impl_float.o)
                0x0000000000006428                __printf_float_impl
 *fill*         0x0000000000006826        0x2 
 .text          0x0000000000006828       0x36 C:\Users\SwaminathanK\Downloads\ANDE\toolchains\nds32le-elf-mculib-v5f\riscv32-elf\lib\mext-dsp\mno-fma/libc.a(lib_a-strcpy.o)
                0x0000000000006828                strcpy
 .text.strnlen  0x000000000000685e       0x18 C:\Users\SwaminathanK\Downloads\ANDE\toolchains\nds32le-elf-mculib-v5f\riscv32-elf\lib\mext-dsp\mno-fma/libc.a(lib_a-strnlen.o)
                0x000000000000685e                strnlen
 *fill*         0x0000000000006876        0x2 
 .text          0x0000000000006878       0x86 C:\Users\SwaminathanK\Downloads\ANDE\toolchains\nds32le-elf-mculib-v5f\riscv32-elf\lib\mext-dsp\mno-fma/libc.a(lib_a-memset.o)
                0x0000000000006878                memset
 .text._sbrk    0x00000000000068fe       0x2c C:\Users\SwaminathanK\Downloads\ANDE\toolchains\nds32le-elf-mculib-v5f\riscv32-elf\lib\mext-dsp\mno-fma/libgloss.a(_sbrk.o)
                0x00000000000068fe                _sbrk
 *fill*         0x000000000000692a        0x2 
 .text          0x000000000000692c       0x30 /cygdrive/c/TelinkIoTStudio/RDS/V3.2.3/toolchains/nds32le-elf-mculib-v5f/bin/../lib/gcc/riscv32-elf/7.4.0/mext-dsp/libgcc.a(_lshrdi3.o)
                0x000000000000692c                __lshrdi3
 .text          0x000000000000695c       0x30 /cygdrive/c/TelinkIoTStudio/RDS/V3.2.3/toolchains/nds32le-elf-mculib-v5f/bin/../lib/gcc/riscv32-elf/7.4.0/mext-dsp/libgcc.a(_ashldi3.o)
                0x000000000000695c                __ashldi3
 *(.text.*personality*)
 *(.gnu.warning)
 *(.eh_frame)
 .eh_frame      0x000000000000698c       0xf8 /cygdrive/c/TelinkIoTStudio/RDS/V3.2.3/toolchains/nds32le-elf-mculib-v5f/bin/../lib/gcc/riscv32-elf/7.4.0/mext-dsp/libgcc.a(save-restore.o)
 *(.eh_frame_hdr)
 *(.exec.itable)
                0x0000000000006a84                PROVIDE (_RAMCODE_VMA_END = .)
                0x0000000000000200                PROVIDE (_RAMCODE_VMA_START = ADDR (.ram_code))
                0x0000000020000350                PROVIDE (_RAMCODE_LMA_START = LOADADDR (.ram_code))
                [!provide]                        PROVIDE (_RAMCODE_SIZE = SIZEOF (.ram_code))

.rela.dyn       0x0000000000006a84        0x0 load address 0x0000000020006bd4
 .rela.vectors  0x0000000000006a84        0x0 ./boot/cstartup_flash.o
 .rela.retention_reset
                0x0000000000006a84        0x0 ./boot/cstartup_flash.o
 .rela.ram_code
                0x0000000000006a84        0x0 ./boot/cstartup_flash.o
 .rela.text._malloc_r
                0x0000000000006a84        0x0 ./boot/cstartup_flash.o
 .rela.text._sbrk
                0x0000000000006a84        0x0 ./boot/cstartup_flash.o
                0x0000000000080000                . = 0x80000
                0x0000000000080800                PROVIDE (__global_pointer$ = (. + 0x800))

.data           0x0000000000080000     0x1688 load address 0x0000000020006bd8
 *(.data .data.* .gnu.linkonce.d.*)
 .data.cst_libm_sincosf
                0x0000000000080000       0x1c C:\Users\SwaminathanK\Downloads\ANDE\toolchains\nds32le-elf-mculib-v5f\riscv32-elf\lib\mext-dsp\mno-fma/libm.a(lib_a-sinf.o)
                0x0000000000080000                cst_libm_sincosf
 *(.gnu.linkonce.d.*personality*)
 *(.rodata .rodata.* .gnu.linkonce.r.*)
 *fill*         0x000000000008001c        0x4 
 .rodata.generate_sine_wave_q15.cst8
                0x0000000000080020        0x8 /cygdrive/c/Users/SWAMIN~1/AppData/Local/Temp/cc4eZDb3.ltrans0.ltrans.o
 .rodata.generate_sine_wave_q15.cst4
                0x0000000000080028        0x4 /cygdrive/c/Users/SWAMIN~1/AppData/Local/Temp/cc4eZDb3.ltrans0.ltrans.o
 *fill*         0x000000000008002c        0x4 
 .rodata.main.cst8
                0x0000000000080030        0x8 /cygdrive/c/Users/SWAMIN~1/AppData/Local/Temp/cc4eZDb3.ltrans0.ltrans.o
 .rodata.main.cst4
                0x0000000000080038        0x8 /cygdrive/c/Users/SWAMIN~1/AppData/Local/Temp/cc4eZDb3.ltrans0.ltrans.o
 .rodata        0x0000000000080040       0x28 /cygdrive/c/Users/SWAMIN~1/AppData/Local/Temp/cc4eZDb3.ltrans0.ltrans.o
 .rodata.flash_support_mid
                0x0000000000080068        0xc /cygdrive/c/Users/SWAMIN~1/AppData/Local/Temp/cc4eZDb3.ltrans0.ltrans.o
 .rodata.main.str1.4
                0x0000000000080074      0x152 /cygdrive/c/Users/SWAMIN~1/AppData/Local/Temp/cc4eZDb3.ltrans0.ltrans.o
 *fill*         0x00000000000801c6        0x2 
 .rodata.user_init.str1.4
                0x00000000000801c8       0x59 /cygdrive/c/Users/SWAMIN~1/AppData/Local/Temp/cc4eZDb3.ltrans0.ltrans.o
 *fill*         0x0000000000080221        0x3 
 .rodata.riscv_dsp_cfft_q15
                0x0000000000080224       0x2c C:\Users\SwaminathanK\Downloads\ANDE\toolchains\nds32le-elf-mculib-v5f\riscv32-elf\lib\mext-dsp\mno-fma/libdsp.a(riscv_dsp_cfft_q15.o)
 .rodata.riscv_dsp_cos_table_q15_1024
                0x0000000000080250      0x20a C:\Users\SwaminathanK\Downloads\ANDE\toolchains\nds32le-elf-mculib-v5f\riscv32-elf\lib\mext-dsp\mno-fma/libdsp.a(riscv_dsp_cos_table_q15_1024.o)
                0x0000000000080250                riscv_dsp_cos_table_q15_1024
 *fill*         0x000000000008045a        0x6 
 .rodata.log.cst8
                0x0000000000080460       0x18 C:\Users\SwaminathanK\Downloads\ANDE\toolchains\nds32le-elf-mculib-v5f\riscv32-elf\lib\mext-dsp\mno-fma/libm.a(lib_a-log.o)
 .rodata.__log_data
                0x0000000000080478     0x1090 C:\Users\SwaminathanK\Downloads\ANDE\toolchains\nds32le-elf-mculib-v5f\riscv32-elf\lib\mext-dsp\mno-fma/libm.a(lib_a-log_data.o)
                0x0000000000080478                __log_data
 .rodata.__math_divzero.cst8
                0x0000000000081508        0x8 C:\Users\SwaminathanK\Downloads\ANDE\toolchains\nds32le-elf-mculib-v5f\riscv32-elf\lib\mext-dsp\mno-fma/libm.a(lib_a-math_err.o)
                                         0x10 (size before relaxing)
 .rodata.sinf.cst4
                0x0000000000081510        0x4 C:\Users\SwaminathanK\Downloads\ANDE\toolchains\nds32le-elf-mculib-v5f\riscv32-elf\lib\mext-dsp\mno-fma/libm.a(lib_a-sinf.o)
 .rodata.ref__mathlib_rredf2.cst4
                0x0000000000081514       0x14 C:\Users\SwaminathanK\Downloads\ANDE\toolchains\nds32le-elf-mculib-v5f\riscv32-elf\lib\mext-dsp\mno-fma/libm.a(lib_a-ref_rredf.o)
 .rodata.cst_libm_rredf
                0x0000000000081528       0x18 C:\Users\SwaminathanK\Downloads\ANDE\toolchains\nds32le-elf-mculib-v5f\riscv32-elf\lib\mext-dsp\mno-fma/libm.a(lib_a-ref_rredf.o)
                0x0000000000081528                cst_libm_rredf
 .rodata.twooverpi.0
                0x0000000000081540       0x20 C:\Users\SwaminathanK\Downloads\ANDE\toolchains\nds32le-elf-mculib-v5f\riscv32-elf\lib\mext-dsp\mno-fma/libm.a(lib_a-ref_rredf.o)
 .rodata        0x0000000000081560       0x40 /cygdrive/c/TelinkIoTStudio/RDS/V3.2.3/toolchains/nds32le-elf-mculib-v5f/bin/../lib/gcc/riscv32-elf/7.4.0/mext-dsp/libgcc.a(divdf3.o)
 .rodata        0x00000000000815a0       0x40 /cygdrive/c/TelinkIoTStudio/RDS/V3.2.3/toolchains/nds32le-elf-mculib-v5f/bin/../lib/gcc/riscv32-elf/7.4.0/mext-dsp/libgcc.a(muldf3.o)
 .rodata.__digits
                0x00000000000815e0       0x10 C:\Users\SwaminathanK\Downloads\ANDE\toolchains\nds32le-elf-mculib-v5f\riscv32-elf\lib\mext-dsp\mno-fma/libc.a(lib_a-printf_data.o)
                0x00000000000815e0                __digits
 .rodata.__printf_impl
                0x00000000000815f0       0x84 C:\Users\SwaminathanK\Downloads\ANDE\toolchains\nds32le-elf-mculib-v5f\riscv32-elf\lib\mext-dsp\mno-fma/libc.a(lib_a-printf_impl.o)
 .rodata.__printf_float_impl.str1.4
                0x0000000000081674        0x8 C:\Users\SwaminathanK\Downloads\ANDE\toolchains\nds32le-elf-mculib-v5f\riscv32-elf\lib\mext-dsp\mno-fma/libc.a(lib_a-printf_impl_float.o)
 *(.srodata.cst16)
 *(.srodata.cst8)
 *(.srodata.cst4)
 *(.srodata.cst2)
 *(.srodata .srodata.*)
 *(.sdata .sdata.* .gnu.linkonce.s.*)
 .sdata.sys_clk
                0x000000000008167c        0x6 /cygdrive/c/Users/SWAMIN~1/AppData/Local/Temp/cc4eZDb3.ltrans0.ltrans.o
 *fill*         0x0000000000081682        0x2 
 .sdata._impure_ptr
                0x0000000000081684        0x4 C:\Users\SwaminathanK\Downloads\ANDE\toolchains\nds32le-elf-mculib-v5f\riscv32-elf\lib\mext-dsp\mno-fma/libc.a(lib_a-impure.o)
                0x0000000000081684                _impure_ptr
 *(.sdata2 .sdata2.* .gnu.linkonce.s.*)
                0x0000000000081688                PROVIDE (_DATA_VMA_END = .)
                0x0000000000080000                PROVIDE (_DATA_VMA_START = ADDR (.data))
                0x0000000020006bd8                PROVIDE (_DATA_LMA_START = LOADADDR (.data))
                0x0000000000081688                . = ALIGN (0x8)
                0x0000000000081688                PROVIDE (_BSS_VMA_START = .)

.sbss           0x0000000000081688       0x38 load address 0x0000000020008260
 *(.dynsbss)
 *(.sbss .sbss.* .gnu.linkonce.sb.*)
 .sbss.exception_mtval
                0x0000000000081688        0x4 /cygdrive/c/Users/SWAMIN~1/AppData/Local/Temp/cc4eZDb3.ltrans0.ltrans.o
 .sbss.exception_mepc
                0x000000000008168c        0x4 /cygdrive/c/Users/SWAMIN~1/AppData/Local/Temp/cc4eZDb3.ltrans0.ltrans.o
 .sbss.exception_mstatus
                0x0000000000081690        0x4 /cygdrive/c/Users/SWAMIN~1/AppData/Local/Temp/cc4eZDb3.ltrans0.ltrans.o
 .sbss.exception_mcause
                0x0000000000081694        0x4 /cygdrive/c/Users/SWAMIN~1/AppData/Local/Temp/cc4eZDb3.ltrans0.ltrans.o
 .sbss.exception_mdcause
                0x0000000000081698        0x4 /cygdrive/c/Users/SWAMIN~1/AppData/Local/Temp/cc4eZDb3.ltrans0.ltrans.o
 .sbss.g_pm_status_info
                0x000000000008169c        0x4 /cygdrive/c/Users/SWAMIN~1/AppData/Local/Temp/cc4eZDb3.ltrans0.ltrans.o
 .sbss.g_chip_version
                0x00000000000816a0        0x4 /cygdrive/c/Users/SWAMIN~1/AppData/Local/Temp/cc4eZDb3.ltrans0.ltrans.o
 .sbss.__mculib_REENT_errno
                0x00000000000816a4        0x4 C:\Users\SwaminathanK\Downloads\ANDE\toolchains\nds32le-elf-mculib-v5f\riscv32-elf\lib\mext-dsp\mno-fma/libc.a(lib_a-errno.o)
                0x00000000000816a4                __mculib_REENT_errno
 .sbss.__malloc_sbrk_start
                0x00000000000816a8        0x4 C:\Users\SwaminathanK\Downloads\ANDE\toolchains\nds32le-elf-mculib-v5f\riscv32-elf\lib\mext-dsp\mno-fma/libc.a(lib_a-nano-mallocr.o)
                0x00000000000816a8                __malloc_sbrk_start
 .sbss.__malloc_free_list
                0x00000000000816ac        0x4 C:\Users\SwaminathanK\Downloads\ANDE\toolchains\nds32le-elf-mculib-v5f\riscv32-elf\lib\mext-dsp\mno-fma/libc.a(lib_a-nano-mallocr.o)
                0x00000000000816ac                __malloc_free_list
 .sbss.__vprintf_buf_len
                0x00000000000816b0        0x4 C:\Users\SwaminathanK\Downloads\ANDE\toolchains\nds32le-elf-mculib-v5f\riscv32-elf\lib\mext-dsp\mno-fma/libc.a(lib_a-vprintf.o)
 .sbss.__vprintf_buf
                0x00000000000816b4        0x4 C:\Users\SwaminathanK\Downloads\ANDE\toolchains\nds32le-elf-mculib-v5f\riscv32-elf\lib\mext-dsp\mno-fma/libc.a(lib_a-vprintf.o)
 .sbss.__printf_count
                0x00000000000816b8        0x4 C:\Users\SwaminathanK\Downloads\ANDE\toolchains\nds32le-elf-mculib-v5f\riscv32-elf\lib\mext-dsp\mno-fma/libc.a(lib_a-printf_data.o)
                0x00000000000816b8                __printf_count
 .sbss.heap_end.0
                0x00000000000816bc        0x4 C:\Users\SwaminathanK\Downloads\ANDE\toolchains\nds32le-elf-mculib-v5f\riscv32-elf\lib\mext-dsp\mno-fma/libgloss.a(_sbrk.o)
 *(.scommon .scommon.*)

.bss            0x00000000000816c0        0x0 load address 0x0000000020008298
 *(.dynbss)
 *(.bss .bss.* .gnu.linkonce.b.*)
 .bss.impure_data
                0x00000000000816c0        0x0 C:\Users\SwaminathanK\Downloads\ANDE\toolchains\nds32le-elf-mculib-v5f\riscv32-elf\lib\mext-dsp\mno-fma/libc.a(lib_a-impure.o)
 *(COMMON)
                0x00000000000816c0                . = ALIGN (0x8)
                0x00000000000816c0                PROVIDE (_BSS_VMA_END = .)

.sdk_version    0x00000000000816c0       0x22 load address 0x0000000020008260
 *(.sdk_version)
 .sdk_version   0x00000000000816c0       0x22 /cygdrive/c/Users/SWAMIN~1/AppData/Local/Temp/cc4eZDb3.ltrans0.ltrans.o
                0x0000000000008282                PROVIDE (BIN_SIZE = ((LOADADDR (.sdk_version) + SIZEOF (.sdk_version)) - BIN_BEGIN))
                0x00000000000816e8                . = ALIGN (0x8)
                0x00000000000816e8                _end = .
                [!provide]                        PROVIDE (end = .)
                0x00000000000a0000                PROVIDE (_STACK_TOP = 0xa0000)
                0x0000000000100000                PROVIDE (FLASH_SIZE = 0x100000)
                0x0000000000000001                ASSERT ((BIN_SIZE <= FLASH_SIZE), BIN FILE OVERFLOW)
OUTPUT(Debug.elf elf32-littleriscv)

.debug_info     0x0000000000000000     0x6b8d
 .debug_info    0x0000000000000000     0x2e10 /cygdrive/c/Users/SWAMIN~1/AppData/Local/Temp/cc4eZDb3.ltrans0.ltrans.o
 .debug_info    0x0000000000002e10       0x22 ./boot/cstartup_flash.o
 .debug_info    0x0000000000002e32      0x5bd /cygdrive/c/TelinkIoTStudio/RDS/V3.2.3/toolchains/nds32le-elf-mculib-v5f/bin/../lib/gcc/riscv32-elf/7.4.0/mext-dsp/libgcc.a(adddf3.o)
 .debug_info    0x00000000000033ef      0x733 /cygdrive/c/TelinkIoTStudio/RDS/V3.2.3/toolchains/nds32le-elf-mculib-v5f/bin/../lib/gcc/riscv32-elf/7.4.0/mext-dsp/libgcc.a(divdf3.o)
 .debug_info    0x0000000000003b22      0x74a /cygdrive/c/TelinkIoTStudio/RDS/V3.2.3/toolchains/nds32le-elf-mculib-v5f/bin/../lib/gcc/riscv32-elf/7.4.0/mext-dsp/libgcc.a(muldf3.o)
 .debug_info    0x000000000000426c      0x5bd /cygdrive/c/TelinkIoTStudio/RDS/V3.2.3/toolchains/nds32le-elf-mculib-v5f/bin/../lib/gcc/riscv32-elf/7.4.0/mext-dsp/libgcc.a(subdf3.o)
 .debug_info    0x0000000000004829      0x263 /cygdrive/c/TelinkIoTStudio/RDS/V3.2.3/toolchains/nds32le-elf-mculib-v5f/bin/../lib/gcc/riscv32-elf/7.4.0/mext-dsp/libgcc.a(unorddf2.o)
 .debug_info    0x0000000000004a8c      0x1fe /cygdrive/c/TelinkIoTStudio/RDS/V3.2.3/toolchains/nds32le-elf-mculib-v5f/bin/../lib/gcc/riscv32-elf/7.4.0/mext-dsp/libgcc.a(fixdfsi.o)
 .debug_info    0x0000000000004c8a      0x2a7 /cygdrive/c/TelinkIoTStudio/RDS/V3.2.3/toolchains/nds32le-elf-mculib-v5f/bin/../lib/gcc/riscv32-elf/7.4.0/mext-dsp/libgcc.a(floatsidf.o)
 .debug_info    0x0000000000004f31      0x299 /cygdrive/c/TelinkIoTStudio/RDS/V3.2.3/toolchains/nds32le-elf-mculib-v5f/bin/../lib/gcc/riscv32-elf/7.4.0/mext-dsp/libgcc.a(extendsfdf2.o)
 .debug_info    0x00000000000051ca      0x2c7 /cygdrive/c/TelinkIoTStudio/RDS/V3.2.3/toolchains/nds32le-elf-mculib-v5f/bin/../lib/gcc/riscv32-elf/7.4.0/mext-dsp/libgcc.a(truncdfsf2.o)
 .debug_info    0x0000000000005491       0x26 /cygdrive/c/TelinkIoTStudio/RDS/V3.2.3/toolchains/nds32le-elf-mculib-v5f/bin/../lib/gcc/riscv32-elf/7.4.0/mext-dsp/libgcc.a(save-restore.o)
 .debug_info    0x00000000000054b7      0xb6b /cygdrive/c/TelinkIoTStudio/RDS/V3.2.3/toolchains/nds32le-elf-mculib-v5f/bin/../lib/gcc/riscv32-elf/7.4.0/mext-dsp/libgcc.a(_lshrdi3.o)
 .debug_info    0x0000000000006022      0xb6b /cygdrive/c/TelinkIoTStudio/RDS/V3.2.3/toolchains/nds32le-elf-mculib-v5f/bin/../lib/gcc/riscv32-elf/7.4.0/mext-dsp/libgcc.a(_ashldi3.o)

.debug_abbrev   0x0000000000000000     0x1699
 .debug_abbrev  0x0000000000000000      0x5a4 /cygdrive/c/Users/SWAMIN~1/AppData/Local/Temp/cc4eZDb3.ltrans0.ltrans.o
 .debug_abbrev  0x00000000000005a4       0x12 ./boot/cstartup_flash.o
 .debug_abbrev  0x00000000000005b6      0x178 /cygdrive/c/TelinkIoTStudio/RDS/V3.2.3/toolchains/nds32le-elf-mculib-v5f/bin/../lib/gcc/riscv32-elf/7.4.0/mext-dsp/libgcc.a(adddf3.o)
 .debug_abbrev  0x000000000000072e      0x170 /cygdrive/c/TelinkIoTStudio/RDS/V3.2.3/toolchains/nds32le-elf-mculib-v5f/bin/../lib/gcc/riscv32-elf/7.4.0/mext-dsp/libgcc.a(divdf3.o)
 .debug_abbrev  0x000000000000089e      0x177 /cygdrive/c/TelinkIoTStudio/RDS/V3.2.3/toolchains/nds32le-elf-mculib-v5f/bin/../lib/gcc/riscv32-elf/7.4.0/mext-dsp/libgcc.a(muldf3.o)
 .debug_abbrev  0x0000000000000a15      0x178 /cygdrive/c/TelinkIoTStudio/RDS/V3.2.3/toolchains/nds32le-elf-mculib-v5f/bin/../lib/gcc/riscv32-elf/7.4.0/mext-dsp/libgcc.a(subdf3.o)
 .debug_abbrev  0x0000000000000b8d      0x171 /cygdrive/c/TelinkIoTStudio/RDS/V3.2.3/toolchains/nds32le-elf-mculib-v5f/bin/../lib/gcc/riscv32-elf/7.4.0/mext-dsp/libgcc.a(unorddf2.o)
 .debug_abbrev  0x0000000000000cfe      0x16a /cygdrive/c/TelinkIoTStudio/RDS/V3.2.3/toolchains/nds32le-elf-mculib-v5f/bin/../lib/gcc/riscv32-elf/7.4.0/mext-dsp/libgcc.a(fixdfsi.o)
 .debug_abbrev  0x0000000000000e68      0x16c /cygdrive/c/TelinkIoTStudio/RDS/V3.2.3/toolchains/nds32le-elf-mculib-v5f/bin/../lib/gcc/riscv32-elf/7.4.0/mext-dsp/libgcc.a(floatsidf.o)
 .debug_abbrev  0x0000000000000fd4      0x15b /cygdrive/c/TelinkIoTStudio/RDS/V3.2.3/toolchains/nds32le-elf-mculib-v5f/bin/../lib/gcc/riscv32-elf/7.4.0/mext-dsp/libgcc.a(extendsfdf2.o)
 .debug_abbrev  0x000000000000112f      0x150 /cygdrive/c/TelinkIoTStudio/RDS/V3.2.3/toolchains/nds32le-elf-mculib-v5f/bin/../lib/gcc/riscv32-elf/7.4.0/mext-dsp/libgcc.a(truncdfsf2.o)
 .debug_abbrev  0x000000000000127f       0x14 /cygdrive/c/TelinkIoTStudio/RDS/V3.2.3/toolchains/nds32le-elf-mculib-v5f/bin/../lib/gcc/riscv32-elf/7.4.0/mext-dsp/libgcc.a(save-restore.o)
 .debug_abbrev  0x0000000000001293      0x203 /cygdrive/c/TelinkIoTStudio/RDS/V3.2.3/toolchains/nds32le-elf-mculib-v5f/bin/../lib/gcc/riscv32-elf/7.4.0/mext-dsp/libgcc.a(_lshrdi3.o)
 .debug_abbrev  0x0000000000001496      0x203 /cygdrive/c/TelinkIoTStudio/RDS/V3.2.3/toolchains/nds32le-elf-mculib-v5f/bin/../lib/gcc/riscv32-elf/7.4.0/mext-dsp/libgcc.a(_ashldi3.o)

.debug_loc      0x0000000000000000     0x9fb7
 .debug_loc     0x0000000000000000     0x10f9 /cygdrive/c/Users/SWAMIN~1/AppData/Local/Temp/cc4eZDb3.ltrans0.ltrans.o
 .debug_loc     0x00000000000010f9     0x1d45 /cygdrive/c/TelinkIoTStudio/RDS/V3.2.3/toolchains/nds32le-elf-mculib-v5f/bin/../lib/gcc/riscv32-elf/7.4.0/mext-dsp/libgcc.a(adddf3.o)
 .debug_loc     0x0000000000002e3e     0x295b /cygdrive/c/TelinkIoTStudio/RDS/V3.2.3/toolchains/nds32le-elf-mculib-v5f/bin/../lib/gcc/riscv32-elf/7.4.0/mext-dsp/libgcc.a(divdf3.o)
 .debug_loc     0x0000000000005799     0x139b /cygdrive/c/TelinkIoTStudio/RDS/V3.2.3/toolchains/nds32le-elf-mculib-v5f/bin/../lib/gcc/riscv32-elf/7.4.0/mext-dsp/libgcc.a(muldf3.o)
 .debug_loc     0x0000000000006b34     0x1eca /cygdrive/c/TelinkIoTStudio/RDS/V3.2.3/toolchains/nds32le-elf-mculib-v5f/bin/../lib/gcc/riscv32-elf/7.4.0/mext-dsp/libgcc.a(subdf3.o)
 .debug_loc     0x00000000000089fe       0xfc /cygdrive/c/TelinkIoTStudio/RDS/V3.2.3/toolchains/nds32le-elf-mculib-v5f/bin/../lib/gcc/riscv32-elf/7.4.0/mext-dsp/libgcc.a(unorddf2.o)
 .debug_loc     0x0000000000008afa      0x1e0 /cygdrive/c/TelinkIoTStudio/RDS/V3.2.3/toolchains/nds32le-elf-mculib-v5f/bin/../lib/gcc/riscv32-elf/7.4.0/mext-dsp/libgcc.a(fixdfsi.o)
 .debug_loc     0x0000000000008cda      0x286 /cygdrive/c/TelinkIoTStudio/RDS/V3.2.3/toolchains/nds32le-elf-mculib-v5f/bin/../lib/gcc/riscv32-elf/7.4.0/mext-dsp/libgcc.a(floatsidf.o)
 .debug_loc     0x0000000000008f60      0x30a /cygdrive/c/TelinkIoTStudio/RDS/V3.2.3/toolchains/nds32le-elf-mculib-v5f/bin/../lib/gcc/riscv32-elf/7.4.0/mext-dsp/libgcc.a(extendsfdf2.o)
 .debug_loc     0x000000000000926a      0xb85 /cygdrive/c/TelinkIoTStudio/RDS/V3.2.3/toolchains/nds32le-elf-mculib-v5f/bin/../lib/gcc/riscv32-elf/7.4.0/mext-dsp/libgcc.a(truncdfsf2.o)
 .debug_loc     0x0000000000009def       0xe4 /cygdrive/c/TelinkIoTStudio/RDS/V3.2.3/toolchains/nds32le-elf-mculib-v5f/bin/../lib/gcc/riscv32-elf/7.4.0/mext-dsp/libgcc.a(_lshrdi3.o)
 .debug_loc     0x0000000000009ed3       0xe4 /cygdrive/c/TelinkIoTStudio/RDS/V3.2.3/toolchains/nds32le-elf-mculib-v5f/bin/../lib/gcc/riscv32-elf/7.4.0/mext-dsp/libgcc.a(_ashldi3.o)

.debug_aranges  0x0000000000000000      0x360
 .debug_aranges
                0x0000000000000000      0x1b0 /cygdrive/c/Users/SWAMIN~1/AppData/Local/Temp/cc4eZDb3.ltrans0.ltrans.o
 .debug_aranges
                0x00000000000001b0       0x30 ./boot/cstartup_flash.o
 .debug_aranges
                0x00000000000001e0       0x20 /cygdrive/c/TelinkIoTStudio/RDS/V3.2.3/toolchains/nds32le-elf-mculib-v5f/bin/../lib/gcc/riscv32-elf/7.4.0/mext-dsp/libgcc.a(adddf3.o)
 .debug_aranges
                0x0000000000000200       0x20 /cygdrive/c/TelinkIoTStudio/RDS/V3.2.3/toolchains/nds32le-elf-mculib-v5f/bin/../lib/gcc/riscv32-elf/7.4.0/mext-dsp/libgcc.a(divdf3.o)
 .debug_aranges
                0x0000000000000220       0x20 /cygdrive/c/TelinkIoTStudio/RDS/V3.2.3/toolchains/nds32le-elf-mculib-v5f/bin/../lib/gcc/riscv32-elf/7.4.0/mext-dsp/libgcc.a(muldf3.o)
 .debug_aranges
                0x0000000000000240       0x20 /cygdrive/c/TelinkIoTStudio/RDS/V3.2.3/toolchains/nds32le-elf-mculib-v5f/bin/../lib/gcc/riscv32-elf/7.4.0/mext-dsp/libgcc.a(subdf3.o)
 .debug_aranges
                0x0000000000000260       0x20 /cygdrive/c/TelinkIoTStudio/RDS/V3.2.3/toolchains/nds32le-elf-mculib-v5f/bin/../lib/gcc/riscv32-elf/7.4.0/mext-dsp/libgcc.a(unorddf2.o)
 .debug_aranges
                0x0000000000000280       0x20 /cygdrive/c/TelinkIoTStudio/RDS/V3.2.3/toolchains/nds32le-elf-mculib-v5f/bin/../lib/gcc/riscv32-elf/7.4.0/mext-dsp/libgcc.a(fixdfsi.o)
 .debug_aranges
                0x00000000000002a0       0x20 /cygdrive/c/TelinkIoTStudio/RDS/V3.2.3/toolchains/nds32le-elf-mculib-v5f/bin/../lib/gcc/riscv32-elf/7.4.0/mext-dsp/libgcc.a(floatsidf.o)
 .debug_aranges
                0x00000000000002c0       0x20 /cygdrive/c/TelinkIoTStudio/RDS/V3.2.3/toolchains/nds32le-elf-mculib-v5f/bin/../lib/gcc/riscv32-elf/7.4.0/mext-dsp/libgcc.a(extendsfdf2.o)
 .debug_aranges
                0x00000000000002e0       0x20 /cygdrive/c/TelinkIoTStudio/RDS/V3.2.3/toolchains/nds32le-elf-mculib-v5f/bin/../lib/gcc/riscv32-elf/7.4.0/mext-dsp/libgcc.a(truncdfsf2.o)
 .debug_aranges
                0x0000000000000300       0x20 /cygdrive/c/TelinkIoTStudio/RDS/V3.2.3/toolchains/nds32le-elf-mculib-v5f/bin/../lib/gcc/riscv32-elf/7.4.0/mext-dsp/libgcc.a(save-restore.o)
 .debug_aranges
                0x0000000000000320       0x20 /cygdrive/c/TelinkIoTStudio/RDS/V3.2.3/toolchains/nds32le-elf-mculib-v5f/bin/../lib/gcc/riscv32-elf/7.4.0/mext-dsp/libgcc.a(_lshrdi3.o)
 .debug_aranges
                0x0000000000000340       0x20 /cygdrive/c/TelinkIoTStudio/RDS/V3.2.3/toolchains/nds32le-elf-mculib-v5f/bin/../lib/gcc/riscv32-elf/7.4.0/mext-dsp/libgcc.a(_ashldi3.o)

.debug_ranges   0x0000000000000000      0xff0
 .debug_ranges  0x0000000000000000      0x348 /cygdrive/c/Users/SWAMIN~1/AppData/Local/Temp/cc4eZDb3.ltrans0.ltrans.o
 .debug_ranges  0x0000000000000348       0x28 ./boot/cstartup_flash.o
 .debug_ranges  0x0000000000000370      0x2d0 /cygdrive/c/TelinkIoTStudio/RDS/V3.2.3/toolchains/nds32le-elf-mculib-v5f/bin/../lib/gcc/riscv32-elf/7.4.0/mext-dsp/libgcc.a(adddf3.o)
 .debug_ranges  0x0000000000000640      0x250 /cygdrive/c/TelinkIoTStudio/RDS/V3.2.3/toolchains/nds32le-elf-mculib-v5f/bin/../lib/gcc/riscv32-elf/7.4.0/mext-dsp/libgcc.a(divdf3.o)
 .debug_ranges  0x0000000000000890      0x240 /cygdrive/c/TelinkIoTStudio/RDS/V3.2.3/toolchains/nds32le-elf-mculib-v5f/bin/../lib/gcc/riscv32-elf/7.4.0/mext-dsp/libgcc.a(muldf3.o)
 .debug_ranges  0x0000000000000ad0      0x2d0 /cygdrive/c/TelinkIoTStudio/RDS/V3.2.3/toolchains/nds32le-elf-mculib-v5f/bin/../lib/gcc/riscv32-elf/7.4.0/mext-dsp/libgcc.a(subdf3.o)
 .debug_ranges  0x0000000000000da0       0x58 /cygdrive/c/TelinkIoTStudio/RDS/V3.2.3/toolchains/nds32le-elf-mculib-v5f/bin/../lib/gcc/riscv32-elf/7.4.0/mext-dsp/libgcc.a(unorddf2.o)
 .debug_ranges  0x0000000000000df8       0x30 /cygdrive/c/TelinkIoTStudio/RDS/V3.2.3/toolchains/nds32le-elf-mculib-v5f/bin/../lib/gcc/riscv32-elf/7.4.0/mext-dsp/libgcc.a(fixdfsi.o)
 .debug_ranges  0x0000000000000e28       0x30 /cygdrive/c/TelinkIoTStudio/RDS/V3.2.3/toolchains/nds32le-elf-mculib-v5f/bin/../lib/gcc/riscv32-elf/7.4.0/mext-dsp/libgcc.a(floatsidf.o)
 .debug_ranges  0x0000000000000e58       0x38 /cygdrive/c/TelinkIoTStudio/RDS/V3.2.3/toolchains/nds32le-elf-mculib-v5f/bin/../lib/gcc/riscv32-elf/7.4.0/mext-dsp/libgcc.a(extendsfdf2.o)
 .debug_ranges  0x0000000000000e90      0x160 /cygdrive/c/TelinkIoTStudio/RDS/V3.2.3/toolchains/nds32le-elf-mculib-v5f/bin/../lib/gcc/riscv32-elf/7.4.0/mext-dsp/libgcc.a(truncdfsf2.o)

.debug_line     0x0000000000000000     0x56d6
 .debug_line    0x0000000000000000     0x1c48 /cygdrive/c/Users/SWAMIN~1/AppData/Local/Temp/cc4eZDb3.ltrans0.ltrans.o
 .debug_line    0x0000000000001c48      0x425 ./boot/cstartup_flash.o
 .debug_line    0x000000000000206d      0xa60 /cygdrive/c/TelinkIoTStudio/RDS/V3.2.3/toolchains/nds32le-elf-mculib-v5f/bin/../lib/gcc/riscv32-elf/7.4.0/mext-dsp/libgcc.a(adddf3.o)
 .debug_line    0x0000000000002acd      0x745 /cygdrive/c/TelinkIoTStudio/RDS/V3.2.3/toolchains/nds32le-elf-mculib-v5f/bin/../lib/gcc/riscv32-elf/7.4.0/mext-dsp/libgcc.a(divdf3.o)
 .debug_line    0x0000000000003212      0x554 /cygdrive/c/TelinkIoTStudio/RDS/V3.2.3/toolchains/nds32le-elf-mculib-v5f/bin/../lib/gcc/riscv32-elf/7.4.0/mext-dsp/libgcc.a(muldf3.o)
 .debug_line    0x0000000000003766      0xa75 /cygdrive/c/TelinkIoTStudio/RDS/V3.2.3/toolchains/nds32le-elf-mculib-v5f/bin/../lib/gcc/riscv32-elf/7.4.0/mext-dsp/libgcc.a(subdf3.o)
 .debug_line    0x00000000000041db      0x1d6 /cygdrive/c/TelinkIoTStudio/RDS/V3.2.3/toolchains/nds32le-elf-mculib-v5f/bin/../lib/gcc/riscv32-elf/7.4.0/mext-dsp/libgcc.a(unorddf2.o)
 .debug_line    0x00000000000043b1      0x211 /cygdrive/c/TelinkIoTStudio/RDS/V3.2.3/toolchains/nds32le-elf-mculib-v5f/bin/../lib/gcc/riscv32-elf/7.4.0/mext-dsp/libgcc.a(fixdfsi.o)
 .debug_line    0x00000000000045c2      0x171 /cygdrive/c/TelinkIoTStudio/RDS/V3.2.3/toolchains/nds32le-elf-mculib-v5f/bin/../lib/gcc/riscv32-elf/7.4.0/mext-dsp/libgcc.a(floatsidf.o)
 .debug_line    0x0000000000004733      0x1e0 /cygdrive/c/TelinkIoTStudio/RDS/V3.2.3/toolchains/nds32le-elf-mculib-v5f/bin/../lib/gcc/riscv32-elf/7.4.0/mext-dsp/libgcc.a(extendsfdf2.o)
 .debug_line    0x0000000000004913      0x468 /cygdrive/c/TelinkIoTStudio/RDS/V3.2.3/toolchains/nds32le-elf-mculib-v5f/bin/../lib/gcc/riscv32-elf/7.4.0/mext-dsp/libgcc.a(truncdfsf2.o)
 .debug_line    0x0000000000004d7b      0x1c7 /cygdrive/c/TelinkIoTStudio/RDS/V3.2.3/toolchains/nds32le-elf-mculib-v5f/bin/../lib/gcc/riscv32-elf/7.4.0/mext-dsp/libgcc.a(save-restore.o)
 .debug_line    0x0000000000004f42      0x3ca /cygdrive/c/TelinkIoTStudio/RDS/V3.2.3/toolchains/nds32le-elf-mculib-v5f/bin/../lib/gcc/riscv32-elf/7.4.0/mext-dsp/libgcc.a(_lshrdi3.o)
 .debug_line    0x000000000000530c      0x3ca /cygdrive/c/TelinkIoTStudio/RDS/V3.2.3/toolchains/nds32le-elf-mculib-v5f/bin/../lib/gcc/riscv32-elf/7.4.0/mext-dsp/libgcc.a(_ashldi3.o)

.debug_str      0x0000000000000000     0x314a
 .debug_str     0x0000000000000000     0x1c42 /cygdrive/c/Users/SWAMIN~1/AppData/Local/Temp/cc4eZDb3.ltrans0.ltrans.o
                                       0x1d87 (size before relaxing)
 .debug_str     0x0000000000001c42       0x7a ./boot/cstartup_flash.o
 .debug_str     0x0000000000001cbc      0x373 /cygdrive/c/TelinkIoTStudio/RDS/V3.2.3/toolchains/nds32le-elf-mculib-v5f/bin/../lib/gcc/riscv32-elf/7.4.0/mext-dsp/libgcc.a(adddf3.o)
                                        0x3eb (size before relaxing)
 .debug_str     0x000000000000202f      0x228 /cygdrive/c/TelinkIoTStudio/RDS/V3.2.3/toolchains/nds32le-elf-mculib-v5f/bin/../lib/gcc/riscv32-elf/7.4.0/mext-dsp/libgcc.a(divdf3.o)
                                        0x4ad (size before relaxing)
 .debug_str     0x0000000000002257      0x1a5 /cygdrive/c/TelinkIoTStudio/RDS/V3.2.3/toolchains/nds32le-elf-mculib-v5f/bin/../lib/gcc/riscv32-elf/7.4.0/mext-dsp/libgcc.a(muldf3.o)
                                        0x505 (size before relaxing)
 .debug_str     0x00000000000023fc       0x80 /cygdrive/c/TelinkIoTStudio/RDS/V3.2.3/toolchains/nds32le-elf-mculib-v5f/bin/../lib/gcc/riscv32-elf/7.4.0/mext-dsp/libgcc.a(subdf3.o)
                                        0x3eb (size before relaxing)
 .debug_str     0x000000000000247c       0xa3 /cygdrive/c/TelinkIoTStudio/RDS/V3.2.3/toolchains/nds32le-elf-mculib-v5f/bin/../lib/gcc/riscv32-elf/7.4.0/mext-dsp/libgcc.a(unorddf2.o)
                                        0x30b (size before relaxing)
 .debug_str     0x000000000000251f       0x9d /cygdrive/c/TelinkIoTStudio/RDS/V3.2.3/toolchains/nds32le-elf-mculib-v5f/bin/../lib/gcc/riscv32-elf/7.4.0/mext-dsp/libgcc.a(fixdfsi.o)
                                        0x302 (size before relaxing)
 .debug_str     0x00000000000025bc       0xb3 /cygdrive/c/TelinkIoTStudio/RDS/V3.2.3/toolchains/nds32le-elf-mculib-v5f/bin/../lib/gcc/riscv32-elf/7.4.0/mext-dsp/libgcc.a(floatsidf.o)
                                        0x398 (size before relaxing)
 .debug_str     0x000000000000266f       0xc4 /cygdrive/c/TelinkIoTStudio/RDS/V3.2.3/toolchains/nds32le-elf-mculib-v5f/bin/../lib/gcc/riscv32-elf/7.4.0/mext-dsp/libgcc.a(extendsfdf2.o)
                                        0x326 (size before relaxing)
 .debug_str     0x0000000000002733       0xb0 /cygdrive/c/TelinkIoTStudio/RDS/V3.2.3/toolchains/nds32le-elf-mculib-v5f/bin/../lib/gcc/riscv32-elf/7.4.0/mext-dsp/libgcc.a(truncdfsf2.o)
                                        0x384 (size before relaxing)
 .debug_str     0x00000000000027e3       0x82 /cygdrive/c/TelinkIoTStudio/RDS/V3.2.3/toolchains/nds32le-elf-mculib-v5f/bin/../lib/gcc/riscv32-elf/7.4.0/mext-dsp/libgcc.a(save-restore.o)
                                        0x12a (size before relaxing)
 .debug_str     0x0000000000002865      0x8db /cygdrive/c/TelinkIoTStudio/RDS/V3.2.3/toolchains/nds32le-elf-mculib-v5f/bin/../lib/gcc/riscv32-elf/7.4.0/mext-dsp/libgcc.a(_lshrdi3.o)
                                        0xb55 (size before relaxing)
 .debug_str     0x0000000000003140        0xa /cygdrive/c/TelinkIoTStudio/RDS/V3.2.3/toolchains/nds32le-elf-mculib-v5f/bin/../lib/gcc/riscv32-elf/7.4.0/mext-dsp/libgcc.a(_ashldi3.o)
                                        0xb55 (size before relaxing)

.comment        0x0000000000000000       0x73
 .comment       0x0000000000000000       0x37 /cygdrive/c/Users/SWAMIN~1/AppData/Local/Temp/cc4eZDb3.ltrans0.ltrans.o
                                         0x38 (size before relaxing)
 .comment       0x0000000000000037       0x3c C:\Users\SwaminathanK\Downloads\ANDE\toolchains\nds32le-elf-mculib-v5f\riscv32-elf\lib\mext-dsp\mno-fma/libdsp.a(riscv_dsp_cfft_q15.o)
                                         0x3d (size before relaxing)
 .comment       0x0000000000000073       0x3d C:\Users\SwaminathanK\Downloads\ANDE\toolchains\nds32le-elf-mculib-v5f\riscv32-elf\lib\mext-dsp\mno-fma/libdsp.a(riscv_dsp_cfft_rd2_q15.o)
 .comment       0x0000000000000073       0x3d C:\Users\SwaminathanK\Downloads\ANDE\toolchains\nds32le-elf-mculib-v5f\riscv32-elf\lib\mext-dsp\mno-fma/libdsp.a(riscv_dsp_cfft_rd4_q15.o)
 .comment       0x0000000000000073       0x3d C:\Users\SwaminathanK\Downloads\ANDE\toolchains\nds32le-elf-mculib-v5f\riscv32-elf\lib\mext-dsp\mno-fma/libdsp.a(riscv_dsp_cmag_q15.o)
 .comment       0x0000000000000073       0x3d C:\Users\SwaminathanK\Downloads\ANDE\toolchains\nds32le-elf-mculib-v5f\riscv32-elf\lib\mext-dsp\mno-fma/libdsp.a(riscv_dsp_cos_table_q15_1024.o)
 .comment       0x0000000000000073       0x3d C:\Users\SwaminathanK\Downloads\ANDE\toolchains\nds32le-elf-mculib-v5f\riscv32-elf\lib\mext-dsp\mno-fma/libdsp.a(riscv_dsp_sqrt_q15.o)
 .comment       0x0000000000000073       0x3d C:\Users\SwaminathanK\Downloads\ANDE\toolchains\nds32le-elf-mculib-v5f\riscv32-elf\lib\mext-dsp\mno-fma/libm.a(lib_a-log.o)
 .comment       0x0000000000000073       0x3d C:\Users\SwaminathanK\Downloads\ANDE\toolchains\nds32le-elf-mculib-v5f\riscv32-elf\lib\mext-dsp\mno-fma/libm.a(lib_a-log_data.o)
 .comment       0x0000000000000073       0x3d C:\Users\SwaminathanK\Downloads\ANDE\toolchains\nds32le-elf-mculib-v5f\riscv32-elf\lib\mext-dsp\mno-fma/libm.a(lib_a-math_err.o)
 .comment       0x0000000000000073       0x3d C:\Users\SwaminathanK\Downloads\ANDE\toolchains\nds32le-elf-mculib-v5f\riscv32-elf\lib\mext-dsp\mno-fma/libm.a(lib_a-sinf.o)
 .comment       0x0000000000000073       0x3d C:\Users\SwaminathanK\Downloads\ANDE\toolchains\nds32le-elf-mculib-v5f\riscv32-elf\lib\mext-dsp\mno-fma/libm.a(lib_a-ref_rredf.o)
 .comment       0x0000000000000073       0x38 /cygdrive/c/TelinkIoTStudio/RDS/V3.2.3/toolchains/nds32le-elf-mculib-v5f/bin/../lib/gcc/riscv32-elf/7.4.0/mext-dsp/libgcc.a(adddf3.o)
 .comment       0x0000000000000073       0x38 /cygdrive/c/TelinkIoTStudio/RDS/V3.2.3/toolchains/nds32le-elf-mculib-v5f/bin/../lib/gcc/riscv32-elf/7.4.0/mext-dsp/libgcc.a(divdf3.o)
 .comment       0x0000000000000073       0x38 /cygdrive/c/TelinkIoTStudio/RDS/V3.2.3/toolchains/nds32le-elf-mculib-v5f/bin/../lib/gcc/riscv32-elf/7.4.0/mext-dsp/libgcc.a(muldf3.o)
 .comment       0x0000000000000073       0x38 /cygdrive/c/TelinkIoTStudio/RDS/V3.2.3/toolchains/nds32le-elf-mculib-v5f/bin/../lib/gcc/riscv32-elf/7.4.0/mext-dsp/libgcc.a(subdf3.o)
 .comment       0x0000000000000073       0x38 /cygdrive/c/TelinkIoTStudio/RDS/V3.2.3/toolchains/nds32le-elf-mculib-v5f/bin/../lib/gcc/riscv32-elf/7.4.0/mext-dsp/libgcc.a(unorddf2.o)
 .comment       0x0000000000000073       0x38 /cygdrive/c/TelinkIoTStudio/RDS/V3.2.3/toolchains/nds32le-elf-mculib-v5f/bin/../lib/gcc/riscv32-elf/7.4.0/mext-dsp/libgcc.a(fixdfsi.o)
 .comment       0x0000000000000073       0x38 /cygdrive/c/TelinkIoTStudio/RDS/V3.2.3/toolchains/nds32le-elf-mculib-v5f/bin/../lib/gcc/riscv32-elf/7.4.0/mext-dsp/libgcc.a(floatsidf.o)
 .comment       0x0000000000000073       0x38 /cygdrive/c/TelinkIoTStudio/RDS/V3.2.3/toolchains/nds32le-elf-mculib-v5f/bin/../lib/gcc/riscv32-elf/7.4.0/mext-dsp/libgcc.a(extendsfdf2.o)
 .comment       0x0000000000000073       0x38 /cygdrive/c/TelinkIoTStudio/RDS/V3.2.3/toolchains/nds32le-elf-mculib-v5f/bin/../lib/gcc/riscv32-elf/7.4.0/mext-dsp/libgcc.a(truncdfsf2.o)
 .comment       0x0000000000000073       0x3d C:\Users\SwaminathanK\Downloads\ANDE\toolchains\nds32le-elf-mculib-v5f\riscv32-elf\lib\mext-dsp\mno-fma/libc.a(lib_a-errno.o)
 .comment       0x0000000000000073       0x3d C:\Users\SwaminathanK\Downloads\ANDE\toolchains\nds32le-elf-mculib-v5f\riscv32-elf\lib\mext-dsp\mno-fma/libc.a(lib_a-malloc.o)
 .comment       0x0000000000000073       0x3d C:\Users\SwaminathanK\Downloads\ANDE\toolchains\nds32le-elf-mculib-v5f\riscv32-elf\lib\mext-dsp\mno-fma/libc.a(lib_a-nano-freer.o)
 .comment       0x0000000000000073       0x3d C:\Users\SwaminathanK\Downloads\ANDE\toolchains\nds32le-elf-mculib-v5f\riscv32-elf\lib\mext-dsp\mno-fma/libc.a(lib_a-nano-mallocr.o)
 .comment       0x0000000000000073       0x3d C:\Users\SwaminathanK\Downloads\ANDE\toolchains\nds32le-elf-mculib-v5f\riscv32-elf\lib\mext-dsp\mno-fma/libc.a(lib_a-printf.o)
 .comment       0x0000000000000073       0x3d C:\Users\SwaminathanK\Downloads\ANDE\toolchains\nds32le-elf-mculib-v5f\riscv32-elf\lib\mext-dsp\mno-fma/libc.a(lib_a-putchar.o)
 .comment       0x0000000000000073       0x3d C:\Users\SwaminathanK\Downloads\ANDE\toolchains\nds32le-elf-mculib-v5f\riscv32-elf\lib\mext-dsp\mno-fma/libc.a(lib_a-puts.o)
 .comment       0x0000000000000073       0x3d C:\Users\SwaminathanK\Downloads\ANDE\toolchains\nds32le-elf-mculib-v5f\riscv32-elf\lib\mext-dsp\mno-fma/libc.a(lib_a-vprintf.o)
 .comment       0x0000000000000073       0x3d C:\Users\SwaminathanK\Downloads\ANDE\toolchains\nds32le-elf-mculib-v5f\riscv32-elf\lib\mext-dsp\mno-fma/libc.a(lib_a-impure.o)
 .comment       0x0000000000000073       0x3d C:\Users\SwaminathanK\Downloads\ANDE\toolchains\nds32le-elf-mculib-v5f\riscv32-elf\lib\mext-dsp\mno-fma/libc.a(lib_a-printf_data.o)
 .comment       0x0000000000000073       0x3d C:\Users\SwaminathanK\Downloads\ANDE\toolchains\nds32le-elf-mculib-v5f\riscv32-elf\lib\mext-dsp\mno-fma/libc.a(lib_a-printf_impl.o)
 .comment       0x0000000000000073       0x3d C:\Users\SwaminathanK\Downloads\ANDE\toolchains\nds32le-elf-mculib-v5f\riscv32-elf\lib\mext-dsp\mno-fma/libc.a(lib_a-printf_impl_float.o)
 .comment       0x0000000000000073       0x3d C:\Users\SwaminathanK\Downloads\ANDE\toolchains\nds32le-elf-mculib-v5f\riscv32-elf\lib\mext-dsp\mno-fma/libc.a(lib_a-strnlen.o)
 .comment       0x0000000000000073       0x3d C:\Users\SwaminathanK\Downloads\ANDE\toolchains\nds32le-elf-mculib-v5f\riscv32-elf\lib\mext-dsp\mno-fma/libgloss.a(_sbrk.o)
 .comment       0x0000000000000073       0x38 /cygdrive/c/TelinkIoTStudio/RDS/V3.2.3/toolchains/nds32le-elf-mculib-v5f/bin/../lib/gcc/riscv32-elf/7.4.0/mext-dsp/libgcc.a(_lshrdi3.o)
 .comment       0x0000000000000073       0x38 /cygdrive/c/TelinkIoTStudio/RDS/V3.2.3/toolchains/nds32le-elf-mculib-v5f/bin/../lib/gcc/riscv32-elf/7.4.0/mext-dsp/libgcc.a(_ashldi3.o)

.riscv.attributes
                0x0000000000000000       0x4a
 .riscv.attributes
                0x0000000000000000       0x3d /cygdrive/c/Users/SWAMIN~1/AppData/Local/Temp/cc4eZDb3.ltrans0.ltrans.o
 .riscv.attributes
                0x000000000000003d       0x39 ./boot/cstartup_flash.o
 .riscv.attributes
                0x0000000000000076       0x3c C:\Users\SwaminathanK\Downloads\ANDE\toolchains\nds32le-elf-mculib-v5f\riscv32-elf\lib\mext-dsp\mno-fma/libdsp.a(riscv_dsp_cfft_q15.o)
 .riscv.attributes
                0x00000000000000b2       0x3c C:\Users\SwaminathanK\Downloads\ANDE\toolchains\nds32le-elf-mculib-v5f\riscv32-elf\lib\mext-dsp\mno-fma/libdsp.a(riscv_dsp_cfft_rd2_q15.o)
 .riscv.attributes
                0x00000000000000ee       0x3c C:\Users\SwaminathanK\Downloads\ANDE\toolchains\nds32le-elf-mculib-v5f\riscv32-elf\lib\mext-dsp\mno-fma/libdsp.a(riscv_dsp_cfft_rd4_q15.o)
 .riscv.attributes
                0x000000000000012a       0x3c C:\Users\SwaminathanK\Downloads\ANDE\toolchains\nds32le-elf-mculib-v5f\riscv32-elf\lib\mext-dsp\mno-fma/libdsp.a(riscv_dsp_cmag_q15.o)
 .riscv.attributes
                0x0000000000000166       0x3c C:\Users\SwaminathanK\Downloads\ANDE\toolchains\nds32le-elf-mculib-v5f\riscv32-elf\lib\mext-dsp\mno-fma/libdsp.a(riscv_dsp_cos_table_q15_1024.o)
 .riscv.attributes
                0x00000000000001a2       0x3c C:\Users\SwaminathanK\Downloads\ANDE\toolchains\nds32le-elf-mculib-v5f\riscv32-elf\lib\mext-dsp\mno-fma/libdsp.a(riscv_dsp_sqrt_q15.o)
 .riscv.attributes
                0x00000000000001de       0x3a C:\Users\SwaminathanK\Downloads\ANDE\toolchains\nds32le-elf-mculib-v5f\riscv32-elf\lib\mext-dsp\mno-fma/libm.a(lib_a-log.o)
 .riscv.attributes
                0x0000000000000218       0x3a C:\Users\SwaminathanK\Downloads\ANDE\toolchains\nds32le-elf-mculib-v5f\riscv32-elf\lib\mext-dsp\mno-fma/libm.a(lib_a-log_data.o)
 .riscv.attributes
                0x0000000000000252       0x3a C:\Users\SwaminathanK\Downloads\ANDE\toolchains\nds32le-elf-mculib-v5f\riscv32-elf\lib\mext-dsp\mno-fma/libm.a(lib_a-math_err.o)
 .riscv.attributes
                0x000000000000028c       0x3a C:\Users\SwaminathanK\Downloads\ANDE\toolchains\nds32le-elf-mculib-v5f\riscv32-elf\lib\mext-dsp\mno-fma/libm.a(lib_a-sinf.o)
 .riscv.attributes
                0x00000000000002c6       0x3a C:\Users\SwaminathanK\Downloads\ANDE\toolchains\nds32le-elf-mculib-v5f\riscv32-elf\lib\mext-dsp\mno-fma/libm.a(lib_a-ref_rredf.o)
 .riscv.attributes
                0x0000000000000300       0x3b /cygdrive/c/TelinkIoTStudio/RDS/V3.2.3/toolchains/nds32le-elf-mculib-v5f/bin/../lib/gcc/riscv32-elf/7.4.0/mext-dsp/libgcc.a(adddf3.o)
 .riscv.attributes
                0x000000000000033b       0x3b /cygdrive/c/TelinkIoTStudio/RDS/V3.2.3/toolchains/nds32le-elf-mculib-v5f/bin/../lib/gcc/riscv32-elf/7.4.0/mext-dsp/libgcc.a(divdf3.o)
 .riscv.attributes
                0x0000000000000376       0x3b /cygdrive/c/TelinkIoTStudio/RDS/V3.2.3/toolchains/nds32le-elf-mculib-v5f/bin/../lib/gcc/riscv32-elf/7.4.0/mext-dsp/libgcc.a(muldf3.o)
 .riscv.attributes
                0x00000000000003b1       0x3b /cygdrive/c/TelinkIoTStudio/RDS/V3.2.3/toolchains/nds32le-elf-mculib-v5f/bin/../lib/gcc/riscv32-elf/7.4.0/mext-dsp/libgcc.a(subdf3.o)
 .riscv.attributes
                0x00000000000003ec       0x3b /cygdrive/c/TelinkIoTStudio/RDS/V3.2.3/toolchains/nds32le-elf-mculib-v5f/bin/../lib/gcc/riscv32-elf/7.4.0/mext-dsp/libgcc.a(unorddf2.o)
 .riscv.attributes
                0x0000000000000427       0x3b /cygdrive/c/TelinkIoTStudio/RDS/V3.2.3/toolchains/nds32le-elf-mculib-v5f/bin/../lib/gcc/riscv32-elf/7.4.0/mext-dsp/libgcc.a(fixdfsi.o)
 .riscv.attributes
                0x0000000000000462       0x3b /cygdrive/c/TelinkIoTStudio/RDS/V3.2.3/toolchains/nds32le-elf-mculib-v5f/bin/../lib/gcc/riscv32-elf/7.4.0/mext-dsp/libgcc.a(floatsidf.o)
 .riscv.attributes
                0x000000000000049d       0x3b /cygdrive/c/TelinkIoTStudio/RDS/V3.2.3/toolchains/nds32le-elf-mculib-v5f/bin/../lib/gcc/riscv32-elf/7.4.0/mext-dsp/libgcc.a(extendsfdf2.o)
 .riscv.attributes
                0x00000000000004d8       0x3b /cygdrive/c/TelinkIoTStudio/RDS/V3.2.3/toolchains/nds32le-elf-mculib-v5f/bin/../lib/gcc/riscv32-elf/7.4.0/mext-dsp/libgcc.a(truncdfsf2.o)
 .riscv.attributes
                0x0000000000000513       0x39 /cygdrive/c/TelinkIoTStudio/RDS/V3.2.3/toolchains/nds32le-elf-mculib-v5f/bin/../lib/gcc/riscv32-elf/7.4.0/mext-dsp/libgcc.a(save-restore.o)
 .riscv.attributes
                0x000000000000054c       0x3a C:\Users\SwaminathanK\Downloads\ANDE\toolchains\nds32le-elf-mculib-v5f\riscv32-elf\lib\mext-dsp\mno-fma/libc.a(lib_a-errno.o)
 .riscv.attributes
                0x0000000000000586       0x3a C:\Users\SwaminathanK\Downloads\ANDE\toolchains\nds32le-elf-mculib-v5f\riscv32-elf\lib\mext-dsp\mno-fma/libc.a(lib_a-malloc.o)
 .riscv.attributes
                0x00000000000005c0       0x38 C:\Users\SwaminathanK\Downloads\ANDE\toolchains\nds32le-elf-mculib-v5f\riscv32-elf\lib\mext-dsp\mno-fma/libc.a(lib_a-memcpy.o)
 .riscv.attributes
                0x00000000000005f8       0x3a C:\Users\SwaminathanK\Downloads\ANDE\toolchains\nds32le-elf-mculib-v5f\riscv32-elf\lib\mext-dsp\mno-fma/libc.a(lib_a-nano-freer.o)
 .riscv.attributes
                0x0000000000000632       0x3a C:\Users\SwaminathanK\Downloads\ANDE\toolchains\nds32le-elf-mculib-v5f\riscv32-elf\lib\mext-dsp\mno-fma/libc.a(lib_a-nano-mallocr.o)
 .riscv.attributes
                0x000000000000066c       0x3a C:\Users\SwaminathanK\Downloads\ANDE\toolchains\nds32le-elf-mculib-v5f\riscv32-elf\lib\mext-dsp\mno-fma/libc.a(lib_a-printf.o)
 .riscv.attributes
                0x00000000000006a6       0x3a C:\Users\SwaminathanK\Downloads\ANDE\toolchains\nds32le-elf-mculib-v5f\riscv32-elf\lib\mext-dsp\mno-fma/libc.a(lib_a-putchar.o)
 .riscv.attributes
                0x00000000000006e0       0x3a C:\Users\SwaminathanK\Downloads\ANDE\toolchains\nds32le-elf-mculib-v5f\riscv32-elf\lib\mext-dsp\mno-fma/libc.a(lib_a-puts.o)
 .riscv.attributes
                0x000000000000071a       0x38 C:\Users\SwaminathanK\Downloads\ANDE\toolchains\nds32le-elf-mculib-v5f\riscv32-elf\lib\mext-dsp\mno-fma/libc.a(lib_a-strlen.o)
 .riscv.attributes
                0x0000000000000752       0x3a C:\Users\SwaminathanK\Downloads\ANDE\toolchains\nds32le-elf-mculib-v5f\riscv32-elf\lib\mext-dsp\mno-fma/libc.a(lib_a-vprintf.o)
 .riscv.attributes
                0x000000000000078c       0x3a C:\Users\SwaminathanK\Downloads\ANDE\toolchains\nds32le-elf-mculib-v5f\riscv32-elf\lib\mext-dsp\mno-fma/libc.a(lib_a-impure.o)
 .riscv.attributes
                0x00000000000007c6       0x3a C:\Users\SwaminathanK\Downloads\ANDE\toolchains\nds32le-elf-mculib-v5f\riscv32-elf\lib\mext-dsp\mno-fma/libc.a(lib_a-printf_data.o)
 .riscv.attributes
                0x0000000000000800       0x3a C:\Users\SwaminathanK\Downloads\ANDE\toolchains\nds32le-elf-mculib-v5f\riscv32-elf\lib\mext-dsp\mno-fma/libc.a(lib_a-printf_impl.o)
 .riscv.attributes
                0x000000000000083a       0x3a C:\Users\SwaminathanK\Downloads\ANDE\toolchains\nds32le-elf-mculib-v5f\riscv32-elf\lib\mext-dsp\mno-fma/libc.a(lib_a-printf_impl_float.o)
 .riscv.attributes
                0x0000000000000874       0x38 C:\Users\SwaminathanK\Downloads\ANDE\toolchains\nds32le-elf-mculib-v5f\riscv32-elf\lib\mext-dsp\mno-fma/libc.a(lib_a-strcpy.o)
 .riscv.attributes
                0x00000000000008ac       0x3a C:\Users\SwaminathanK\Downloads\ANDE\toolchains\nds32le-elf-mculib-v5f\riscv32-elf\lib\mext-dsp\mno-fma/libc.a(lib_a-strnlen.o)
 .riscv.attributes
                0x00000000000008e6       0x38 C:\Users\SwaminathanK\Downloads\ANDE\toolchains\nds32le-elf-mculib-v5f\riscv32-elf\lib\mext-dsp\mno-fma/libc.a(lib_a-memset.o)
 .riscv.attributes
                0x000000000000091e       0x3a C:\Users\SwaminathanK\Downloads\ANDE\toolchains\nds32le-elf-mculib-v5f\riscv32-elf\lib\mext-dsp\mno-fma/libgloss.a(_sbrk.o)
 .riscv.attributes
                0x0000000000000958       0x3b /cygdrive/c/TelinkIoTStudio/RDS/V3.2.3/toolchains/nds32le-elf-mculib-v5f/bin/../lib/gcc/riscv32-elf/7.4.0/mext-dsp/libgcc.a(_lshrdi3.o)
 .riscv.attributes
                0x0000000000000993       0x3b /cygdrive/c/TelinkIoTStudio/RDS/V3.2.3/toolchains/nds32le-elf-mculib-v5f/bin/../lib/gcc/riscv32-elf/7.4.0/mext-dsp/libgcc.a(_ashldi3.o)

.debug_frame    0x0000000000000000      0x848
 .debug_frame   0x0000000000000000      0x690 /cygdrive/c/Users/SWAMIN~1/AppData/Local/Temp/cc4eZDb3.ltrans0.ltrans.o
 .debug_frame   0x0000000000000690       0x20 /cygdrive/c/TelinkIoTStudio/RDS/V3.2.3/toolchains/nds32le-elf-mculib-v5f/bin/../lib/gcc/riscv32-elf/7.4.0/mext-dsp/libgcc.a(adddf3.o)
 .debug_frame   0x00000000000006b0       0x50 /cygdrive/c/TelinkIoTStudio/RDS/V3.2.3/toolchains/nds32le-elf-mculib-v5f/bin/../lib/gcc/riscv32-elf/7.4.0/mext-dsp/libgcc.a(divdf3.o)
 .debug_frame   0x0000000000000700       0x48 /cygdrive/c/TelinkIoTStudio/RDS/V3.2.3/toolchains/nds32le-elf-mculib-v5f/bin/../lib/gcc/riscv32-elf/7.4.0/mext-dsp/libgcc.a(muldf3.o)
 .debug_frame   0x0000000000000748       0x20 /cygdrive/c/TelinkIoTStudio/RDS/V3.2.3/toolchains/nds32le-elf-mculib-v5f/bin/../lib/gcc/riscv32-elf/7.4.0/mext-dsp/libgcc.a(subdf3.o)
 .debug_frame   0x0000000000000768       0x20 /cygdrive/c/TelinkIoTStudio/RDS/V3.2.3/toolchains/nds32le-elf-mculib-v5f/bin/../lib/gcc/riscv32-elf/7.4.0/mext-dsp/libgcc.a(unorddf2.o)
 .debug_frame   0x0000000000000788       0x20 /cygdrive/c/TelinkIoTStudio/RDS/V3.2.3/toolchains/nds32le-elf-mculib-v5f/bin/../lib/gcc/riscv32-elf/7.4.0/mext-dsp/libgcc.a(fixdfsi.o)
 .debug_frame   0x00000000000007a8       0x20 /cygdrive/c/TelinkIoTStudio/RDS/V3.2.3/toolchains/nds32le-elf-mculib-v5f/bin/../lib/gcc/riscv32-elf/7.4.0/mext-dsp/libgcc.a(floatsidf.o)
 .debug_frame   0x00000000000007c8       0x20 /cygdrive/c/TelinkIoTStudio/RDS/V3.2.3/toolchains/nds32le-elf-mculib-v5f/bin/../lib/gcc/riscv32-elf/7.4.0/mext-dsp/libgcc.a(extendsfdf2.o)
 .debug_frame   0x00000000000007e8       0x20 /cygdrive/c/TelinkIoTStudio/RDS/V3.2.3/toolchains/nds32le-elf-mculib-v5f/bin/../lib/gcc/riscv32-elf/7.4.0/mext-dsp/libgcc.a(truncdfsf2.o)
 .debug_frame   0x0000000000000808       0x20 /cygdrive/c/TelinkIoTStudio/RDS/V3.2.3/toolchains/nds32le-elf-mculib-v5f/bin/../lib/gcc/riscv32-elf/7.4.0/mext-dsp/libgcc.a(_lshrdi3.o)
 .debug_frame   0x0000000000000828       0x20 /cygdrive/c/TelinkIoTStudio/RDS/V3.2.3/toolchains/nds32le-elf-mculib-v5f/bin/../lib/gcc/riscv32-elf/7.4.0/mext-dsp/libgcc.a(_ashldi3.o)
