Archive member included to satisfy reference by file (symbol)

C:\Users\SwaminathanK\Downloads\telink_b91m_driver_sdk\chip\B91\drivers\lib/libdriver.a(pm.o)
                              ./boot/cstartup_flash.o (g_pm_mspi_cfg)
C:\Users\SwaminathanK\Downloads\telink_b91m_driver_sdk\chip\B91\drivers\lib/libdriver.a(rf.o)
                              ./drivers/emi.o (symbol from plugin) (rf_set_chn)
C:\Users\SwaminathanK\Downloads\telink_b91m_driver_sdk\chip\B91\drivers\lib/libdriver.a(sys.o)
                              ./vendor/common/common.o (symbol from plugin) (sys_init)
C:\Users\SwaminathanK\Downloads\telink_b91m_driver_sdk\chip\B91\drivers\lib/libdriver.a(plic.o)
                              ./drivers/flash.o (symbol from plugin) (plic_enter_critical_sec)
/cygdrive/c/TelinkIoTStudio/RDS/V3.2.3/toolchains/nds32le-elf-mculib-v5f/bin/../lib/gcc/riscv32-elf/7.4.0/../../../../riscv32-elf/lib/mext-dsp/libc.a(lib_a-printf.o)
                              /cygdrive/c/Users/SWAMIN~1/AppData/Local/Temp/ccu0Y66B.ltrans0.ltrans.o (printf)
/cygdrive/c/TelinkIoTStudio/RDS/V3.2.3/toolchains/nds32le-elf-mculib-v5f/bin/../lib/gcc/riscv32-elf/7.4.0/../../../../riscv32-elf/lib/mext-dsp/libc.a(lib_a-puts.o)
                              /cygdrive/c/Users/SWAMIN~1/AppData/Local/Temp/ccu0Y66B.ltrans0.ltrans.o (puts)
/cygdrive/c/TelinkIoTStudio/RDS/V3.2.3/toolchains/nds32le-elf-mculib-v5f/bin/../lib/gcc/riscv32-elf/7.4.0/../../../../riscv32-elf/lib/mext-dsp/libc.a(lib_a-strlen.o)
                              /cygdrive/c/TelinkIoTStudio/RDS/V3.2.3/toolchains/nds32le-elf-mculib-v5f/bin/../lib/gcc/riscv32-elf/7.4.0/../../../../riscv32-elf/lib/mext-dsp/libc.a(lib_a-puts.o) (strlen)
/cygdrive/c/TelinkIoTStudio/RDS/V3.2.3/toolchains/nds32le-elf-mculib-v5f/bin/../lib/gcc/riscv32-elf/7.4.0/../../../../riscv32-elf/lib/mext-dsp/libc.a(lib_a-vprintf.o)
                              /cygdrive/c/TelinkIoTStudio/RDS/V3.2.3/toolchains/nds32le-elf-mculib-v5f/bin/../lib/gcc/riscv32-elf/7.4.0/../../../../riscv32-elf/lib/mext-dsp/libc.a(lib_a-printf.o) (vprintf)
/cygdrive/c/TelinkIoTStudio/RDS/V3.2.3/toolchains/nds32le-elf-mculib-v5f/bin/../lib/gcc/riscv32-elf/7.4.0/../../../../riscv32-elf/lib/mext-dsp/libc.a(lib_a-printf_data.o)
                              /cygdrive/c/TelinkIoTStudio/RDS/V3.2.3/toolchains/nds32le-elf-mculib-v5f/bin/../lib/gcc/riscv32-elf/7.4.0/../../../../riscv32-elf/lib/mext-dsp/libc.a(lib_a-vprintf.o) (__printf_count)
/cygdrive/c/TelinkIoTStudio/RDS/V3.2.3/toolchains/nds32le-elf-mculib-v5f/bin/../lib/gcc/riscv32-elf/7.4.0/../../../../riscv32-elf/lib/mext-dsp/libc.a(lib_a-printf_impl.o)
                              /cygdrive/c/TelinkIoTStudio/RDS/V3.2.3/toolchains/nds32le-elf-mculib-v5f/bin/../lib/gcc/riscv32-elf/7.4.0/../../../../riscv32-elf/lib/mext-dsp/libc.a(lib_a-vprintf.o) (__printf_impl)
/cygdrive/c/TelinkIoTStudio/RDS/V3.2.3/toolchains/nds32le-elf-mculib-v5f/bin/../lib/gcc/riscv32-elf/7.4.0/../../../../riscv32-elf/lib/mext-dsp/libc.a(lib_a-printf_impl_float.o)
                              /cygdrive/c/TelinkIoTStudio/RDS/V3.2.3/toolchains/nds32le-elf-mculib-v5f/bin/../lib/gcc/riscv32-elf/7.4.0/../../../../riscv32-elf/lib/mext-dsp/libc.a(lib_a-printf_impl.o) (__int_to_poly)
/cygdrive/c/TelinkIoTStudio/RDS/V3.2.3/toolchains/nds32le-elf-mculib-v5f/bin/../lib/gcc/riscv32-elf/7.4.0/../../../../riscv32-elf/lib/mext-dsp/libc.a(lib_a-strcpy.o)
                              /cygdrive/c/TelinkIoTStudio/RDS/V3.2.3/toolchains/nds32le-elf-mculib-v5f/bin/../lib/gcc/riscv32-elf/7.4.0/../../../../riscv32-elf/lib/mext-dsp/libc.a(lib_a-printf_impl_float.o) (strcpy)
/cygdrive/c/TelinkIoTStudio/RDS/V3.2.3/toolchains/nds32le-elf-mculib-v5f/bin/../lib/gcc/riscv32-elf/7.4.0/../../../../riscv32-elf/lib/mext-dsp/libc.a(lib_a-strnlen.o)
                              /cygdrive/c/TelinkIoTStudio/RDS/V3.2.3/toolchains/nds32le-elf-mculib-v5f/bin/../lib/gcc/riscv32-elf/7.4.0/../../../../riscv32-elf/lib/mext-dsp/libc.a(lib_a-printf_impl.o) (strnlen)
/cygdrive/c/TelinkIoTStudio/RDS/V3.2.3/toolchains/nds32le-elf-mculib-v5f/bin/../lib/gcc/riscv32-elf/7.4.0/../../../../riscv32-elf/lib/mext-dsp/libc.a(lib_a-memset.o)
                              /cygdrive/c/TelinkIoTStudio/RDS/V3.2.3/toolchains/nds32le-elf-mculib-v5f/bin/../lib/gcc/riscv32-elf/7.4.0/../../../../riscv32-elf/lib/mext-dsp/libc.a(lib_a-printf_impl_float.o) (memset)
/cygdrive/c/TelinkIoTStudio/RDS/V3.2.3/toolchains/nds32le-elf-mculib-v5f/bin/../lib/gcc/riscv32-elf/7.4.0/mext-dsp/libgcc.a(_lshrdi3.o)
                              /cygdrive/c/TelinkIoTStudio/RDS/V3.2.3/toolchains/nds32le-elf-mculib-v5f/bin/../lib/gcc/riscv32-elf/7.4.0/../../../../riscv32-elf/lib/mext-dsp/libc.a(lib_a-printf_impl_float.o) (__lshrdi3)
/cygdrive/c/TelinkIoTStudio/RDS/V3.2.3/toolchains/nds32le-elf-mculib-v5f/bin/../lib/gcc/riscv32-elf/7.4.0/mext-dsp/libgcc.a(_ashldi3.o)
                              /cygdrive/c/TelinkIoTStudio/RDS/V3.2.3/toolchains/nds32le-elf-mculib-v5f/bin/../lib/gcc/riscv32-elf/7.4.0/../../../../riscv32-elf/lib/mext-dsp/libc.a(lib_a-printf_impl_float.o) (__ashldi3)
/cygdrive/c/TelinkIoTStudio/RDS/V3.2.3/toolchains/nds32le-elf-mculib-v5f/bin/../lib/gcc/riscv32-elf/7.4.0/mext-dsp/libgcc.a(save-restore.o)
                              /cygdrive/c/TelinkIoTStudio/RDS/V3.2.3/toolchains/nds32le-elf-mculib-v5f/bin/../lib/gcc/riscv32-elf/7.4.0/../../../../riscv32-elf/lib/mext-dsp/libc.a(lib_a-printf_impl.o) (__riscv_save_12)

Allocating common symbols
Common symbol       size              file

s7816_vcc_pin       0x4               ./drivers/s7816.o (symbol from plugin)
audio_rx_dma_chn    0x1               ./drivers/audio.o (symbol from plugin)
g_pm_status_info    0x4               pm.o (symbol from plugin)
para_buff           0x40              ./vendor/common/auto_test/pc_interface.o (symbol from plugin)
g_adc_pre_scale     0x1               ./drivers/adc.o (symbol from plugin)
buff                0x140             ./common/usb_dbg/myudb_usb.o (symbol from plugin)
g_rfmode            0x2               rf.o (symbol from plugin)
g_clk_32k_src       0x1               ./drivers/clock.o (symbol from plugin)
command_buff        0x100             ./vendor/common/auto_test/pc_interface.o (symbol from plugin)
audio_tx_dma_chn    0x1               ./drivers/audio.o (symbol from plugin)
myudb_txfifo_b      0x1180            ./common/usb_dbg/myudb_usb.o (symbol from plugin)
par_addr            0x14              ./vendor/common/auto_test/pc_interface.o (symbol from plugin)
s7816_rst_time      0x4               ./drivers/s7816.o (symbol from plugin)
g_adc_vbat_divider  0x1               ./drivers/adc.o (symbol from plugin)
g_audio_tx_dma_list_cfg
                    0x14              ./drivers/audio.o (symbol from plugin)
g_audio_rx_dma_list_cfg
                    0x14              ./drivers/audio.o (symbol from plugin)
result_buff         0x100             ./vendor/common/auto_test/pc_interface.o (symbol from plugin)
s7816_rtx_pin       0x4               ./drivers/s7816.o (symbol from plugin)
s7816_rst_pin       0x4               ./drivers/s7816.o (symbol from plugin)
s7816_clock         0x1               ./drivers/s7816.o (symbol from plugin)
adc_dma_chn         0x1               ./drivers/adc.o (symbol from plugin)

Discarded input sections

 .data          0x0000000000000000        0x0 /cygdrive/c/Users/SWAMIN~1/AppData/Local/Temp/ccu0Y66B.ltrans0.ltrans.o
 .bss           0x0000000000000000        0x0 /cygdrive/c/Users/SWAMIN~1/AppData/Local/Temp/ccu0Y66B.ltrans0.ltrans.o
 .bss.par_addr  0x0000000000000000       0x14 /cygdrive/c/Users/SWAMIN~1/AppData/Local/Temp/ccu0Y66B.ltrans0.ltrans.o
 .sbss.g_adc_pre_scale
                0x0000000000000000        0x1 /cygdrive/c/Users/SWAMIN~1/AppData/Local/Temp/ccu0Y66B.ltrans0.ltrans.o
 .sbss.g_adc_vbat_divider
                0x0000000000000000        0x1 /cygdrive/c/Users/SWAMIN~1/AppData/Local/Temp/ccu0Y66B.ltrans0.ltrans.o
 .sbss.g_single_tong_freqoffset
                0x0000000000000000        0x1 /cygdrive/c/Users/SWAMIN~1/AppData/Local/Temp/ccu0Y66B.ltrans0.ltrans.o
 .sbss.s7816_clock
                0x0000000000000000        0x1 /cygdrive/c/Users/SWAMIN~1/AppData/Local/Temp/ccu0Y66B.ltrans0.ltrans.o
 .sbss.s7816_rst_pin
                0x0000000000000000        0x4 /cygdrive/c/Users/SWAMIN~1/AppData/Local/Temp/ccu0Y66B.ltrans0.ltrans.o
 .sbss.s7816_rst_time
                0x0000000000000000        0x4 /cygdrive/c/Users/SWAMIN~1/AppData/Local/Temp/ccu0Y66B.ltrans0.ltrans.o
 .sbss.s7816_rtx_pin
                0x0000000000000000        0x4 /cygdrive/c/Users/SWAMIN~1/AppData/Local/Temp/ccu0Y66B.ltrans0.ltrans.o
 .sbss.s7816_vcc_pin
                0x0000000000000000        0x4 /cygdrive/c/Users/SWAMIN~1/AppData/Local/Temp/ccu0Y66B.ltrans0.ltrans.o
 .sdata.mtime_clock_source
                0x0000000000000000        0x4 /cygdrive/c/Users/SWAMIN~1/AppData/Local/Temp/ccu0Y66B.ltrans0.ltrans.o
 .data          0x0000000000000000        0x0 ./boot/cstartup_flash.o
 .bss           0x0000000000000000        0x0 ./boot/cstartup_flash.o
 .text          0x0000000000000000        0x0 ./boot/cstartup_ram.o
 .data          0x0000000000000000        0x0 ./boot/cstartup_ram.o
 .bss           0x0000000000000000        0x0 ./boot/cstartup_ram.o
 .riscv.attributes
                0x0000000000000000       0x39 ./boot/cstartup_ram.o
 .text          0x0000000000000000        0x0 /cygdrive/c/TelinkIoTStudio/RDS/V3.2.3/toolchains/nds32le-elf-mculib-v5f/bin/../lib/gcc/riscv32-elf/7.4.0/../../../../riscv32-elf/lib/mext-dsp/libc.a(lib_a-printf.o)
 .data          0x0000000000000000        0x0 /cygdrive/c/TelinkIoTStudio/RDS/V3.2.3/toolchains/nds32le-elf-mculib-v5f/bin/../lib/gcc/riscv32-elf/7.4.0/../../../../riscv32-elf/lib/mext-dsp/libc.a(lib_a-printf.o)
 .bss           0x0000000000000000        0x0 /cygdrive/c/TelinkIoTStudio/RDS/V3.2.3/toolchains/nds32le-elf-mculib-v5f/bin/../lib/gcc/riscv32-elf/7.4.0/../../../../riscv32-elf/lib/mext-dsp/libc.a(lib_a-printf.o)
 .text          0x0000000000000000        0x0 /cygdrive/c/TelinkIoTStudio/RDS/V3.2.3/toolchains/nds32le-elf-mculib-v5f/bin/../lib/gcc/riscv32-elf/7.4.0/../../../../riscv32-elf/lib/mext-dsp/libc.a(lib_a-puts.o)
 .data          0x0000000000000000        0x0 /cygdrive/c/TelinkIoTStudio/RDS/V3.2.3/toolchains/nds32le-elf-mculib-v5f/bin/../lib/gcc/riscv32-elf/7.4.0/../../../../riscv32-elf/lib/mext-dsp/libc.a(lib_a-puts.o)
 .bss           0x0000000000000000        0x0 /cygdrive/c/TelinkIoTStudio/RDS/V3.2.3/toolchains/nds32le-elf-mculib-v5f/bin/../lib/gcc/riscv32-elf/7.4.0/../../../../riscv32-elf/lib/mext-dsp/libc.a(lib_a-puts.o)
 .text          0x0000000000000000        0x0 /cygdrive/c/TelinkIoTStudio/RDS/V3.2.3/toolchains/nds32le-elf-mculib-v5f/bin/../lib/gcc/riscv32-elf/7.4.0/../../../../riscv32-elf/lib/mext-dsp/libc.a(lib_a-strlen.o)
 .data          0x0000000000000000        0x0 /cygdrive/c/TelinkIoTStudio/RDS/V3.2.3/toolchains/nds32le-elf-mculib-v5f/bin/../lib/gcc/riscv32-elf/7.4.0/../../../../riscv32-elf/lib/mext-dsp/libc.a(lib_a-strlen.o)
 .bss           0x0000000000000000        0x0 /cygdrive/c/TelinkIoTStudio/RDS/V3.2.3/toolchains/nds32le-elf-mculib-v5f/bin/../lib/gcc/riscv32-elf/7.4.0/../../../../riscv32-elf/lib/mext-dsp/libc.a(lib_a-strlen.o)
 .text          0x0000000000000000        0x0 /cygdrive/c/TelinkIoTStudio/RDS/V3.2.3/toolchains/nds32le-elf-mculib-v5f/bin/../lib/gcc/riscv32-elf/7.4.0/../../../../riscv32-elf/lib/mext-dsp/libc.a(lib_a-vprintf.o)
 .data          0x0000000000000000        0x0 /cygdrive/c/TelinkIoTStudio/RDS/V3.2.3/toolchains/nds32le-elf-mculib-v5f/bin/../lib/gcc/riscv32-elf/7.4.0/../../../../riscv32-elf/lib/mext-dsp/libc.a(lib_a-vprintf.o)
 .bss           0x0000000000000000        0x0 /cygdrive/c/TelinkIoTStudio/RDS/V3.2.3/toolchains/nds32le-elf-mculib-v5f/bin/../lib/gcc/riscv32-elf/7.4.0/../../../../riscv32-elf/lib/mext-dsp/libc.a(lib_a-vprintf.o)
 COMMON         0x0000000000000000        0x0 /cygdrive/c/TelinkIoTStudio/RDS/V3.2.3/toolchains/nds32le-elf-mculib-v5f/bin/../lib/gcc/riscv32-elf/7.4.0/../../../../riscv32-elf/lib/mext-dsp/libc.a(lib_a-vprintf.o)
 .text          0x0000000000000000        0x0 /cygdrive/c/TelinkIoTStudio/RDS/V3.2.3/toolchains/nds32le-elf-mculib-v5f/bin/../lib/gcc/riscv32-elf/7.4.0/../../../../riscv32-elf/lib/mext-dsp/libc.a(lib_a-printf_data.o)
 .data          0x0000000000000000        0x0 /cygdrive/c/TelinkIoTStudio/RDS/V3.2.3/toolchains/nds32le-elf-mculib-v5f/bin/../lib/gcc/riscv32-elf/7.4.0/../../../../riscv32-elf/lib/mext-dsp/libc.a(lib_a-printf_data.o)
 .bss           0x0000000000000000        0x0 /cygdrive/c/TelinkIoTStudio/RDS/V3.2.3/toolchains/nds32le-elf-mculib-v5f/bin/../lib/gcc/riscv32-elf/7.4.0/../../../../riscv32-elf/lib/mext-dsp/libc.a(lib_a-printf_data.o)
 .text          0x0000000000000000        0x0 /cygdrive/c/TelinkIoTStudio/RDS/V3.2.3/toolchains/nds32le-elf-mculib-v5f/bin/../lib/gcc/riscv32-elf/7.4.0/../../../../riscv32-elf/lib/mext-dsp/libc.a(lib_a-printf_impl.o)
 .data          0x0000000000000000        0x0 /cygdrive/c/TelinkIoTStudio/RDS/V3.2.3/toolchains/nds32le-elf-mculib-v5f/bin/../lib/gcc/riscv32-elf/7.4.0/../../../../riscv32-elf/lib/mext-dsp/libc.a(lib_a-printf_impl.o)
 .bss           0x0000000000000000        0x0 /cygdrive/c/TelinkIoTStudio/RDS/V3.2.3/toolchains/nds32le-elf-mculib-v5f/bin/../lib/gcc/riscv32-elf/7.4.0/../../../../riscv32-elf/lib/mext-dsp/libc.a(lib_a-printf_impl.o)
 .text          0x0000000000000000        0x0 /cygdrive/c/TelinkIoTStudio/RDS/V3.2.3/toolchains/nds32le-elf-mculib-v5f/bin/../lib/gcc/riscv32-elf/7.4.0/../../../../riscv32-elf/lib/mext-dsp/libc.a(lib_a-printf_impl_float.o)
 .data          0x0000000000000000        0x0 /cygdrive/c/TelinkIoTStudio/RDS/V3.2.3/toolchains/nds32le-elf-mculib-v5f/bin/../lib/gcc/riscv32-elf/7.4.0/../../../../riscv32-elf/lib/mext-dsp/libc.a(lib_a-printf_impl_float.o)
 .bss           0x0000000000000000        0x0 /cygdrive/c/TelinkIoTStudio/RDS/V3.2.3/toolchains/nds32le-elf-mculib-v5f/bin/../lib/gcc/riscv32-elf/7.4.0/../../../../riscv32-elf/lib/mext-dsp/libc.a(lib_a-printf_impl_float.o)
 .text          0x0000000000000000        0x0 /cygdrive/c/TelinkIoTStudio/RDS/V3.2.3/toolchains/nds32le-elf-mculib-v5f/bin/../lib/gcc/riscv32-elf/7.4.0/../../../../riscv32-elf/lib/mext-dsp/libc.a(lib_a-strcpy.o)
 .data          0x0000000000000000        0x0 /cygdrive/c/TelinkIoTStudio/RDS/V3.2.3/toolchains/nds32le-elf-mculib-v5f/bin/../lib/gcc/riscv32-elf/7.4.0/../../../../riscv32-elf/lib/mext-dsp/libc.a(lib_a-strcpy.o)
 .bss           0x0000000000000000        0x0 /cygdrive/c/TelinkIoTStudio/RDS/V3.2.3/toolchains/nds32le-elf-mculib-v5f/bin/../lib/gcc/riscv32-elf/7.4.0/../../../../riscv32-elf/lib/mext-dsp/libc.a(lib_a-strcpy.o)
 .text          0x0000000000000000        0x0 /cygdrive/c/TelinkIoTStudio/RDS/V3.2.3/toolchains/nds32le-elf-mculib-v5f/bin/../lib/gcc/riscv32-elf/7.4.0/../../../../riscv32-elf/lib/mext-dsp/libc.a(lib_a-strnlen.o)
 .data          0x0000000000000000        0x0 /cygdrive/c/TelinkIoTStudio/RDS/V3.2.3/toolchains/nds32le-elf-mculib-v5f/bin/../lib/gcc/riscv32-elf/7.4.0/../../../../riscv32-elf/lib/mext-dsp/libc.a(lib_a-strnlen.o)
 .bss           0x0000000000000000        0x0 /cygdrive/c/TelinkIoTStudio/RDS/V3.2.3/toolchains/nds32le-elf-mculib-v5f/bin/../lib/gcc/riscv32-elf/7.4.0/../../../../riscv32-elf/lib/mext-dsp/libc.a(lib_a-strnlen.o)
 .data          0x0000000000000000        0x0 /cygdrive/c/TelinkIoTStudio/RDS/V3.2.3/toolchains/nds32le-elf-mculib-v5f/bin/../lib/gcc/riscv32-elf/7.4.0/../../../../riscv32-elf/lib/mext-dsp/libc.a(lib_a-memset.o)
 .bss           0x0000000000000000        0x0 /cygdrive/c/TelinkIoTStudio/RDS/V3.2.3/toolchains/nds32le-elf-mculib-v5f/bin/../lib/gcc/riscv32-elf/7.4.0/../../../../riscv32-elf/lib/mext-dsp/libc.a(lib_a-memset.o)
 .data          0x0000000000000000        0x0 /cygdrive/c/TelinkIoTStudio/RDS/V3.2.3/toolchains/nds32le-elf-mculib-v5f/bin/../lib/gcc/riscv32-elf/7.4.0/mext-dsp/libgcc.a(_lshrdi3.o)
 .bss           0x0000000000000000        0x0 /cygdrive/c/TelinkIoTStudio/RDS/V3.2.3/toolchains/nds32le-elf-mculib-v5f/bin/../lib/gcc/riscv32-elf/7.4.0/mext-dsp/libgcc.a(_lshrdi3.o)
 .data          0x0000000000000000        0x0 /cygdrive/c/TelinkIoTStudio/RDS/V3.2.3/toolchains/nds32le-elf-mculib-v5f/bin/../lib/gcc/riscv32-elf/7.4.0/mext-dsp/libgcc.a(_ashldi3.o)
 .bss           0x0000000000000000        0x0 /cygdrive/c/TelinkIoTStudio/RDS/V3.2.3/toolchains/nds32le-elf-mculib-v5f/bin/../lib/gcc/riscv32-elf/7.4.0/mext-dsp/libgcc.a(_ashldi3.o)
 .data          0x0000000000000000        0x0 /cygdrive/c/TelinkIoTStudio/RDS/V3.2.3/toolchains/nds32le-elf-mculib-v5f/bin/../lib/gcc/riscv32-elf/7.4.0/mext-dsp/libgcc.a(save-restore.o)
 .bss           0x0000000000000000        0x0 /cygdrive/c/TelinkIoTStudio/RDS/V3.2.3/toolchains/nds32le-elf-mculib-v5f/bin/../lib/gcc/riscv32-elf/7.4.0/mext-dsp/libgcc.a(save-restore.o)

Memory Configuration

Name             Origin             Length             Attributes
*default*        0x0000000000000000 0xffffffffffffffff

Linker script and memory map

LOAD /cygdrive/c/Users/SWAMIN~1/AppData/Local/Temp/ccu0Y66B.ltrans0.ltrans.o
LOAD ./boot/cstartup_flash.o
LOAD ./boot/cstartup_ram.o
LOAD C:\Users\SwaminathanK\Downloads\telink_b91m_driver_sdk\chip\B91\drivers\lib/libdriver.a
LOAD C:\Users\SwaminathanK\Downloads\telink_b91m_driver_sdk\chip\B91\drivers\lib/libaxon_driver_lib.a
LOAD /cygdrive/c/TelinkIoTStudio/RDS/V3.2.3/toolchains/nds32le-elf-mculib-v5f/bin/../lib/gcc/riscv32-elf/7.4.0/mext-dsp/libgcc.a
START GROUP
LOAD /cygdrive/c/TelinkIoTStudio/RDS/V3.2.3/toolchains/nds32le-elf-mculib-v5f/bin/../lib/gcc/riscv32-elf/7.4.0/../../../../riscv32-elf/lib/mext-dsp/libc.a
LOAD /cygdrive/c/TelinkIoTStudio/RDS/V3.2.3/toolchains/nds32le-elf-mculib-v5f/bin/../lib/gcc/riscv32-elf/7.4.0/../../../../riscv32-elf/lib/mext-dsp/libgloss.a
END GROUP
LOAD /cygdrive/c/TelinkIoTStudio/RDS/V3.2.3/toolchains/nds32le-elf-mculib-v5f/bin/../lib/gcc/riscv32-elf/7.4.0/mext-dsp/libgcc.a
                0x0000000020000000                NDS_SAG_LMA_FLASH = 0x20000000
                0x0000000020000000                . = 0x20000000
                0x0000000020000000                PROVIDE (BIN_BEGIN = .)

.vectors        0x0000000020000000      0x18a
 *(.vectors)
 .vectors       0x0000000020000000      0x18a ./boot/cstartup_flash.o
                0x0000000020000000                _RESET_ENTRY
                0x0000000000000000                . = 0x0

.retention_reset
                0x0000000000000000      0x154 load address 0x0000000020000190
 *(.retention_reset)
 .retention_reset
                0x0000000000000000      0x154 ./boot/cstartup_flash.o
                0x0000000000000000                _IRESET_ENTRY
                0x0000000000000000                PROVIDE (_RETENTION_RESET_VMA_START = ADDR (.retention_reset))
                0x0000000020000190                PROVIDE (_RETENTION_RESET_LMA_START = LOADADDR (.retention_reset))
                0x0000000000000154                PROVIDE (_RETENTION_RESET_VMA_END = .)
                0x0000000000000158                . = ALIGN (0x8)
                0x0000000000000158                PROVIDE (_AES_VMA_START = .)

.aes_data
 *(.aes_data)
                0x0000000000000158                PROVIDE (_AES_VMA_END = .)
                0x0000000000000158                . = ALIGN (0x8)

.retention_data
                0x0000000000000158       0x64 load address 0x00000000200002e8
 *(.retention_data)
 .retention_data
                0x0000000000000158       0x64 /cygdrive/c/Users/SWAMIN~1/AppData/Local/Temp/ccu0Y66B.ltrans0.ltrans.o
                0x00000000000001b8                g_pm_mspi_cfg
                0x0000000000000158                PROVIDE (_RETENTION_DATA_VMA_START = ADDR (.retention_data))
                0x00000000200002e8                PROVIDE (_RETENTION_DATA_LMA_START = LOADADDR (.retention_data))
                0x00000000000001bc                PROVIDE (_RETENTION_DATA_VMA_END = .)
                0x00000000000001c0                . = ALIGN (0x8)

.ram_code       0x0000000000000200      0xf02 load address 0x0000000020000350
 *(.ram_code)
 .ram_code      0x0000000000000200      0xd90 /cygdrive/c/Users/SWAMIN~1/AppData/Local/Temp/ccu0Y66B.ltrans0.ltrans.o
                0x0000000000000e90                trap_entry
 *fill*         0x0000000000000f90       0x70 
 .ram_code      0x0000000000001000      0x102 ./boot/cstartup_flash.o
                0x0000000000001000                __vectors
                0x0000000000001102                PROVIDE (_RAMCODE_VMA_END = .)
                0x0000000000000200                PROVIDE (_RAMCODE_VMA_START = ADDR (.ram_code))
                0x0000000020000350                PROVIDE (_RAMCODE_LMA_START = LOADADDR (.ram_code))
                [!provide]                        PROVIDE (_RAMCODE_SIZE = SIZEOF (.ram_code))
                0x0000000020001258                . = ALIGN ((LOADADDR (.ram_code) + SIZEOF (.ram_code)), 0x8)

.text           0x0000000020001258     0x145c
 *(.text .stub .text.* .gnu.linkonce.t.*)
 .text          0x0000000020001258      0x14c /cygdrive/c/Users/SWAMIN~1/AppData/Local/Temp/ccu0Y66B.ltrans0.ltrans.o
 .text.user_calib_adc_vref.constprop.11
                0x00000000200013a4       0xfc /cygdrive/c/Users/SWAMIN~1/AppData/Local/Temp/ccu0Y66B.ltrans0.ltrans.o
 .text.user_calib_freq_offset.constprop.10
                0x00000000200014a0       0x5e /cygdrive/c/Users/SWAMIN~1/AppData/Local/Temp/ccu0Y66B.ltrans0.ltrans.o
 *fill*         0x00000000200014fe        0x2 
 .text.gpio_input_dis
                0x0000000020001500       0x1a /cygdrive/c/Users/SWAMIN~1/AppData/Local/Temp/ccu0Y66B.ltrans0.ltrans.o
 *fill*         0x000000002000151a        0x2 
 .text.startup.main
                0x000000002000151c      0x4ac /cygdrive/c/Users/SWAMIN~1/AppData/Local/Temp/ccu0Y66B.ltrans0.ltrans.o
                0x000000002000151c                main
 *fill*         0x00000000200019c8        0x0 
 .text._write   0x00000000200019c8       0x4c /cygdrive/c/Users/SWAMIN~1/AppData/Local/Temp/ccu0Y66B.ltrans0.ltrans.o
                0x00000000200019c8                _write
 .text          0x0000000020001a14        0x6 ./boot/cstartup_flash.o
                0x0000000020001a14                entry_irq25
                0x0000000020001a14                entry_irq13
                0x0000000020001a14                entry_irq15
                0x0000000020001a14                entry_irq27
                0x0000000020001a14                entry_irq60
                0x0000000020001a14                entry_irq1
                0x0000000020001a14                entry_irq52
                0x0000000020001a14                entry_irq50
                0x0000000020001a14                entry_irq62
                0x0000000020001a14                entry_irq58
                0x0000000020001a14                entry_irq10
                0x0000000020001a14                entry_irq21
                0x0000000020001a14                entry_irq48
                0x0000000020001a14                entry_irq8
                0x0000000020001a14                entry_irq33
                0x0000000020001a14                entry_irq12
                0x0000000020001a14                entry_irq14
                0x0000000020001a14                entry_irq2
                0x0000000020001a14                entry_irq51
                0x0000000020001a14                entry_irq28
                0x0000000020001a14                entry_irq43
                0x0000000020001a14                entry_irq20
                0x0000000020001a14                entry_irq63
                0x0000000020001a14                entry_irq46
                0x0000000020001a14                entry_irq31
                0x0000000020001a14                entry_irq16
                0x0000000020001a14                entry_irq53
                0x0000000020001a14                entry_irq11
                0x0000000020001a14                entry_irq5
                0x0000000020001a14                entry_irq23
                0x0000000020001a14                entry_irq55
                0x0000000020001a14                entry_irq34
                0x0000000020001a14                entry_irq36
                0x0000000020001a14                entry_irq44
                0x0000000020001a14                entry_irq45
                0x0000000020001a14                entry_irq26
                0x0000000020001a14                entry_irq41
                0x0000000020001a14                entry_irq61
                0x0000000020001a14                entry_irq38
                0x0000000020001a14                entry_irq59
                0x0000000020001a14                entry_irq6
                0x0000000020001a14                default_irq_entry
                0x0000000020001a14                entry_irq3
                0x0000000020001a14                entry_irq39
                0x0000000020001a14                entry_irq49
                0x0000000020001a14                entry_irq57
                0x0000000020001a14                entry_irq47
                0x0000000020001a14                entry_irq4
                0x0000000020001a14                entry_irq22
                0x0000000020001a14                entry_irq30
                0x0000000020001a14                entry_irq42
                0x0000000020001a14                entry_irq24
                0x0000000020001a14                entry_irq19
                0x0000000020001a14                entry_irq17
                0x0000000020001a14                entry_irq9
                0x0000000020001a14                entry_irq56
                0x0000000020001a14                entry_irq35
                0x0000000020001a14                entry_irq37
                0x0000000020001a14                entry_irq54
                0x0000000020001a14                entry_irq40
                0x0000000020001a14                entry_irq29
                0x0000000020001a14                entry_irq7
                0x0000000020001a14                entry_irq32
                0x0000000020001a14                entry_irq18
                0x0000000020001a16                trap_handler
 .text.printf   0x0000000020001a1a       0x1e /cygdrive/c/TelinkIoTStudio/RDS/V3.2.3/toolchains/nds32le-elf-mculib-v5f/bin/../lib/gcc/riscv32-elf/7.4.0/../../../../riscv32-elf/lib/mext-dsp/libc.a(lib_a-printf.o)
                0x0000000020001a1a                printf
 .text.puts     0x0000000020001a38       0x30 /cygdrive/c/TelinkIoTStudio/RDS/V3.2.3/toolchains/nds32le-elf-mculib-v5f/bin/../lib/gcc/riscv32-elf/7.4.0/../../../../riscv32-elf/lib/mext-dsp/libc.a(lib_a-puts.o)
                0x0000000020001a38                puts
 *fill*         0x0000000020001a68        0x0 
 .text.strlen   0x0000000020001a68       0x60 /cygdrive/c/TelinkIoTStudio/RDS/V3.2.3/toolchains/nds32le-elf-mculib-v5f/bin/../lib/gcc/riscv32-elf/7.4.0/../../../../riscv32-elf/lib/mext-dsp/libc.a(lib_a-strlen.o)
                0x0000000020001a68                strlen
 .text.__vprintf_help
                0x0000000020001ac8       0x38 /cygdrive/c/TelinkIoTStudio/RDS/V3.2.3/toolchains/nds32le-elf-mculib-v5f/bin/../lib/gcc/riscv32-elf/7.4.0/../../../../riscv32-elf/lib/mext-dsp/libc.a(lib_a-vprintf.o)
 .text.vprintf  0x0000000020001b00       0x4a /cygdrive/c/TelinkIoTStudio/RDS/V3.2.3/toolchains/nds32le-elf-mculib-v5f/bin/../lib/gcc/riscv32-elf/7.4.0/../../../../riscv32-elf/lib/mext-dsp/libc.a(lib_a-vprintf.o)
                0x0000000020001b00                vprintf
 .text.__print_integral
                0x0000000020001b4a       0x4c /cygdrive/c/TelinkIoTStudio/RDS/V3.2.3/toolchains/nds32le-elf-mculib-v5f/bin/../lib/gcc/riscv32-elf/7.4.0/../../../../riscv32-elf/lib/mext-dsp/libc.a(lib_a-printf_impl.o)
                0x0000000020001b4a                __print_integral
 .text.__printf_impl
                0x0000000020001b96      0x470 /cygdrive/c/TelinkIoTStudio/RDS/V3.2.3/toolchains/nds32le-elf-mculib-v5f/bin/../lib/gcc/riscv32-elf/7.4.0/../../../../riscv32-elf/lib/mext-dsp/libc.a(lib_a-printf_impl.o)
                0x0000000020001b96                __printf_impl
 .text.__int_to_poly
                0x0000000020002006       0x1e /cygdrive/c/TelinkIoTStudio/RDS/V3.2.3/toolchains/nds32le-elf-mculib-v5f/bin/../lib/gcc/riscv32-elf/7.4.0/../../../../riscv32-elf/lib/mext-dsp/libc.a(lib_a-printf_impl_float.o)
                0x0000000020002006                __int_to_poly
 .text.__print_integral_poly
                0x0000000020002024       0x90 /cygdrive/c/TelinkIoTStudio/RDS/V3.2.3/toolchains/nds32le-elf-mculib-v5f/bin/../lib/gcc/riscv32-elf/7.4.0/../../../../riscv32-elf/lib/mext-dsp/libc.a(lib_a-printf_impl_float.o)
                0x0000000020002024                __print_integral_poly
 .text.__printf_float_impl
                0x00000000200020b4      0x3fe /cygdrive/c/TelinkIoTStudio/RDS/V3.2.3/toolchains/nds32le-elf-mculib-v5f/bin/../lib/gcc/riscv32-elf/7.4.0/../../../../riscv32-elf/lib/mext-dsp/libc.a(lib_a-printf_impl_float.o)
                0x00000000200020b4                __printf_float_impl
 *fill*         0x00000000200024b2        0x2 
 .text.strcpy   0x00000000200024b4       0x7e /cygdrive/c/TelinkIoTStudio/RDS/V3.2.3/toolchains/nds32le-elf-mculib-v5f/bin/../lib/gcc/riscv32-elf/7.4.0/../../../../riscv32-elf/lib/mext-dsp/libc.a(lib_a-strcpy.o)
                0x00000000200024b4                strcpy
 .text.strnlen  0x0000000020002532       0x18 /cygdrive/c/TelinkIoTStudio/RDS/V3.2.3/toolchains/nds32le-elf-mculib-v5f/bin/../lib/gcc/riscv32-elf/7.4.0/../../../../riscv32-elf/lib/mext-dsp/libc.a(lib_a-strnlen.o)
                0x0000000020002532                strnlen
 .text          0x000000002000254a       0xaa /cygdrive/c/TelinkIoTStudio/RDS/V3.2.3/toolchains/nds32le-elf-mculib-v5f/bin/../lib/gcc/riscv32-elf/7.4.0/../../../../riscv32-elf/lib/mext-dsp/libc.a(lib_a-memset.o)
                0x000000002000254a                memset
 *fill*         0x00000000200025f4        0x0 
 .text          0x00000000200025f4       0x30 /cygdrive/c/TelinkIoTStudio/RDS/V3.2.3/toolchains/nds32le-elf-mculib-v5f/bin/../lib/gcc/riscv32-elf/7.4.0/mext-dsp/libgcc.a(_lshrdi3.o)
                0x00000000200025f4                __lshrdi3
 .text          0x0000000020002624       0x30 /cygdrive/c/TelinkIoTStudio/RDS/V3.2.3/toolchains/nds32le-elf-mculib-v5f/bin/../lib/gcc/riscv32-elf/7.4.0/mext-dsp/libgcc.a(_ashldi3.o)
                0x0000000020002624                __ashldi3
 .text          0x0000000020002654       0x60 /cygdrive/c/TelinkIoTStudio/RDS/V3.2.3/toolchains/nds32le-elf-mculib-v5f/bin/../lib/gcc/riscv32-elf/7.4.0/mext-dsp/libgcc.a(save-restore.o)
                0x0000000020002654                __riscv_save_12
                0x000000002000265c                __riscv_save_10
                0x000000002000265c                __riscv_save_8
                0x000000002000265c                __riscv_save_11
                0x000000002000265c                __riscv_save_9
                0x000000002000266a                __riscv_save_4
                0x000000002000266a                __riscv_save_7
                0x000000002000266a                __riscv_save_6
                0x000000002000266a                __riscv_save_5
                0x0000000020002684                __riscv_save_3
                0x0000000020002684                __riscv_save_2
                0x0000000020002684                __riscv_save_0
                0x0000000020002684                __riscv_save_1
                0x0000000020002690                __riscv_restore_12
                0x0000000020002694                __riscv_restore_8
                0x0000000020002694                __riscv_restore_10
                0x0000000020002694                __riscv_restore_9
                0x0000000020002694                __riscv_restore_11
                0x000000002000269e                __riscv_restore_5
                0x000000002000269e                __riscv_restore_7
                0x000000002000269e                __riscv_restore_4
                0x000000002000269e                __riscv_restore_6
                0x00000000200026a8                __riscv_restore_3
                0x00000000200026a8                __riscv_restore_1
                0x00000000200026a8                __riscv_restore_0
                0x00000000200026a8                __riscv_restore_2
 *(.text.*personality*)
 *(.gnu.warning)

.rodata         0x00000000200026b4       0xa0
 *(.rodata .rodata.* .gnu.linkonce.r.*)
 .rodata        0x00000000200026b4       0x10 /cygdrive/c/Users/SWAMIN~1/AppData/Local/Temp/ccu0Y66B.ltrans0.ltrans.o
 .rodata.main.str1.4
                0x00000000200026c4       0x77 /cygdrive/c/Users/SWAMIN~1/AppData/Local/Temp/ccu0Y66B.ltrans0.ltrans.o
 *fill*         0x000000002000273b        0x1 
 .rodata.__digits
                0x000000002000273c       0x10 /cygdrive/c/TelinkIoTStudio/RDS/V3.2.3/toolchains/nds32le-elf-mculib-v5f/bin/../lib/gcc/riscv32-elf/7.4.0/../../../../riscv32-elf/lib/mext-dsp/libc.a(lib_a-printf_data.o)
                0x000000002000273c                __digits
 .rodata.__printf_float_impl.str1.4
                0x000000002000274c        0x8 /cygdrive/c/TelinkIoTStudio/RDS/V3.2.3/toolchains/nds32le-elf-mculib-v5f/bin/../lib/gcc/riscv32-elf/7.4.0/../../../../riscv32-elf/lib/mext-dsp/libc.a(lib_a-printf_impl_float.o)

.eh_frame_hdr   0x0000000020002754        0x0
 *(.eh_frame_hdr)
                0x0000000020002760                . = ALIGN (0x20)

.eh_frame       0x0000000020002760       0xf8
 *(.eh_frame)
 .eh_frame      0x0000000020002760       0xf8 /cygdrive/c/TelinkIoTStudio/RDS/V3.2.3/toolchains/nds32le-elf-mculib-v5f/bin/../lib/gcc/riscv32-elf/7.4.0/mext-dsp/libgcc.a(save-restore.o)

.rela.dyn       0x0000000020002858        0x0
 .rela.vectors  0x0000000020002858        0x0 ./boot/cstartup_flash.o
 .rela.retention_reset
                0x0000000020002858        0x0 ./boot/cstartup_flash.o
 .rela.ram_code
                0x0000000020002858        0x0 ./boot/cstartup_flash.o

.exec.itable    0x0000000020002858        0x0
 *(.exec.itable)
                0x0000000000080000                . = 0x80000
                0x0000000000080800                PROVIDE (__global_pointer$ = (. + 0x800))

.data           0x0000000000080000        0xa load address 0x0000000020002858
 *(.data .data.* .gnu.linkonce.d.*)
 *(.gnu.linkonce.d.*personality*)
 *(.srodata.cst16)
 *(.srodata.cst8)
 *(.srodata.cst4)
 *(.srodata.cst2)
 *(.srodata .srodata.*)
 *(.sdata .sdata.* .gnu.linkonce.s.*)
 .sdata.init_flag.4915
                0x0000000000080000        0x1 /cygdrive/c/Users/SWAMIN~1/AppData/Local/Temp/ccu0Y66B.ltrans0.ltrans.o
 *fill*         0x0000000000080001        0x3 
 .sdata.sys_clk
                0x0000000000080004        0x6 /cygdrive/c/Users/SWAMIN~1/AppData/Local/Temp/ccu0Y66B.ltrans0.ltrans.o
 *(.sdata2 .sdata2.* .gnu.linkonce.s.*)
                0x000000000008000a                PROVIDE (_DATA_VMA_END = .)
                0x0000000000080000                PROVIDE (_DATA_VMA_START = ADDR (.data))
                0x0000000020002858                PROVIDE (_DATA_LMA_START = LOADADDR (.data))
                0x0000000000080010                . = ALIGN (0x8)
                0x0000000000080010                PROVIDE (_BSS_VMA_START = .)

.sbss           0x0000000000080010       0x28 load address 0x0000000020002868
 *(.dynsbss)
 *(.sbss .sbss.* .gnu.linkonce.sb.*)
 .sbss.exception_mcause
                0x0000000000080010        0x4 /cygdrive/c/Users/SWAMIN~1/AppData/Local/Temp/ccu0Y66B.ltrans0.ltrans.o
 .sbss.exception_mdcause
                0x0000000000080014        0x4 /cygdrive/c/Users/SWAMIN~1/AppData/Local/Temp/ccu0Y66B.ltrans0.ltrans.o
 .sbss.exception_mepc
                0x0000000000080018        0x4 /cygdrive/c/Users/SWAMIN~1/AppData/Local/Temp/ccu0Y66B.ltrans0.ltrans.o
 .sbss.exception_mstatus
                0x000000000008001c        0x4 /cygdrive/c/Users/SWAMIN~1/AppData/Local/Temp/ccu0Y66B.ltrans0.ltrans.o
 .sbss.exception_mtval
                0x0000000000080020        0x4 /cygdrive/c/Users/SWAMIN~1/AppData/Local/Temp/ccu0Y66B.ltrans0.ltrans.o
 .sbss.g_chip_version
                0x0000000000080024        0x4 /cygdrive/c/Users/SWAMIN~1/AppData/Local/Temp/ccu0Y66B.ltrans0.ltrans.o
 .sbss.g_pm_status_info
                0x0000000000080028        0x4 /cygdrive/c/Users/SWAMIN~1/AppData/Local/Temp/ccu0Y66B.ltrans0.ltrans.o
 .sbss.__vprintf_buf
                0x000000000008002c        0x4 /cygdrive/c/TelinkIoTStudio/RDS/V3.2.3/toolchains/nds32le-elf-mculib-v5f/bin/../lib/gcc/riscv32-elf/7.4.0/../../../../riscv32-elf/lib/mext-dsp/libc.a(lib_a-vprintf.o)
 .sbss.__vprintf_buf_len
                0x0000000000080030        0x4 /cygdrive/c/TelinkIoTStudio/RDS/V3.2.3/toolchains/nds32le-elf-mculib-v5f/bin/../lib/gcc/riscv32-elf/7.4.0/../../../../riscv32-elf/lib/mext-dsp/libc.a(lib_a-vprintf.o)
 .sbss.__printf_count
                0x0000000000080034        0x4 /cygdrive/c/TelinkIoTStudio/RDS/V3.2.3/toolchains/nds32le-elf-mculib-v5f/bin/../lib/gcc/riscv32-elf/7.4.0/../../../../riscv32-elf/lib/mext-dsp/libc.a(lib_a-printf_data.o)
                0x0000000000080034                __printf_count
 *(.scommon .scommon.*)

.bss            0x0000000000080038        0x0
 *(.dynbss)
 *(.bss .bss.* .gnu.linkonce.b.*)
 *(COMMON)
                0x0000000000080038                . = ALIGN (0x8)
                0x0000000000080038                PROVIDE (_BSS_VMA_END = .)

.sdk_version    0x0000000000080038       0x22 load address 0x0000000020002862
 *(.sdk_version)
 .sdk_version   0x0000000000080038       0x22 /cygdrive/c/Users/SWAMIN~1/AppData/Local/Temp/ccu0Y66B.ltrans0.ltrans.o
                0x0000000000002884                PROVIDE (BIN_SIZE = ((LOADADDR (.sdk_version) + SIZEOF (.sdk_version)) - BIN_BEGIN))
                0x0000000000080060                . = ALIGN (0x8)
                0x0000000000080060                _end = .
                [!provide]                        PROVIDE (end = .)
                0x00000000000a0000                PROVIDE (_STACK_TOP = 0xa0000)
                0x0000000000100000                PROVIDE (FLASH_SIZE = 0x100000)
                0x0000000000000001                ASSERT ((BIN_SIZE <= FLASH_SIZE), BIN FILE OVERFLOW)
OUTPUT(Debug_Demo.elf elf32-littleriscv)

.debug_info     0x0000000000000000     0x41a0
 .debug_info    0x0000000000000000     0x2a82 /cygdrive/c/Users/SWAMIN~1/AppData/Local/Temp/ccu0Y66B.ltrans0.ltrans.o
 .debug_info    0x0000000000002a82       0x22 ./boot/cstartup_flash.o
 .debug_info    0x0000000000002aa4      0xb6b /cygdrive/c/TelinkIoTStudio/RDS/V3.2.3/toolchains/nds32le-elf-mculib-v5f/bin/../lib/gcc/riscv32-elf/7.4.0/mext-dsp/libgcc.a(_lshrdi3.o)
 .debug_info    0x000000000000360f      0xb6b /cygdrive/c/TelinkIoTStudio/RDS/V3.2.3/toolchains/nds32le-elf-mculib-v5f/bin/../lib/gcc/riscv32-elf/7.4.0/mext-dsp/libgcc.a(_ashldi3.o)
 .debug_info    0x000000000000417a       0x26 /cygdrive/c/TelinkIoTStudio/RDS/V3.2.3/toolchains/nds32le-elf-mculib-v5f/bin/../lib/gcc/riscv32-elf/7.4.0/mext-dsp/libgcc.a(save-restore.o)

.debug_abbrev   0x0000000000000000      0x9ec
 .debug_abbrev  0x0000000000000000      0x5c0 /cygdrive/c/Users/SWAMIN~1/AppData/Local/Temp/ccu0Y66B.ltrans0.ltrans.o
 .debug_abbrev  0x00000000000005c0       0x12 ./boot/cstartup_flash.o
 .debug_abbrev  0x00000000000005d2      0x203 /cygdrive/c/TelinkIoTStudio/RDS/V3.2.3/toolchains/nds32le-elf-mculib-v5f/bin/../lib/gcc/riscv32-elf/7.4.0/mext-dsp/libgcc.a(_lshrdi3.o)
 .debug_abbrev  0x00000000000007d5      0x203 /cygdrive/c/TelinkIoTStudio/RDS/V3.2.3/toolchains/nds32le-elf-mculib-v5f/bin/../lib/gcc/riscv32-elf/7.4.0/mext-dsp/libgcc.a(_ashldi3.o)
 .debug_abbrev  0x00000000000009d8       0x14 /cygdrive/c/TelinkIoTStudio/RDS/V3.2.3/toolchains/nds32le-elf-mculib-v5f/bin/../lib/gcc/riscv32-elf/7.4.0/mext-dsp/libgcc.a(save-restore.o)

.debug_loc      0x0000000000000000      0xe97
 .debug_loc     0x0000000000000000      0xccf /cygdrive/c/Users/SWAMIN~1/AppData/Local/Temp/ccu0Y66B.ltrans0.ltrans.o
 .debug_loc     0x0000000000000ccf       0xe4 /cygdrive/c/TelinkIoTStudio/RDS/V3.2.3/toolchains/nds32le-elf-mculib-v5f/bin/../lib/gcc/riscv32-elf/7.4.0/mext-dsp/libgcc.a(_lshrdi3.o)
 .debug_loc     0x0000000000000db3       0xe4 /cygdrive/c/TelinkIoTStudio/RDS/V3.2.3/toolchains/nds32le-elf-mculib-v5f/bin/../lib/gcc/riscv32-elf/7.4.0/mext-dsp/libgcc.a(_ashldi3.o)

.debug_aranges  0x0000000000000000      0x190
 .debug_aranges
                0x0000000000000000      0x100 /cygdrive/c/Users/SWAMIN~1/AppData/Local/Temp/ccu0Y66B.ltrans0.ltrans.o
 .debug_aranges
                0x0000000000000100       0x30 ./boot/cstartup_flash.o
 .debug_aranges
                0x0000000000000130       0x20 /cygdrive/c/TelinkIoTStudio/RDS/V3.2.3/toolchains/nds32le-elf-mculib-v5f/bin/../lib/gcc/riscv32-elf/7.4.0/mext-dsp/libgcc.a(_lshrdi3.o)
 .debug_aranges
                0x0000000000000150       0x20 /cygdrive/c/TelinkIoTStudio/RDS/V3.2.3/toolchains/nds32le-elf-mculib-v5f/bin/../lib/gcc/riscv32-elf/7.4.0/mext-dsp/libgcc.a(_ashldi3.o)
 .debug_aranges
                0x0000000000000170       0x20 /cygdrive/c/TelinkIoTStudio/RDS/V3.2.3/toolchains/nds32le-elf-mculib-v5f/bin/../lib/gcc/riscv32-elf/7.4.0/mext-dsp/libgcc.a(save-restore.o)

.debug_ranges   0x0000000000000000      0x648
 .debug_ranges  0x0000000000000000      0x620 /cygdrive/c/Users/SWAMIN~1/AppData/Local/Temp/ccu0Y66B.ltrans0.ltrans.o
 .debug_ranges  0x0000000000000620       0x28 ./boot/cstartup_flash.o

.debug_line     0x0000000000000000     0x25fd
 .debug_line    0x0000000000000000     0x186b /cygdrive/c/Users/SWAMIN~1/AppData/Local/Temp/ccu0Y66B.ltrans0.ltrans.o
 .debug_line    0x000000000000186b      0x437 ./boot/cstartup_flash.o
 .debug_line    0x0000000000001ca2      0x3ca /cygdrive/c/TelinkIoTStudio/RDS/V3.2.3/toolchains/nds32le-elf-mculib-v5f/bin/../lib/gcc/riscv32-elf/7.4.0/mext-dsp/libgcc.a(_lshrdi3.o)
 .debug_line    0x000000000000206c      0x3ca /cygdrive/c/TelinkIoTStudio/RDS/V3.2.3/toolchains/nds32le-elf-mculib-v5f/bin/../lib/gcc/riscv32-elf/7.4.0/mext-dsp/libgcc.a(_ashldi3.o)
 .debug_line    0x0000000000002436      0x1c7 /cygdrive/c/TelinkIoTStudio/RDS/V3.2.3/toolchains/nds32le-elf-mculib-v5f/bin/../lib/gcc/riscv32-elf/7.4.0/mext-dsp/libgcc.a(save-restore.o)

.debug_str      0x0000000000000000     0x2610
 .debug_str     0x0000000000000000     0x1a4c /cygdrive/c/Users/SWAMIN~1/AppData/Local/Temp/ccu0Y66B.ltrans0.ltrans.o
                                       0x1b65 (size before relaxing)
 .debug_str     0x0000000000001a4c       0x9b ./boot/cstartup_flash.o
 .debug_str     0x0000000000001ae7      0xa9d /cygdrive/c/TelinkIoTStudio/RDS/V3.2.3/toolchains/nds32le-elf-mculib-v5f/bin/../lib/gcc/riscv32-elf/7.4.0/mext-dsp/libgcc.a(_lshrdi3.o)
                                        0xb55 (size before relaxing)
 .debug_str     0x0000000000002584        0xa /cygdrive/c/TelinkIoTStudio/RDS/V3.2.3/toolchains/nds32le-elf-mculib-v5f/bin/../lib/gcc/riscv32-elf/7.4.0/mext-dsp/libgcc.a(_ashldi3.o)
                                        0xb55 (size before relaxing)
 .debug_str     0x000000000000258e       0x82 /cygdrive/c/TelinkIoTStudio/RDS/V3.2.3/toolchains/nds32le-elf-mculib-v5f/bin/../lib/gcc/riscv32-elf/7.4.0/mext-dsp/libgcc.a(save-restore.o)
                                        0x12a (size before relaxing)

.comment        0x0000000000000000       0x37
 .comment       0x0000000000000000       0x37 /cygdrive/c/Users/SWAMIN~1/AppData/Local/Temp/ccu0Y66B.ltrans0.ltrans.o
                                         0x38 (size before relaxing)
 .comment       0x0000000000000037       0x38 /cygdrive/c/TelinkIoTStudio/RDS/V3.2.3/toolchains/nds32le-elf-mculib-v5f/bin/../lib/gcc/riscv32-elf/7.4.0/../../../../riscv32-elf/lib/mext-dsp/libc.a(lib_a-printf.o)
 .comment       0x0000000000000037       0x38 /cygdrive/c/TelinkIoTStudio/RDS/V3.2.3/toolchains/nds32le-elf-mculib-v5f/bin/../lib/gcc/riscv32-elf/7.4.0/../../../../riscv32-elf/lib/mext-dsp/libc.a(lib_a-puts.o)
 .comment       0x0000000000000037       0x38 /cygdrive/c/TelinkIoTStudio/RDS/V3.2.3/toolchains/nds32le-elf-mculib-v5f/bin/../lib/gcc/riscv32-elf/7.4.0/../../../../riscv32-elf/lib/mext-dsp/libc.a(lib_a-strlen.o)
 .comment       0x0000000000000037       0x38 /cygdrive/c/TelinkIoTStudio/RDS/V3.2.3/toolchains/nds32le-elf-mculib-v5f/bin/../lib/gcc/riscv32-elf/7.4.0/../../../../riscv32-elf/lib/mext-dsp/libc.a(lib_a-vprintf.o)
 .comment       0x0000000000000037       0x38 /cygdrive/c/TelinkIoTStudio/RDS/V3.2.3/toolchains/nds32le-elf-mculib-v5f/bin/../lib/gcc/riscv32-elf/7.4.0/../../../../riscv32-elf/lib/mext-dsp/libc.a(lib_a-printf_data.o)
 .comment       0x0000000000000037       0x38 /cygdrive/c/TelinkIoTStudio/RDS/V3.2.3/toolchains/nds32le-elf-mculib-v5f/bin/../lib/gcc/riscv32-elf/7.4.0/../../../../riscv32-elf/lib/mext-dsp/libc.a(lib_a-printf_impl.o)
 .comment       0x0000000000000037       0x38 /cygdrive/c/TelinkIoTStudio/RDS/V3.2.3/toolchains/nds32le-elf-mculib-v5f/bin/../lib/gcc/riscv32-elf/7.4.0/../../../../riscv32-elf/lib/mext-dsp/libc.a(lib_a-printf_impl_float.o)
 .comment       0x0000000000000037       0x38 /cygdrive/c/TelinkIoTStudio/RDS/V3.2.3/toolchains/nds32le-elf-mculib-v5f/bin/../lib/gcc/riscv32-elf/7.4.0/../../../../riscv32-elf/lib/mext-dsp/libc.a(lib_a-strcpy.o)
 .comment       0x0000000000000037       0x38 /cygdrive/c/TelinkIoTStudio/RDS/V3.2.3/toolchains/nds32le-elf-mculib-v5f/bin/../lib/gcc/riscv32-elf/7.4.0/../../../../riscv32-elf/lib/mext-dsp/libc.a(lib_a-strnlen.o)
 .comment       0x0000000000000037       0x38 /cygdrive/c/TelinkIoTStudio/RDS/V3.2.3/toolchains/nds32le-elf-mculib-v5f/bin/../lib/gcc/riscv32-elf/7.4.0/mext-dsp/libgcc.a(_lshrdi3.o)
 .comment       0x0000000000000037       0x38 /cygdrive/c/TelinkIoTStudio/RDS/V3.2.3/toolchains/nds32le-elf-mculib-v5f/bin/../lib/gcc/riscv32-elf/7.4.0/mext-dsp/libgcc.a(_ashldi3.o)

.riscv.attributes
                0x0000000000000000       0x3b
 .riscv.attributes
                0x0000000000000000       0x3d /cygdrive/c/Users/SWAMIN~1/AppData/Local/Temp/ccu0Y66B.ltrans0.ltrans.o
 .riscv.attributes
                0x000000000000003d       0x39 ./boot/cstartup_flash.o
 .riscv.attributes
                0x0000000000000076       0x3b /cygdrive/c/TelinkIoTStudio/RDS/V3.2.3/toolchains/nds32le-elf-mculib-v5f/bin/../lib/gcc/riscv32-elf/7.4.0/../../../../riscv32-elf/lib/mext-dsp/libc.a(lib_a-printf.o)
 .riscv.attributes
                0x00000000000000b1       0x3b /cygdrive/c/TelinkIoTStudio/RDS/V3.2.3/toolchains/nds32le-elf-mculib-v5f/bin/../lib/gcc/riscv32-elf/7.4.0/../../../../riscv32-elf/lib/mext-dsp/libc.a(lib_a-puts.o)
 .riscv.attributes
                0x00000000000000ec       0x3b /cygdrive/c/TelinkIoTStudio/RDS/V3.2.3/toolchains/nds32le-elf-mculib-v5f/bin/../lib/gcc/riscv32-elf/7.4.0/../../../../riscv32-elf/lib/mext-dsp/libc.a(lib_a-strlen.o)
 .riscv.attributes
                0x0000000000000127       0x3b /cygdrive/c/TelinkIoTStudio/RDS/V3.2.3/toolchains/nds32le-elf-mculib-v5f/bin/../lib/gcc/riscv32-elf/7.4.0/../../../../riscv32-elf/lib/mext-dsp/libc.a(lib_a-vprintf.o)
 .riscv.attributes
                0x0000000000000162       0x3b /cygdrive/c/TelinkIoTStudio/RDS/V3.2.3/toolchains/nds32le-elf-mculib-v5f/bin/../lib/gcc/riscv32-elf/7.4.0/../../../../riscv32-elf/lib/mext-dsp/libc.a(lib_a-printf_data.o)
 .riscv.attributes
                0x000000000000019d       0x3b /cygdrive/c/TelinkIoTStudio/RDS/V3.2.3/toolchains/nds32le-elf-mculib-v5f/bin/../lib/gcc/riscv32-elf/7.4.0/../../../../riscv32-elf/lib/mext-dsp/libc.a(lib_a-printf_impl.o)
 .riscv.attributes
                0x00000000000001d8       0x3b /cygdrive/c/TelinkIoTStudio/RDS/V3.2.3/toolchains/nds32le-elf-mculib-v5f/bin/../lib/gcc/riscv32-elf/7.4.0/../../../../riscv32-elf/lib/mext-dsp/libc.a(lib_a-printf_impl_float.o)
 .riscv.attributes
                0x0000000000000213       0x3b /cygdrive/c/TelinkIoTStudio/RDS/V3.2.3/toolchains/nds32le-elf-mculib-v5f/bin/../lib/gcc/riscv32-elf/7.4.0/../../../../riscv32-elf/lib/mext-dsp/libc.a(lib_a-strcpy.o)
 .riscv.attributes
                0x000000000000024e       0x3b /cygdrive/c/TelinkIoTStudio/RDS/V3.2.3/toolchains/nds32le-elf-mculib-v5f/bin/../lib/gcc/riscv32-elf/7.4.0/../../../../riscv32-elf/lib/mext-dsp/libc.a(lib_a-strnlen.o)
 .riscv.attributes
                0x0000000000000289       0x39 /cygdrive/c/TelinkIoTStudio/RDS/V3.2.3/toolchains/nds32le-elf-mculib-v5f/bin/../lib/gcc/riscv32-elf/7.4.0/../../../../riscv32-elf/lib/mext-dsp/libc.a(lib_a-memset.o)
 .riscv.attributes
                0x00000000000002c2       0x3b /cygdrive/c/TelinkIoTStudio/RDS/V3.2.3/toolchains/nds32le-elf-mculib-v5f/bin/../lib/gcc/riscv32-elf/7.4.0/mext-dsp/libgcc.a(_lshrdi3.o)
 .riscv.attributes
                0x00000000000002fd       0x3b /cygdrive/c/TelinkIoTStudio/RDS/V3.2.3/toolchains/nds32le-elf-mculib-v5f/bin/../lib/gcc/riscv32-elf/7.4.0/mext-dsp/libgcc.a(_ashldi3.o)
 .riscv.attributes
                0x0000000000000338       0x39 /cygdrive/c/TelinkIoTStudio/RDS/V3.2.3/toolchains/nds32le-elf-mculib-v5f/bin/../lib/gcc/riscv32-elf/7.4.0/mext-dsp/libgcc.a(save-restore.o)

.debug_frame    0x0000000000000000      0x3e8
 .debug_frame   0x0000000000000000      0x3a8 /cygdrive/c/Users/SWAMIN~1/AppData/Local/Temp/ccu0Y66B.ltrans0.ltrans.o
 .debug_frame   0x00000000000003a8       0x20 /cygdrive/c/TelinkIoTStudio/RDS/V3.2.3/toolchains/nds32le-elf-mculib-v5f/bin/../lib/gcc/riscv32-elf/7.4.0/mext-dsp/libgcc.a(_lshrdi3.o)
 .debug_frame   0x00000000000003c8       0x20 /cygdrive/c/TelinkIoTStudio/RDS/V3.2.3/toolchains/nds32le-elf-mculib-v5f/bin/../lib/gcc/riscv32-elf/7.4.0/mext-dsp/libgcc.a(_ashldi3.o)
