     VMA      LMA     Size Align Out     In      Symbol
       0        0        0     1 NDS_SAG_LMA_FLASH = 0x20000000
       0        0 20000000     1 . = 0x20000000
20000000        0        0     1 PROVIDE ( BIN_BEGIN = . )
20000000 20000000      168     4 .vectors
20000000 20000000      168     4         ./boot/cstartup_flash.o:(.vectors)
20000000 20000000        0     1                 .L0 
20000000 20000000        0     1                 .L0 
20000000 20000000        0     1                 .L0 
20000000 20000000        0     1                 _RESET_ENTRY
20000028 20000028        0     1                 _START
20000028 20000028        0     1                 .L0 
20000028 20000028        0     1                 .L0 
20000030 20000030        0     1                 .L0 
20000034 20000034        0     1                 .L0 
20000038 20000038        0     1                 .L0 
2000003c 2000003c        0     1                 .L0 
20000040 20000040        0     1                 .L0 
20000040 20000040        0     1                 .L0 
20000048 20000048        0     1                 .L0 
2000004a 2000004a        0     1                 .L0 
2000004a 2000004a        0     1                 .L0 
20000052 20000052        0     1                 .L0 
20000056 20000056        0     1                 .L0 
20000058 20000058        0     1                 .L0 
2000005c 2000005c        0     1                 .L0 
20000060 20000060        0     1                 .L0 
20000060 20000060        0     1                 .L0 
20000064 20000064        0     1                 .L0 
20000068 20000068        0     1                 .L0 
2000006c 2000006c        0     1                 .L0 
20000070 20000070        0     1                 .L0 
20000072 20000072        0     1                 .L0 
20000076 20000076        0     1                 .L0 
2000007a 2000007a        0     1                 .L0 
2000007e 2000007e        0     1                 .L0 
20000082 20000082        0     1                 .L0 
20000086 20000086        0     1                 .L0 
2000008a 2000008a        0     1                 _RETENTION_RESET_INIT
2000008a 2000008a        0     1                 .L0 
2000008a 2000008a        0     1                 .L0 
20000092 20000092        0     1                 .L0 
20000092 20000092        0     1                 .L0 
20000094 20000094        0     1                 .L0 
20000094 20000094        0     1                 .L0 
20000098 20000098        0     1                 _RETENTION_RESET_BEGIN
20000098 20000098        0     1                 .L0 
2000009c 2000009c        0     1                 .L0 
200000a0 200000a0        0     1                 .L0 
200000a4 200000a4        0     1                 .L0 
200000a6 200000a6        0     1                 .L0 
200000a8 200000a8        0     1                 .L0 
200000aa 200000aa        0     1                 _RETENTION_DATA_INIT
200000aa 200000aa        0     1                 .L0 
200000aa 200000aa        0     1                 .L0 
200000b2 200000b2        0     1                 .L0 
200000b2 200000b2        0     1                 .L0 
200000b6 200000b6        0     1                 .L0 
200000b6 200000b6        0     1                 .L0 
200000ba 200000ba        0     1                 _RETENTION_DATA_INIT_BEGIN
200000ba 200000ba        0     1                 .L0 
200000be 200000be        0     1                 .L0 
200000c2 200000c2        0     1                 .L0 
200000c6 200000c6        0     1                 .L0 
200000c8 200000c8        0     1                 .L0 
200000ca 200000ca        0     1                 .L0 
200000cc 200000cc        0     1                 _RAMCODE_INIT
200000cc 200000cc        0     1                 .L0 
200000cc 200000cc        0     1                 .L0 
200000d4 200000d4        0     1                 .L0 
200000d4 200000d4        0     1                 .L0 
200000d8 200000d8        0     1                 .L0 
200000d8 200000d8        0     1                 .L0 
200000e0 200000e0        0     1                 _RAMCODE_INIT_BEGIN
200000e0 200000e0        0     1                 .L0 
200000e4 200000e4        0     1                 .L0 
200000e8 200000e8        0     1                 .L0 
200000ec 200000ec        0     1                 .L0 
200000ee 200000ee        0     1                 .L0 
200000f0 200000f0        0     1                 .L0 
200000f2 200000f2        0     1                 _DATA_INIT
200000f2 200000f2        0     1                 .L0 
200000f2 200000f2        0     1                 .L0 
200000fa 200000fa        0     1                 .L0 
200000fa 200000fa        0     1                 .L0 
200000fe 200000fe        0     1                 .L0 
200000fe 200000fe        0     1                 .L0 
20000106 20000106        0     1                 _DATA_INIT_BEGIN
20000106 20000106        0     1                 .L0 
2000010a 2000010a        0     1                 .L0 
2000010e 2000010e        0     1                 .L0 
20000112 20000112        0     1                 .L0 
20000114 20000114        0     1                 .L0 
20000116 20000116        0     1                 .L0 
20000118 20000118        0     1                 _ZERO_BSS
20000118 20000118        0     1                 .L0 
2000011c 2000011c        0     1                 .L0 
2000011c 2000011c        0     1                 .L0 
20000124 20000124        0     1                 .L0 
20000124 20000124        0     1                 .L0 
2000012c 2000012c        0     1                 _ZERO_BSS_BEGIN
2000012c 2000012c        0     1                 .L0 
20000130 20000130        0     1                 .L0 
20000134 20000134        0     1                 .L0 
20000136 20000136        0     1                 .L0 
20000138 20000138        0     1                 _ZERO_AES
20000138 20000138        0     1                 .L0 
2000013c 2000013c        0     1                 .L0 
2000013c 2000013c        0     1                 .L0 
20000140 20000140        0     1                 .L0 
20000140 20000140        0     1                 .L0 
20000144 20000144        0     1                 _ZERO_AES_BEGIN
20000144 20000144        0     1                 .L0 
20000148 20000148        0     1                 .L0 
2000014c 2000014c        0     1                 .L0 
2000014e 2000014e        0     1                 .L0 
20000150 20000150        0     1                 _FILL_STK
20000150 20000150        0     1                 _MAIN_FUNC
20000150 20000150        0     1                 .L0 
20000152 20000152        0     1                 .L0 
20000152 20000152        0     1                 .L0 
2000015a 2000015a        0     1                 .L0 
2000015c 2000015c        0     1                 .L0 
2000015e 2000015e        0     1                 .L0 
20000160 20000160        0     1                 .L0 
20000162 20000162        0     1                 .L0 
20000164 20000164        0     1                 .L0 
20000166 20000166        0     1                 _END
20000166 20000166        0     1                 .L0 
20000168 20000168        0     1                 .L0 
20000168 20000168        0     1                 .L0 
20000168 20000168        0     1                 .L0 
20000168        0 dffffe98     1 . = 0x00000000
       0 20000168      144     4 .retention_reset
       0 20000168      144     4         ./boot/cstartup_flash.o:(.retention_reset)
       0 20000168        0     1                 .L0 
       0 20000168        0     1                 .L0 
       0 20000168        0     1                 .L0 
       0 20000168        0     1                 _IRESET_ENTRY
      22 2000018a        0     1                 _ISTART
      22 2000018a        0     1                 .L0 
      22 2000018a        0     1                 .L0 
      2a 20000192        0     1                 _ISWS_USB_DIS
      2a 20000192        0     1                 .L0 
      2e 20000196        0     1                 .L0 
      32 2000019a        0     1                 .L0 
      36 2000019e        0     1                 .L0 
      3a 200001a2        0     1                 .L0 
      3a 200001a2        0     1                 .L0 
      42 200001aa        0     1                 .L0 
      44 200001ac        0     1                 .L0 
      44 200001ac        0     1                 .L0 
      4c 200001b4        0     1                 .L0 
      50 200001b8        0     1                 .L0 
      52 200001ba        0     1                 .L0 
      56 200001be        0     1                 .L0 
      5a 200001c2        0     1                 .L0 
      5a 200001c2        0     1                 .L0 
      5e 200001c6        0     1                 .L0 
      62 200001ca        0     1                 .L0 
      66 200001ce        0     1                 .L0 
      6a 200001d2        0     1                 .L0 
      6c 200001d4        0     1                 .L0 
      70 200001d8        0     1                 .L0 
      74 200001dc        0     1                 .L0 
      78 200001e0        0     1                 .L0 
      7c 200001e4        0     1                 .L0 
      80 200001e8        0     1                 .L0 
      84 200001ec        0     1                 _WAKEUP_FLASH
      84 200001ec        0     1                 .L0 
      88 200001f0        0     1                 .L0 
      8c 200001f4        0     1                 .L0 
      8e 200001f6        0     1                 .L0 
      92 200001fa        0     1                 .L0 
      96 200001fe        0     1                 .L0 
      9a 20000202        0     1                 .L0 
      9e 20000206        0     1                 _MSPI_WAIT
      9e 20000206        0     1                 .L0 
      a2 2000020a        0     1                 .L0 
      a6 2000020e        0     1                 .L0 
      a8 20000210        0     1                 .L0 
      aa 20000212        0     1                 .L0 
      ae 20000216        0     1                 .L0 
      b2 2000021a        0     1                 .L0 
      b4 2000021c        0     1                 .L0 
      b8 20000220        0     1                 _WAIT_EFUSE_LOAD_AND_FLASH_WAKEUP_FINISH
      b8 20000220        0     1                 .L0 
      ba 20000222        0     1                 .L0 
      be 20000226        0     1                 _MULTI_ADDRESS_BEGIN
      be 20000226        0     1                 .L0 
      c2 2000022a        0     1                 .L0 
      c2 2000022a        0     1                 .L0 
      c6 2000022e        0     1                 .L0 
      ca 20000232        0     1                 .L0 
      ce 20000236        0     1                 _IZERO_BSS
      ce 20000236        0     1                 .L0 
      d2 2000023a        0     1                 .L0 
      d2 2000023a        0     1                 .L0 
      da 20000242        0     1                 .L0 
      da 20000242        0     1                 .L0 
      e2 2000024a        0     1                 _IZERO_BSS_BEGIN
      e2 2000024a        0     1                 .L0 
      e6 2000024e        0     1                 .L0 
      ea 20000252        0     1                 .L0 
      ec 20000254        0     1                 .L0 
      ee 20000256        0     1                 _IZERO_AES
      ee 20000256        0     1                 .L0 
      f2 2000025a        0     1                 .L0 
      f2 2000025a        0     1                 .L0 
      f6 2000025e        0     1                 .L0 
      f6 2000025e        0     1                 .L0 
      fa 20000262        0     1                 _IZERO_AES_BEGIN
      fa 20000262        0     1                 .L0 
      fe 20000266        0     1                 .L0 
     102 2000026a        0     1                 .L0 
     104 2000026c        0     1                 .L0 
     106 2000026e        0     1                 _IFILL_STK
     106 2000026e        0     1                 _IDATA_INIT
     106 2000026e        0     1                 .L0 
     106 2000026e        0     1                 .L0 
     10e 20000276        0     1                 .L0 
     10e 20000276        0     1                 .L0 
     112 2000027a        0     1                 .L0 
     112 2000027a        0     1                 .L0 
     11a 20000282        0     1                 _IDATA_INIT_BEGIN
     11a 20000282        0     1                 .L0 
     11e 20000286        0     1                 .L0 
     122 2000028a        0     1                 .L0 
     126 2000028e        0     1                 .L0 
     128 20000290        0     1                 .L0 
     12a 20000292        0     1                 .L0 
     12c 20000294        0     1                 _IMAIN_FUNC
     12c 20000294        0     1                 .L0 
     12e 20000296        0     1                 .L0 
     12e 20000296        0     1                 .L0 
     136 2000029e        0     1                 .L0 
     138 200002a0        0     1                 .L0 
     13a 200002a2        0     1                 .L0 
     13c 200002a4        0     1                 .L0 
     13e 200002a6        0     1                 .L0 
     140 200002a8        0     1                 .L0 
     142 200002aa        0     1                 _IEND
     142 200002aa        0     1                 .L0 
     144 200002ac        0     1                 .L0 
     144 200002ac        0     1                 .L0 
     144 200002ac        0     1                 .L0 
     144        0        0     1 PROVIDE ( _RETENTION_RESET_VMA_START = ADDR ( .retention_reset ) )
     144        0        0     1 PROVIDE ( _RETENTION_RESET_LMA_START = LOADADDR ( .retention_reset ) )
     144        0        0     1 PROVIDE ( _RETENTION_RESET_VMA_END = . )
     144        0        4     1 . = ALIGN ( 8 )
     148        0        0     1 PROVIDE ( _AES_VMA_START = . )
     148        0        0     1 PROVIDE ( _AES_VMA_END = . )
     148        0        0     1 . = ALIGN ( 8 )
     148 200002b0       64     4 .retention_data
     148 200002b0       64     4         /cygdrive/c/Users/SWAMIN~1/AppData/Local/Temp/ccf0YFim.ltrans0.ltrans.o:(.retention_data)
     148 200002b0        0     1                 .LANCHOR0
     148 200002b0        4     1                 flash_read_page
     14c 200002b4        1     1                 g_pm_long_suspend
     150 200002b8        4     1                 g_pm_tick_cur
     154 200002bc       29     1                 pmcd
     180 200002e8        4     1                 g_pm_tick_32k_calib
     184 200002ec        1     1                 g_plic_preempt_en
     188 200002f0        2     1                 s_flash_preempt_config
     18a 200002f2        1     1                 g_pm_suspend_power_cfg
     18c 200002f4        8     1                 g_pm_early_wakeup_time_us
     194 200002fc        4     1                 g_pm_tick_32k_cur
     198 20000300        1     1                 g_pm_tick_update_en
     19c 20000304        4     1                 g_pm_r_delay_cycle
     1a0 20000308        8     1                 g_pm_longsleep_early_wakeup_time_us
     1a8 20000310        4     1                 g_pm_mspi_cfg
     1ac        0        0     1 PROVIDE ( _RETENTION_DATA_VMA_START = ADDR ( .retention_data ) )
     1ac        0        0     1 PROVIDE ( _RETENTION_DATA_LMA_START = LOADADDR ( .retention_data ) )
     1ac        0        0     1 PROVIDE ( _RETENTION_DATA_VMA_END = . )
     1ac        0        4     1 . = ALIGN ( 8 )
     200 20000318      d5a   256 .ram_code
     200 20000318      102   256         ./boot/cstartup_flash.o:(.ram_code)
     200 20000318        0     1                 __vectors
     304 2000041c      c56     4         /cygdrive/c/Users/SWAMIN~1/AppData/Local/Temp/ccf0YFim.ltrans0.ltrans.o:(.ram_code)
     304 2000041c       20     1                 delay_ms.constprop.1
     304 2000041c        0     1                 .L0 
     304 2000041c        0     1                 .L0 
     304 2000041c        0     1                 .L0 
     304 2000041c        0     1                 .LFB11
     304 2000041c        0     1                 .LBB75
     308 20000420        0     1                 .L0 
     308 20000420        0     1                 .LBE75
     30c 20000424        0     1                 .L0 
     30c 20000424        0     1                 .LBB78
     310 20000428        0     1                 .LBB79
     310 20000428        0     1                 .LBB81
     310 20000428        0     1                 .LBE78
     314 2000042c        0     1                 .L0 
     314 2000042c        0     1                 .LBE79
     314 2000042c        0     1                 .LBE81
     318 20000430        0     1                 .L0 
     318 20000430        0     1                 .L18
     318 20000430        0     1                 .LVL16
     318 20000430        0     1                 .LBB86
     318 20000430        0     1                 .LBB84
     31c 20000434        0     1                 .L0 
     31c 20000434        0     1                 .LVL17
     31c 20000434        0     1                 .LBE84
     31e 20000436        0     1                 .L0 
     31e 20000436        0     1                 .LBE86
     322 2000043a        0     1                 .L0 
     324 2000043c        0     1                 .L0 
     324 2000043c       44     1                 flash_send_addr
     324 2000043c        0     1                 .L0 
     324 2000043c        0     1                 .L0 
     324 2000043c        0     1                 .L0 
     324 2000043c        0     1                 .LFE11
     324 2000043c        0     1                 .LFB31
     324 2000043c        0     1                 .LVL18
     328 20000440        0     1                 .L0 
     328 20000440        0     1                 .LBB87
     328 20000440        0     1                 .LVL19
     32c 20000444        0     1                 .L0 
     32c 20000444        0     1                 .LBB90
     32c 20000444        0     1                 .LBE87
     330 20000448        0     1                 .L0 
     330 20000448        0     1                 .LBB93
     330 20000448        0     1                 .LBE90
     334 2000044c        0     1                 .L0 
     334 2000044c        0     1                 .L21
     334 2000044c        0     1                 .LBE93
     334 2000044c        0     1                 .LBB94
     33c 20000454        0     1                 .L0 
     33c 20000454        0     1                 .LBE94
     340 20000458        0     1                 .L0 
     340 20000458        0     1                 .LBB95
     344 2000045c        0     1                 .L0 
     344 2000045c        0     1                 .LBB98
     344 2000045c        0     1                 .LVL20
     344 2000045c        0     1                 .LBE95
     348 20000460        0     1                 .L0 
     348 20000460        0     1                 .L22
     348 20000460        0     1                 .LBE98
     348 20000460        0     1                 .LVL21
     348 20000460        0     1                 .LBB100
     350 20000468        0     1                 .L0 
     350 20000468        0     1                 .LBE100
     354 2000046c        0     1                 .L0 
     354 2000046c        0     1                 .LBB101
     354 2000046c        0     1                 .LVL22
     358 20000470        0     1                 .L0 
     358 20000470        0     1                 .LBB104
     358 20000470        0     1                 .LBE101
     35c 20000474        0     1                 .L0 
     35c 20000474        0     1                 .L23
     35c 20000474        0     1                 .LBE104
     35c 20000474        0     1                 .LBB106
     364 2000047c        0     1                 .L0 
     364 2000047c        0     1                 .LBE106
     368 20000480        0     1                 .L0 
     368 20000480       48     1                 flash_send_cmd
     368 20000480        0     1                 .L0 
     368 20000480        0     1                 .L0 
     368 20000480        0     1                 .L0 
     368 20000480        0     1                 .LFE31
     368 20000480        0     1                 .LFB32
     368 20000480        0     1                 .LBB107
     37c 20000494        0     1                 .L0 
     37c 20000494        0     1                 .LBE107
     390 200004a8        0     1                 .L0 
     390 200004a8        0     1                 .LBB109
     394 200004ac        0     1                 .L0 
     394 200004ac        0     1                 .LBB112
     394 200004ac        0     1                 .LBE109
     398 200004b0        0     1                 .L0 
     398 200004b0        0     1                 .LBB115
     398 200004b0        0     1                 .LBE112
     3a0 200004b8        0     1                 .L0 
     3a0 200004b8        0     1                 .LBB116
     3a0 200004b8        0     1                 .LBE115
     3a4 200004bc        0     1                 .L0 
     3a4 200004bc        0     1                 .L28
     3a4 200004bc        0     1                 .LBE116
     3a4 200004bc        0     1                 .LBB118
     3ac 200004c4        0     1                 .L0 
     3ac 200004c4        0     1                 .LBE118
     3b0 200004c8        0     1                 .L0 
     3b0 200004c8       60     1                 clock_set_32k_tick
     3b0 200004c8        0     1                 .L0 
     3b0 200004c8        0     1                 .L0 
     3b0 200004c8        0     1                 .L0 
     3b0 200004c8        0     1                 .LFE32
     3b0 200004c8        0     1                 .LFB33
     3b8 200004d0        0     1                 .L0 
     3bc 200004d4        0     1                 .L0 
     3c8 200004e0        0     1                 .L0 
     3c8 200004e0        0     1                 .L31
     3d4 200004ec        0     1                 .L0 
     3d8 200004f0        0     1                 .L0 
     3de 200004f6        0     1                 .L0 
     3e6 200004fe        0     1                 .L0 
     3ee 20000506        0     1                 .L0 
     3f6 2000050e        0     1                 .L0 
     400 20000518        0     1                 .L0 
     404 2000051c        0     1                 .L32
     40c 20000524        0     1                 .L0 
     410 20000528        0     1                 .L0 
     410 20000528       4c     1                 analog_read_reg32.constprop.9
     410 20000528        0     1                 .L0 
     410 20000528        0     1                 .L0 
     410 20000528        0     1                 .L0 
     410 20000528        0     1                 .LFE33
     410 20000528        0     1                 .LFB21
     410 20000528        0     1                 .LBB119
     410 20000528        0     1                 .LBB120
     416 2000052e        0     1                 .L0 
     416 2000052e        0     1                 .LVL27
     418 20000530        0     1                 .L0 
     41c 20000534        0     1                 .L0 
     420 20000538        0     1                 .L0 
     420 20000538        0     1                 .L36
     420 20000538        0     1                 .LBE119
     420 20000538        0     1                 .LBE120
     420 20000538        0     1                 .LVL28
     42c 20000544        0     1                 .L0 
     434 2000054c        0     1                 .L0 
     438 20000550        0     1                 .L0 
     438 20000550        0     1                 .LBB121
     43c 20000554        0     1                 .L0 
     43c 20000554        0     1                 .LBE121
     440 20000558        0     1                 .L0 
     440 20000558        0     1                 .L37
     440 20000558        0     1                 .LBB124
     448 20000560        0     1                 .L0 
     448 20000560        0     1                 .LBE124
     44c 20000564        0     1                 .L0 
     44c 20000564        0     1                 .LBB125
     450 20000568        0     1                 .L0 
     454 2000056c        0     1                 .L0 
     458 20000570        0     1                 .L0 
     458 20000570        0     1                 .L35
     458 20000570        0     1                 .LBE125
     45c 20000574        0     1                 .L0 
     45c 20000574       24     1                 clock_get_32k_tick
     45c 20000574        0     1                 .L0 
     45c 20000574        0     1                 .L0 
     45c 20000574        0     1                 .LFE21
     45c 20000574        0     1                 .LFB34
     45c 20000574        0     1                 .LVL30
     45e 20000576        0     1                 .L0 
     462 2000057a        0     1                 .L0 
     462 2000057a        0     1                 .L0 
     464 2000057c        0     1                 .LVL31
     468 20000580        0     1                 .L0 
     468 20000580        0     1                 .L47
     468 20000580        0     1                 .LVL32
     46c 20000584        0     1                 .L0 
     46c 20000584        0     1                 .LVL33
     470 20000588        0     1                 .L0 
     472 2000058a        0     1                 .L0 
     472 2000058a        0     1                 .LVL34
     476 2000058e        0     1                 .L0 
     478 20000590        0     1                 .L0 
     47a 20000592        0     1                 .L0 
     47c 20000594        0     1                 .L0 
     480 20000598        0     1                 .L0 
     480 20000598       90     1                 pm_stimer_recover
     480 20000598        0     1                 .L0 
     480 20000598        0     1                 .L0 
     480 20000598        0     1                 .LFE34
     480 20000598        0     1                 .LFB35
     482 2000059a        0     1                 .L0 
     482 2000059a        0     1                 .L0 
     486 2000059e        0     1                 .L0 
     488 200005a0        0     1                 .L0 
     488 200005a0        0     1                 .L0 
     48e 200005a6        0     1                 .L0 
     49e 200005b6        0     1                 .L0 
     4a0 200005b8        0     1                 .L0 
     4ae 200005c6        0     1                 .L0 
     4c4 200005dc        0     1                 .L0 
     4c4 200005dc        0     1                 .L51
     4dc 200005f4        0     1                 .L0 
     4dc 200005f4        0     1                 .L52
     4de 200005f6        0     1                 .L0 
     4e0 200005f8        0     1                 .L0 
     4e6 200005fe        0     1                 .L0 
     4e8 20000600        0     1                 .L0 
     4ea 20000602        0     1                 .L0 
     4ec 20000604        0     1                 .L0 
     4f0 20000608        0     1                 .L0 
     4f4 2000060c        0     1                 .L0 
     4fc 20000614        0     1                 .L0 
     4fc 20000614        0     1                 .L53
     504 2000061c        0     1                 .L0 
     508 20000620        0     1                 .L0 
     50a 20000622        0     1                 .L0 
     50c 20000624        0     1                 .L0 
     510 20000628        0     1                 .L0 
     510 20000628       54     1                 plic_exit_critical_sec
     510 20000628        0     1                 .L0 
     510 20000628        0     1                 .L0 
     510 20000628        0     1                 .L0 
     510 20000628        0     1                 .LFE35
     510 20000628        0     1                 .LFB36
     520 20000638        0     1                 .L0 
     520 20000638        0     1                 .LBB127
     520 20000638        0     1                 .LBB129
     520 20000638        0     1                 .LBB130
     52a 20000642        0     1                 .L0 
     52c 20000644        0     1                 .L0 
     530 20000648        0     1                 .L0 
     534 2000064c        0     1                 .L0 
     534 2000064c        0     1                 .LBE129
     534 2000064c        0     1                 .LBE130
     53a 20000652        0     1                 .L0 
     53e 20000656        0     1                 .L0 
     53e 20000656        0     1                 .LBB131
     542 2000065a        0     1                 .L0 
     548 20000660        0     1                 .L0 
     548 20000660        0     1                 .L57
     548 20000660        0     1                 .LBE131
     548 20000660        0     1                 .LBB134
     548 20000660        0     1                 .LBE127
     54a 20000662        0     1                 .L0 
     54e 20000666        0     1                 .L0 
     554 2000066c        0     1                 .L0 
     554 2000066c        0     1                 .L58
     554 2000066c        0     1                 .LBE134
     554 2000066c        0     1                 .LBB136
     55c 20000674        0     1                 .L0 
     560 20000678        0     1                 .L0 
     560 20000678        0     1                 .L56
     560 20000678        0     1                 .LBE136
     564 2000067c        0     1                 .L0 
     564 2000067c       5c     1                 plic_enter_critical_sec
     564 2000067c        0     1                 .L0 
     564 2000067c        0     1                 .L0 
     564 2000067c        0     1                 .L0 
     564 2000067c        0     1                 .LFE36
     564 2000067c        0     1                 .LFB37
     574 2000068c        0     1                 .L0 
     57a 20000692        0     1                 .L0 
     57e 20000696        0     1                 .L0 
     57e 20000696        0     1                 .LBB137
     57e 20000696        0     1                 .LBB139
     57e 20000696        0     1                 .LBB140
     584 2000069c        0     1                 .L0 
     586 2000069e        0     1                 .L0 
     58a 200006a2        0     1                 .L0 
     58e 200006a6        0     1                 .L0 
     58e 200006a6        0     1                 .LBE139
     58e 200006a6        0     1                 .LBE140
     590 200006a8        0     1                 .L0 
     594 200006ac        0     1                 .L0 
     594 200006ac        0     1                 .LBB141
     598 200006b0        0     1                 .L0 
     5a0 200006b8        0     1                 .L0 
     5a0 200006b8        0     1                 .L70
     5a0 200006b8        0     1                 .LBE141
     5a0 200006b8        0     1                 .LBB144
     5a0 200006b8        0     1                 .LBB145
     5a0 200006b8        0     1                 .LBE137
     5a6 200006be        0     1                 .L0 
     5a8 200006c0        0     1                 .L0 
     5ac 200006c4        0     1                 .L0 
     5b4 200006cc        0     1                 .L0 
     5b4 200006cc        0     1                 .L72
     5b4 200006cc        0     1                 .LBE144
     5b4 200006cc        0     1                 .LBE145
     5b4 200006cc        0     1                 .LBB146
     5b8 200006d0        0     1                 .L0 
     5bc 200006d4        0     1                 .L0 
     5bc 200006d4        0     1                 .L69
     5bc 200006d4        0     1                 .LBE146
     5c0 200006d8        0     1                 .L0 
     5c0 200006d8      17c     1                 flash_mspi_read_ram
     5c0 200006d8        0     1                 .L0 
     5c0 200006d8        0     1                 .L0 
     5c0 200006d8        0     1                 .LFE37
     5c0 200006d8        0     1                 .LFB38
     5c0 200006d8        0     1                 .LVL35
     5c2 200006da        0     1                 .L0 
     5c4 200006dc        0     1                 .L0 
     5c4 200006dc        0     1                 .L0 
     5c8 200006e0        0     1                 .L0 
     5cc 200006e4        0     1                 .L0 
     5d0 200006e8        0     1                 .L0 
     5d4 200006ec        0     1                 .LVL36
     5d8 200006f0        0     1                 .L0 
     5d8 200006f0        0     1                 .LVL37
     5e4 200006fc        0     1                 .L0 
     5e4 200006fc        0     1                 .L0 
     5ec 20000704        0     1                 .L0 
     5f0 20000708        0     1                 .L0 
     5f0 20000708        0     1                 .LBB147
     5f0 20000708        0     1                 .LBB149
     5f0 20000708        0     1                 .LVL38
     5f4 2000070c        0     1                 .L0 
     5f4 2000070c        0     1                 .LBE147
     5f4 2000070c        0     1                 .LBE149
     5f8 20000710        0     1                 .L0 
     5f8 20000710        0     1                 .L83
     5f8 20000710        0     1                 .LVL39
     5f8 20000710        0     1                 .LBB162
     5f8 20000710        0     1                 .LBB152
     600 20000718        0     1                 .L0 
     600 20000718        0     1                 .LBB153
     600 20000718        0     1                 .LBE152
     604 2000071c        0     1                 .L0 
     604 2000071c        0     1                 .LBB156
     604 2000071c        0     1                 .LBE153
     608 20000720        0     1                 .L0 
     608 20000720        0     1                 .LBB159
     608 20000720        0     1                 .LBE156
     614 2000072c        0     1                 .L0 
     614 2000072c        0     1                 .L84
     614 2000072c        0     1                 .LVL40
     614 2000072c        0     1                 .LBE159
     614 2000072c        0     1                 .LBB160
     618 20000730        0     1                 .L0 
     618 20000730        0     1                 .LBE160
     61c 20000734        0     1                 .L0 
     61c 20000734        0     1                 .LBB163
     61c 20000734        0     1                 .LBE162
     620 20000738        0     1                 .L0 
     620 20000738        0     1                 .LBE163
     622 2000073a        0     1                 .L0 
     622 2000073a        0     1                 .LBB166
     62a 20000742        0     1                 .L0 
     62a 20000742        0     1                 .LBB167
     62a 20000742        0     1                 .LVL41
     62a 20000742        0     1                 .LBE166
     636 2000074e        0     1                 .L0 
     636 2000074e        0     1                 .LBE167
     636 2000074e        0     1                 .LVL42
     638 20000750        0     1                 .L0 
     638 20000750        0     1                 .LVL43
     63c 20000754        0     1                 .L0 
     63c 20000754        0     1                 .L85
     63c 20000754        0     1                 .LBB169
     63c 20000754        0     1                 .LVL44
     644 2000075c        0     1                 .L0 
     644 2000075c        0     1                 .LBB170
     648 20000760        0     1                 .L88
     648 20000760        0     1                 .LVL45
     64c 20000764        0     1                 .L0 
     64c 20000764        0     1                 .L87
     64c 20000764        0     1                 .LBE170
     64c 20000764        0     1                 .LBB172
     654 2000076c        0     1                 .L0 
     654 2000076c        0     1                 .LBE172
     65c 20000774        0     1                 .L0 
     65c 20000774        0     1                 .L86
     65c 20000774        0     1                 .LBE169
     65c 20000774        0     1                 .LVL47
     660 20000778        0     1                 .L0 
     660 20000778        0     1                 .LBB174
     660 20000778        0     1                 .LVL48
     674 2000078c        0     1                 .L0 
     674 2000078c        0     1                 .L89
     674 2000078c        0     1                 .LBE174
     674 2000078c        0     1                 .LBB176
     674 2000078c        0     1                 .LVL49
     67c 20000794        0     1                 .L0 
     67c 20000794        0     1                 .LBB179
     67c 20000794        0     1                 .LBE176
     680 20000798        0     1                 .L0 
     680 20000798        0     1                 .LBB182
     680 20000798        0     1                 .LBE179
     68c 200007a4        0     1                 .L0 
     68c 200007a4        0     1                 .LBB183
     68c 200007a4        0     1                 .LVL50
     68c 200007a4        0     1                 .LBE182
     690 200007a8        0     1                 .L0 
     690 200007a8        0     1                 .L90
     690 200007a8        0     1                 .LBE183
     690 200007a8        0     1                 .LBB185
     698 200007b0        0     1                 .L0 
     698 200007b0        0     1                 .LBB186
     698 200007b0        0     1                 .LBE185
     69c 200007b4        0     1                 .L0 
     69c 200007b4        0     1                 .LBB189
     69c 200007b4        0     1                 .LBE186
     6a0 200007b8        0     1                 .L0 
     6a0 200007b8        0     1                 .LBB192
     6a0 200007b8        0     1                 .LBE189
     6ac 200007c4        0     1                 .L0 
     6ac 200007c4        0     1                 .L91
     6ac 200007c4        0     1                 .LBE192
     6ac 200007c4        0     1                 .LBB193
     6b4 200007cc        0     1                 .L0 
     6b4 200007cc        0     1                 .LBB194
     6b4 200007cc        0     1                 .LVL51
     6b4 200007cc        0     1                 .LBE193
     6bc 200007d4        0     1                 .L0 
     6bc 200007d4        0     1                 .LBB195
     6bc 200007d4        0     1                 .LVL52
     6c0 200007d8        0     1                 .L94
     6c4 200007dc        0     1                 .L0 
     6c4 200007dc        0     1                 .LBE195
     6cc 200007e4        0     1                 .L0 
     6cc 200007e4        0     1                 .L93
     6cc 200007e4        0     1                 .LBB197
     6d4 200007ec        0     1                 .L0 
     6d4 200007ec        0     1                 .LBE197
     6d8 200007f0        0     1                 .L0 
     6d8 200007f0        0     1                 .L92
     6d8 200007f0        0     1                 .LBE194
     6d8 200007f0        0     1                 .LBB199
     6d8 200007f0        0     1                 .LVL55
     6e8 20000800        0     1                 .L0 
     6e8 20000800        0     1                 .LBE199
     6ec 20000804        0     1                 .L0 
     6ec 20000804        0     1                 .LBB201
     6ec 20000804        0     1                 .LVL56
     6f8 20000810        0     1                 .L0 
     6f8 20000810        0     1                 .L95
     6f8 20000810        0     1                 .LBE201
     6f8 20000810        0     1                 .LBB203
     6f8 20000810        0     1                 .LVL57
     70c 20000824        0     1                 .L0 
     70c 20000824        0     1                 .LBE203
     716 2000082e        0     1                 .L0 
     718 20000830        0     1                 .L0 
     718 20000830        0     1                 .L0 
     718 20000830        0     1                 .LVL58
     71c 20000834        0     1                 .L0 
     71e 20000836        0     1                 .L0 
     720 20000838        0     1                 .L0 
     722 2000083a        0     1                 .L0 
     724 2000083c        0     1                 .L0 
     726 2000083e        0     1                 .L0 
     728 20000840        0     1                 .L0 
     72a 20000842        0     1                 .L0 
     72a 20000842        0     1                 .L0 
     72a 20000842        0     1                 .LVL59
     72c 20000844        0     1                 .L0 
     72e 20000846        0     1                 .L0 
     72e 20000846        0     1                 .LVL60
     730 20000848        0     1                 .L0 
     730 20000848        0     1                 .L0 
     734 2000084c        0     1                 .L0 
     734 2000084c        0     1                 .L0 
     734 2000084c        0     1                 .L115
     734 2000084c        0     1                 .LVL61
     738 20000850        0     1                 .LVL62
     73c 20000854        0     1                 .L0 
     73c 20000854       44     1                 analog_write_reg8
     73c 20000854        0     1                 .L0 
     73c 20000854        0     1                 .L0 
     73c 20000854        0     1                 .L0 
     73c 20000854        0     1                 .LFE38
     73c 20000854        0     1                 .LFB42
     73c 20000854        0     1                 .LBB205
     73c 20000854        0     1                 .LBB206
     73c 20000854        0     1                 .LVL88
     742 2000085a        0     1                 .L0 
     742 2000085a        0     1                 .LVL89
     744 2000085c        0     1                 .L0 
     748 20000860        0     1                 .L0 
     74c 20000864        0     1                 .L0 
     74c 20000864        0     1                 .L131
     74c 20000864        0     1                 .LBE205
     74c 20000864        0     1                 .LBE206
     74c 20000864        0     1                 .LVL90
     754 2000086c        0     1                 .L0 
     758 20000870        0     1                 .L0 
     75c 20000874        0     1                 .L0 
     75c 20000874        0     1                 .LBB207
     760 20000878        0     1                 .L0 
     760 20000878        0     1                 .LBE207
     764 2000087c        0     1                 .L0 
     764 2000087c        0     1                 .L132
     764 2000087c        0     1                 .LVL91
     764 2000087c        0     1                 .LBB210
     76c 20000884        0     1                 .L0 
     76c 20000884        0     1                 .LBE210
     770 20000888        0     1                 .L0 
     770 20000888        0     1                 .LBB211
     774 2000088c        0     1                 .L0 
     778 20000890        0     1                 .L0 
     77c 20000894        0     1                 .L0 
     77c 20000894        0     1                 .L130
     77c 20000894        0     1                 .LBE211
     780 20000898        0     1                 .L0 
     780 20000898       4c     1                 analog_read_reg8
     780 20000898        0     1                 .L0 
     780 20000898        0     1                 .L0 
     780 20000898        0     1                 .L0 
     780 20000898        0     1                 .LFE42
     780 20000898        0     1                 .LFB43
     780 20000898        0     1                 .LBB213
     780 20000898        0     1                 .LBB214
     780 20000898        0     1                 .LVL92
     786 2000089e        0     1                 .L0 
     786 2000089e        0     1                 .LVL93
     788 200008a0        0     1                 .L0 
     78c 200008a4        0     1                 .L0 
     790 200008a8        0     1                 .L0 
     790 200008a8        0     1                 .L142
     790 200008a8        0     1                 .LBE213
     790 200008a8        0     1                 .LBE214
     790 200008a8        0     1                 .LVL94
     798 200008b0        0     1                 .L0 
     7a0 200008b8        0     1                 .L0 
     7a4 200008bc        0     1                 .L0 
     7a4 200008bc        0     1                 .LBB215
     7a8 200008c0        0     1                 .L0 
     7a8 200008c0        0     1                 .LBE215
     7ac 200008c4        0     1                 .L0 
     7ac 200008c4        0     1                 .L143
     7ac 200008c4        0     1                 .LBB218
     7b4 200008cc        0     1                 .L0 
     7b4 200008cc        0     1                 .LBE218
     7b8 200008d0        0     1                 .LVL95
     7bc 200008d4        0     1                 .L0 
     7bc 200008d4        0     1                 .LBB219
     7c0 200008d8        0     1                 .L0 
     7c4 200008dc        0     1                 .L0 
     7c8 200008e0        0     1                 .L0 
     7c8 200008e0        0     1                 .L144
     7c8 200008e0        0     1                 .LBE219
     7cc 200008e4        0     1                 .L0 
     7cc 200008e4      140     1                 clock_init_ram.constprop.4
     7cc 200008e4        0     1                 .L0 
     7cc 200008e4        0     1                 .L0 
     7cc 200008e4        0     1                 .LFE43
     7cc 200008e4        0     1                 .LFB15
     7ce 200008e6        0     1                 .L0 
     7ce 200008e6        0     1                 .L0 
     7ce 200008e6        0     1                 .LBB225
     7ce 200008e6        0     1                 .LBB227
     7d2 200008ea        0     1                 .L0 
     7d2 200008ea        0     1                 .LBE225
     7d2 200008ea        0     1                 .LBE227
     7d8 200008f0        0     1                 .L0 
     7d8 200008f0        0     1                 .L0 
     7d8 200008f0        0     1                 .L157
     7d8 200008f0        0     1                 .LBB240
     7d8 200008f0        0     1                 .LBB230
     7e0 200008f8        0     1                 .L0 
     7e0 200008f8        0     1                 .LBB231
     7e0 200008f8        0     1                 .LBE230
     7e4 200008fc        0     1                 .L0 
     7e4 200008fc        0     1                 .LBB234
     7e4 200008fc        0     1                 .LBE231
     7e8 20000900        0     1                 .L0 
     7e8 20000900        0     1                 .LBB237
     7e8 20000900        0     1                 .LBE234
     7f4 2000090c        0     1                 .L0 
     7f4 2000090c        0     1                 .L158
     7f4 2000090c        0     1                 .LBE237
     7f4 2000090c        0     1                 .LBB238
     7f8 20000910        0     1                 .L0 
     7f8 20000910        0     1                 .LBE238
     7fc 20000914        0     1                 .L0 
     7fc 20000914        0     1                 .LBE240
     800 20000918        0     1                 .L0 
     804 2000091c        0     1                 .L0 
     80a 20000922        0     1                 .L0 
     80c 20000924        0     1                 .LVL104
     81e 20000936        0     1                 .L0 
     81e 20000936        0     1                 .LVL105
     824 2000093c        0     1                 .LVL106
     830 20000948        0     1                 .L0 
     830 20000948        0     1                 .LVL107
     83c 20000954        0     1                 .L0 
     840 20000958        0     1                 .L0 
     846 2000095e        0     1                 .L0 
     848 20000960        0     1                 .LVL108
     858 20000970        0     1                 .L0 
     858 20000970        0     1                 .L159
     858 20000970        0     1                 .LVL109
     860 20000978        0     1                 .LVL110
     864 2000097c        0     1                 .L0 
     86c 20000984        0     1                 .LVL111
     878 20000990        0     1                 .L0 
     878 20000990        0     1                 .LVL112
     88a 200009a2        0     1                 .L0 
     89a 200009b2        0     1                 .L0 
     8aa 200009c2        0     1                 .L0 
     8ae 200009c6        0     1                 .L0 
     8b2 200009ca        0     1                 .L0 
     8ba 200009d2        0     1                 .L0 
     8be 200009d6        0     1                 .L0 
     8c4 200009dc        0     1                 .L0 
     8cc 200009e4        0     1                 .L0 
     8dc 200009f4        0     1                 .L0 
     8e0 200009f8        0     1                 .L0 
     8e4 200009fc        0     1                 .L0 
     8e8 20000a00        0     1                 .L0 
     8ee 20000a06        0     1                 .L0 
     8f6 20000a0e        0     1                 .L0 
     8fe 20000a16        0     1                 .L0 
     902 20000a1a        0     1                 .L0 
     904 20000a1c        0     1                 .L0 
     906 20000a1e        0     1                 .L0 
     908 20000a20        0     1                 .L0 
     90a 20000a22        0     1                 .L0 
     90c 20000a24        0     1                 .L0 
     90c 20000a24       b4     1                 pm_wait_bbpll_done
     90c 20000a24        0     1                 .L0 
     90c 20000a24        0     1                 .L0 
     90c 20000a24        0     1                 .LFE15
     90c 20000a24        0     1                 .LFB45
     90e 20000a26        0     1                 .L0 
     90e 20000a26        0     1                 .L0 
     912 20000a2a        0     1                 .L0 
     91a 20000a32        0     1                 .L0 
     91a 20000a32        0     1                 .L0 
     91c 20000a34        0     1                 .L0 
     920 20000a38        0     1                 .L0 
     922 20000a3a        0     1                 .L0 
     930 20000a48        0     1                 .L0 
     930 20000a48        0     1                 .LBB241
     930 20000a48        0     1                 .LBB242
     932 20000a4a        0     1                 .L0 
     932 20000a4a        0     1                 .LBE241
     932 20000a4a        0     1                 .LBE242
     934 20000a4c        0     1                 .L0 
     934 20000a4c        0     1                 .L175
     934 20000a4c        0     1                 .LBB244
     934 20000a4c        0     1                 .LBB243
     944 20000a5c        0     1                 .L0 
     944 20000a5c        0     1                 .L170
     946 20000a5e        0     1                 .L0 
     960 20000a78        0     1                 .L0 
     960 20000a78        0     1                 .L169
     960 20000a78        0     1                 .LBE243
     96c 20000a84        0     1                 .L0 
     96e 20000a86        0     1                 .L0 
     972 20000a8a        0     1                 .L0 
     97c 20000a94        0     1                 .L0 
     980 20000a98        0     1                 .L173
     988 20000aa0        0     1                 .L0 
     988 20000aa0        0     1                 .L177
     988 20000aa0        0     1                 .LBE244
     98a 20000aa2        0     1                 .L0 
     98c 20000aa4        0     1                 .L0 
     98e 20000aa6        0     1                 .L0 
     990 20000aa8        0     1                 .L0 
     992 20000aaa        0     1                 .L0 
     994 20000aac        0     1                 .L0 
     994 20000aac        0     1                 .L179
     996 20000aae        0     1                 .L0 
     998 20000ab0        0     1                 .L0 
     99a 20000ab2        0     1                 .L0 
     99a 20000ab2        0     1                 .L0 
     99a 20000ab2        0     1                 .LBB245
     99c 20000ab4        0     1                 .L0 
     99c 20000ab4        0     1                 .LBE245
     99e 20000ab6        0     1                 .L0 
     99e 20000ab6        0     1                 .L0 
     99e 20000ab6        0     1                 .LBB246
     9a2 20000aba        0     1                 .L0 
     9a2 20000aba        0     1                 .LBE246
     9a4 20000abc        0     1                 .L0 
     9a4 20000abc        0     1                 .L0 
     9a4 20000abc        0     1                 .LBB247
     9a8 20000ac0        0     1                 .L0 
     9a8 20000ac0        0     1                 .L0 
     9a8 20000ac0        0     1                 .L180
     9b4 20000acc        0     1                 .L0 
     9b4 20000acc        0     1                 .L181
     9c0 20000ad8        0     1                 .L0 
     9c0 20000ad8      190     1                 pm_sleep_start
     9c0 20000ad8        0     1                 .L0 
     9c0 20000ad8        0     1                 .L0 
     9c0 20000ad8        0     1                 .L0 
     9c0 20000ad8        0     1                 .L0 
     9c0 20000ad8        0     1                 .LFE45
     9c0 20000ad8        0     1                 .LFB46
     9c0 20000ad8        0     1                 .LBE247
     9c2 20000ada        0     1                 .L0 
     9c2 20000ada        0     1                 .L0 
     9c6 20000ade        0     1                 .L0 
     9cc 20000ae4        0     1                 .L0 
     9cc 20000ae4        0     1                 .L0 
     9d8 20000af0        0     1                 .L0 
     9e8 20000b00        0     1                 .L0 
     9e8 20000b00        0     1                 .L183
     9f0 20000b08        0     1                 .L0 
     9f0 20000b08        0     1                 .L184
     9f4 20000b0c        0     1                 .L185
     9fc 20000b14        0     1                 .L0 
     a00 20000b18        0     1                 .L0 
     a04 20000b1c        0     1                 .L0 
     a10 20000b28        0     1                 .L0 
     a10 20000b28        0     1                 .L186
     a14 20000b2c        0     1                 .L0 
     a18 20000b30        0     1                 .L0 
     a1c 20000b34        0     1                 .L0 
     a20 20000b38        0     1                 .L0 
     a28 20000b40        0     1                 .L0 
     a34 20000b4c        0     1                 .L0 
     a3c 20000b54        0     1                 .L0 
     a3c 20000b54        0     1                 .L187
     a44 20000b5c        0     1                 .L0 
     a48 20000b60        0     1                 .L0 
     a4a 20000b62        0     1                 .L0 
     a56 20000b6e        0     1                 .L0 
     a5a 20000b72        0     1                 .L0 
     a64 20000b7c        0     1                 .L0 
     a7c 20000b94        0     1                 .L0 
     a84 20000b9c        0     1                 .L0 
     a84 20000b9c        0     1                 .LBB262
     a8c 20000ba4        0     1                 .L188
     a92 20000baa        0     1                 .L0 
     a94 20000bac        0     1                 .L0 
     a9c 20000bb4        0     1                 .L0 
     a9c 20000bb4        0     1                 .L205
     a9c 20000bb4        0     1                 .LBE262
     ab2 20000bca        0     1                 .L0 
     ac4 20000bdc        0     1                 .L0 
     ad0 20000be8        0     1                 .L0 
     ad8 20000bf0        0     1                 .L0 
     adc 20000bf4        0     1                 .L0 
     ae0 20000bf8        0     1                 .L0 
     ae8 20000c00        0     1                 .L0 
     af0 20000c08        0     1                 .L0 
     af0 20000c08        0     1                 .L190
     af8 20000c10        0     1                 .L0 
     afc 20000c14        0     1                 .L0 
     afc 20000c14        0     1                 .LBB269
     b00 20000c18        0     1                 .L0 
     b00 20000c18        0     1                 .LBE269
     b0c 20000c24        0     1                 .L0 
     b0c 20000c24        0     1                 .LBB271
     b10 20000c28        0     1                 .L191
     b16 20000c2e        0     1                 .L0 
     b18 20000c30        0     1                 .L0 
     b20 20000c38        0     1                 .L0 
     b20 20000c38        0     1                 .L193
     b20 20000c38        0     1                 .LBE271
     b2c 20000c44        0     1                 .L0 
     b2c 20000c44        0     1                 .L194
     b38 20000c50        0     1                 .L0 
     b38 20000c50        0     1                 .L195
     b44 20000c5c        0     1                 .L0 
     b46 20000c5e        0     1                 .L0 
     b48 20000c60        0     1                 .L0 
     b4a 20000c62        0     1                 .L0 
     b4c 20000c64        0     1                 .L0 
     b4c 20000c64        0     1                 .L0 
     b50 20000c68        0     1                 .L0 
     b50 20000c68      30c     1                 pm_sleep_wakeup_ram.constprop.8
     b50 20000c68        0     1                 .L0 
     b50 20000c68        0     1                 .L0 
     b50 20000c68        0     1                 .LFE46
     b50 20000c68        0     1                 .LFB19
     b52 20000c6a        0     1                 .L0 
     b54 20000c6c        0     1                 .L0 
     b64 20000c7c        0     1                 .L0 
     b64 20000c7c        0     1                 .L0 
     b64 20000c7c        0     1                 .LBB298
     b64 20000c7c        0     1                 .LBB299
     b6c 20000c84        0     1                 .L0 
     b70 20000c88        0     1                 .L0 
     b74 20000c8c        0     1                 .L0 
     b78 20000c90        0     1                 .L0 
     b78 20000c90        0     1                 .L208
     b78 20000c90        0     1                 .LBE298
     b78 20000c90        0     1                 .LBE299
     b78 20000c90        0     1                 .LBB300
     b7c 20000c94        0     1                 .L209
     b82 20000c9a        0     1                 .L0 
     b86 20000c9e        0     1                 .L0 
     b8a 20000ca2        0     1                 .L0 
     b8c 20000ca4        0     1                 .L0 
     b92 20000caa        0     1                 .L0 
     b94 20000cac        0     1                 .L0 
     b96 20000cae        0     1                 .L0 
     ba8 20000cc0        0     1                 .L258
     baa 20000cc2        0     1                 .L0 
     bb4 20000ccc        0     1                 .L0 
     bb4 20000ccc        0     1                 .LBE300
     bbc 20000cd4        0     1                 .L0 
     bc0 20000cd8        0     1                 .L0 
     bc4 20000cdc        0     1                 .L0 
     bc4 20000cdc        0     1                 .LBB304
     bc6 20000cde        0     1                 .L0 
     bc8 20000ce0        0     1                 .L0 
     bc8 20000ce0        0     1                 .LBE304
     bcc 20000ce4        0     1                 .L0 
     bd0 20000ce8        0     1                 .L0 
     bd0 20000ce8        0     1                 .LBB305
     bd4 20000cec        0     1                 .L0 
     bd8 20000cf0        0     1                 .L0 
     bdc 20000cf4        0     1                 .L0 
     bdc 20000cf4        0     1                 .L213
     bdc 20000cf4        0     1                 .LBE305
     bec 20000d04        0     1                 .L0 
     bec 20000d04        0     1                 .L212
     bf8 20000d10        0     1                 .L0 
     bf8 20000d10        0     1                 .LBB307
     bfe 20000d16        0     1                 .L0 
     c06 20000d1e        0     1                 .L0 
     c08 20000d20        0     1                 .L0 
     c08 20000d20        0     1                 .L217
     c10 20000d28        0     1                 .L0 
     c14 20000d2c        0     1                 .L0 
     c16 20000d2e        0     1                 .L0 
     c20 20000d38        0     1                 .L0 
     c20 20000d38        0     1                 .L216
     c20 20000d38        0     1                 .LBB311
     c24 20000d3c        0     1                 .L0 
     c28 20000d40        0     1                 .L0 
     c30 20000d48        0     1                 .L0 
     c30 20000d48        0     1                 .L215
     c30 20000d48        0     1                 .LBE307
     c30 20000d48        0     1                 .LBE311
     c34 20000d4c        0     1                 .L0 
     c3c 20000d54        0     1                 .L0 
     c40 20000d58        0     1                 .L0 
     c48 20000d60        0     1                 .L0 
     c50 20000d68        0     1                 .L0 
     c5c 20000d74        0     1                 .L0 
     c60 20000d78        0     1                 .L0 
     c64 20000d7c        0     1                 .L0 
     c68 20000d80        0     1                 .L0 
     c68 20000d80        0     1                 .LBB314
     c6a 20000d82        0     1                 .L0 
     c6a 20000d82        0     1                 .LBE314
     c72 20000d8a        0     1                 .L0 
     c74 20000d8c        0     1                 .L0 
     c76 20000d8e        0     1                 .L0 
     c76 20000d8e        0     1                 .LBB318
     c7a 20000d92        0     1                 .L0 
     c7e 20000d96        0     1                 .L0 
     c7e 20000d96        0     1                 .LBE318
     c82 20000d9a        0     1                 .L0 
     c82 20000d9a        0     1                 .LBB319
     c84 20000d9c        0     1                 .L0 
     ca8 20000dc0        0     1                 .L0 
     ca8 20000dc0        0     1                 .L219
     cac 20000dc4        0     1                 .L0 
     cb0 20000dc8        0     1                 .L0 
     cb2 20000dca        0     1                 .L0 
     cb4 20000dcc        0     1                 .L0 
     cb4 20000dcc        0     1                 .L220
     cb4 20000dcc        0     1                 .LBE319
     cc0 20000dd8        0     1                 .L0 
     cc8 20000de0        0     1                 .L0 
     cd4 20000dec        0     1                 .L0 
     ce0 20000df8        0     1                 .L0 
     cec 20000e04        0     1                 .L0 
     cf0 20000e08        0     1                 .L0 
     cf4 20000e0c        0     1                 .L0 
     cf8 20000e10        0     1                 .L0 
     cfc 20000e14        0     1                 .L0 
     d00 20000e18        0     1                 .L0 
     d04 20000e1c        0     1                 .L0 
     d14 20000e2c        0     1                 .L0 
     d22 20000e3a        0     1                 .L0 
     d2c 20000e44        0     1                 .L0 
     d2c 20000e44        0     1                 .L221
     d30 20000e48        0     1                 .L0 
     d30 20000e48        0     1                 .L222
     d3a 20000e52        0     1                 .L0 
     d44 20000e5c        0     1                 .L0 
     d44 20000e5c        0     1                 .L223
     d46 20000e5e        0     1                 .L0 
     d50 20000e68        0     1                 .L0 
     d50 20000e68        0     1                 .L224
     d54 20000e6c        0     1                 .L0 
     d54 20000e6c        0     1                 .LBB320
     d5e 20000e76        0     1                 .L0 
     d5e 20000e76        0     1                 .LBE320
     d62 20000e7a        0     1                 .L0 
     d64 20000e7c        0     1                 .L0 
     d70 20000e88        0     1                 .L0 
     d70 20000e88        0     1                 .L225
     d7c 20000e94        0     1                 .L0 
     d84 20000e9c        0     1                 .L0 
     d94 20000eac        0     1                 .L0 
     d98 20000eb0        0     1                 .L0 
     d9e 20000eb6        0     1                 .L0 
     db4 20000ecc        0     1                 .L0 
     db4 20000ecc        0     1                 .L226
     dcc 20000ee4        0     1                 .L0 
     dcc 20000ee4        0     1                 .L227
     dce 20000ee6        0     1                 .L0 
     dd0 20000ee8        0     1                 .L0 
     dd6 20000eee        0     1                 .L0 
     dd8 20000ef0        0     1                 .L0 
     dda 20000ef2        0     1                 .L0 
     ddc 20000ef4        0     1                 .L0 
     de0 20000ef8        0     1                 .L0 
     de4 20000efc        0     1                 .L0 
     de8 20000f00        0     1                 .L0 
     dec 20000f04        0     1                 .L0 
     dec 20000f04        0     1                 .L228
     df4 20000f0c        0     1                 .L0 
     df8 20000f10        0     1                 .L0 
     dfc 20000f14        0     1                 .L0 
     dfc 20000f14        0     1                 .LBB322
     e00 20000f18        0     1                 .L0 
     e00 20000f18        0     1                 .LBE322
     e04 20000f1c        0     1                 .L0 
     e04 20000f1c        0     1                 .LBB325
     e08 20000f20        0     1                 .L0 
     e08 20000f20        0     1                 .LBE325
     e14 20000f2c        0     1                 .L0 
     e18 20000f30        0     1                 .L0 
     e1c 20000f34        0     1                 .L0 
     e20 20000f38        0     1                 .L0 
     e20 20000f38        0     1                 .L230
     e24 20000f3c        0     1                 .L0 
     e2c 20000f44        0     1                 .L0 
     e2c 20000f44        0     1                 .L229
     e2c 20000f44        0     1                 .LBB328
     e30 20000f48        0     1                 .L0 
     e34 20000f4c        0     1                 .L0 
     e38 20000f50        0     1                 .L0 
     e38 20000f50        0     1                 .L231
     e38 20000f50        0     1                 .LBE328
     e48 20000f60        0     1                 .L0 
     e48 20000f60        0     1                 .L207
     e4a 20000f62        0     1                 .L0 
     e4c 20000f64        0     1                 .L0 
     e4e 20000f66        0     1                 .L0 
     e50 20000f68        0     1                 .L0 
     e52 20000f6a        0     1                 .L0 
     e54 20000f6c        0     1                 .L0 
     e56 20000f6e        0     1                 .L0 
     e58 20000f70        0     1                 .L0 
     e5a 20000f72        0     1                 .L0 
     e5c 20000f74        0     1                 .L0 
     e5c 20000f74        0     1                 .L0 
     e5c 20000f74        0     1                 .L0 
     e5c 20000f74        0     1                 .LFE19
     e5c 20000f74        0     1                 .LFB60
     e5c 20000f74       fc     1                 trap_entry
     e5e 20000f76        0     1                 .L0 
     e6a 20000f82        0     1                 .L0 
     e6a 20000f82        0     1                 .L0 
     e6e 20000f86        0     1                 .L0 
     e6e 20000f86        0     1                 .LVL213
     e7c 20000f94        0     1                 .L0 
     e80 20000f98        0     1                 .L0 
     e80 20000f98        0     1                 .LVL214
     e84 20000f9c        0     1                 .L0 
     e84 20000f9c        0     1                 .LVL215
     e88 20000fa0        0     1                 .L0 
     e88 20000fa0        0     1                 .L306
     e88 20000fa0        0     1                 .LVL216
     e8c 20000fa4        0     1                 .L0 
     e8c 20000fa4        0     1                 .L307
     e8c 20000fa4        0     1                 .LBB516
     e8c 20000fa4        0     1                 .LVL217
     e94 20000fac        0     1                 .L0 
     e9c 20000fb4        0     1                 .L0 
     ea4 20000fbc        0     1                 .L0 
     eac 20000fc4        0     1                 .L0 
     eb4 20000fcc        0     1                 .L0 
     eb4 20000fcc        0     1                 .L313
     ebc 20000fd4        0     1                 .L0 
     ebc 20000fd4        0     1                 .L332
     ebc 20000fd4        0     1                 .LBE516
     ebc 20000fd4        0     1                 .LVL218
     ec0 20000fd8        0     1                 .LVL219
     ec4 20000fdc        0     1                 .L0 
     ec8 20000fe0        0     1                 .L0 
     ec8 20000fe0        0     1                 .LBB518
     ece 20000fe6        0     1                 .L0 
     ece 20000fe6        0     1                 .LBE518
     ed8 20000ff0        0     1                 .L0 
     edc 20000ff4        0     1                 .L0 
     edc 20000ff4        0     1                 .L311
     ee8 20001000        0     1                 .L0 
     eec 20001004        0     1                 .L0 
     eec 20001004        0     1                 .L312
     eec 20001004        0     1                 .LBB520
     ef4 2000100c        0     1                 .L0 
     ef4 2000100c        0     1                 .L310
     ef4 2000100c        0     1                 .LBE520
     f00 20001018        0     1                 .L0 
     f04 2000101c        0     1                 .L0 
     f08 20001020        0     1                 .L0 
     f0c 20001024        0     1                 .L0 
     f0c 20001024        0     1                 .L305
     f0e 20001026        0     1                 .L0 
     f10 20001028        0     1                 .L0 
     f10 20001028        0     1                 .LVL220
     f12 2000102a        0     1                 .L0 
     f12 2000102a        0     1                 .LVL221
     f14 2000102c        0     1                 .L0 
     f14 2000102c        0     1                 .LVL222
     f16 2000102e        0     1                 .L0 
     f18 20001030        0     1                 .L0 
     f1c 20001034        0     1                 .L0 
     f20 20001038        0     1                 .L0 
     f20 20001038        0     1                 .L0 
     f20 20001038        0     1                 .L315
     f20 20001038        0     1                 .LVL223
     f22 2000103a        0     1                 .L0 
     f24 2000103c        0     1                 .L0 
     f28 20001040        0     1                 .L0 
     f28 20001040        0     1                 .L333
     f28 20001040        0     1                 .LVL224
     f34 2000104c        0     1                 .L0 
     f34 2000104c        0     1                 .LBB522
     f34 2000104c        0     1                 .LVL225
     f3c 20001054        0     1                 .L0 
     f3c 20001054        0     1                 .LBE522
     f3c 20001054        0     1                 .LVL226
     f40 20001058        0     1                 .L0 
     f40 20001058        0     1                 .L309
     f4a 20001062        0     1                 .L0 
     f4e 20001066        0     1                 .L0 
     f4e 20001066        0     1                 .LBB524
     f58 20001070        0     1                 .L0 
     f58 20001070        0     1                 .L0 
     f58 20001070        0     1                 .LFE60
     f58 20001070        0     1                 .LBE524
     f5a        0        0     1 PROVIDE ( _RAMCODE_VMA_END = . )
     f5a        0        0     1 PROVIDE ( _RAMCODE_VMA_START = ADDR ( .ram_code ) )
     f5a        0        0     1 PROVIDE ( _RAMCODE_LMA_START = LOADADDR ( .ram_code ) )
     f5a        0 2000011e     1 . = ALIGN ( LOADADDR ( .ram_code ) + SIZEOF ( .ram_code ) , 8 )
20001078 20001078     14bc     4 .text
20001078 20001078        6     4         ./boot/cstartup_flash.o:(.text)
20001078 20001078        0     1                 .L0 
20001078 20001078        0     1                 .L0 
20001078 20001078        0     1                 .L0 
20001078 20001078        0     1                 .L11
20001078 20001078        0     1                 default_irq_entry
20001078 20001078        0     1                 entry_irq1
20001078 20001078        0     1                 entry_irq2
20001078 20001078        0     1                 entry_irq3
20001078 20001078        0     1                 entry_irq4
20001078 20001078        0     1                 entry_irq5
20001078 20001078        0     1                 entry_irq6
20001078 20001078        0     1                 entry_irq7
20001078 20001078        0     1                 entry_irq8
20001078 20001078        0     1                 entry_irq9
20001078 20001078        0     1                 entry_irq10
20001078 20001078        0     1                 entry_irq11
20001078 20001078        0     1                 entry_irq12
20001078 20001078        0     1                 entry_irq13
20001078 20001078        0     1                 entry_irq14
20001078 20001078        0     1                 entry_irq15
20001078 20001078        0     1                 entry_irq16
20001078 20001078        0     1                 entry_irq17
20001078 20001078        0     1                 entry_irq18
20001078 20001078        0     1                 entry_irq19
20001078 20001078        0     1                 entry_irq20
20001078 20001078        0     1                 entry_irq21
20001078 20001078        0     1                 entry_irq22
20001078 20001078        0     1                 entry_irq23
20001078 20001078        0     1                 entry_irq24
20001078 20001078        0     1                 entry_irq25
20001078 20001078        0     1                 entry_irq26
20001078 20001078        0     1                 entry_irq27
20001078 20001078        0     1                 entry_irq28
20001078 20001078        0     1                 entry_irq29
20001078 20001078        0     1                 entry_irq30
20001078 20001078        0     1                 entry_irq31
20001078 20001078        0     1                 entry_irq32
20001078 20001078        0     1                 entry_irq33
20001078 20001078        0     1                 entry_irq34
20001078 20001078        0     1                 entry_irq35
20001078 20001078        0     1                 entry_irq36
20001078 20001078        0     1                 entry_irq37
20001078 20001078        0     1                 entry_irq38
20001078 20001078        0     1                 entry_irq39
20001078 20001078        0     1                 entry_irq40
20001078 20001078        0     1                 entry_irq41
20001078 20001078        0     1                 entry_irq42
20001078 20001078        0     1                 entry_irq43
20001078 20001078        0     1                 entry_irq44
20001078 20001078        0     1                 entry_irq45
20001078 20001078        0     1                 entry_irq46
20001078 20001078        0     1                 entry_irq47
20001078 20001078        0     1                 entry_irq48
20001078 20001078        0     1                 entry_irq49
20001078 20001078        0     1                 entry_irq50
20001078 20001078        0     1                 entry_irq51
20001078 20001078        0     1                 entry_irq52
20001078 20001078        0     1                 entry_irq53
20001078 20001078        0     1                 entry_irq54
20001078 20001078        0     1                 entry_irq55
20001078 20001078        0     1                 entry_irq56
20001078 20001078        0     1                 entry_irq57
20001078 20001078        0     1                 entry_irq58
20001078 20001078        0     1                 entry_irq59
20001078 20001078        0     1                 entry_irq60
20001078 20001078        0     1                 entry_irq61
20001078 20001078        0     1                 entry_irq62
20001078 20001078        0     1                 entry_irq63
2000107a 2000107a        0     1                 .L0 
2000107a 2000107a        0     1                 .L12
2000107a 2000107a        0     1                 trap_handler
2000107c 2000107c        0     1                 .L0 
2000107c 2000107c        0     1                 .L0 
2000107c 2000107c        0     1                 .L0 
20001080 20001080      14c     4         /cygdrive/c/Users/SWAMIN~1/AppData/Local/Temp/ccf0YFim.ltrans0.ltrans.o:(.text)
20001080 20001080       2c     1                 flash_read_uid.constprop.11
20001080 20001080        0     1                 .L0 
20001080 20001080        0     1                 .L0 
20001080 20001080        0     1                 .LFB23
20001080 20001080        0     1                 .LVL63
20001082 20001082        0     1                 .L0 
20001084 20001084        0     1                 .L0 
20001084 20001084        0     1                 .L0 
20001086 20001086        0     1                 .L0 
2000108a 2000108a        0     1                 .L0 
20001098 20001098        0     1                 .LVL64
200010a0 200010a0        0     1                 .L0 
200010a0 200010a0        0     1                 .LVL65
200010a4 200010a4        0     1                 .L0 
200010a6 200010a6        0     1                 .L0 
200010a8 200010a8        0     1                 .L0 
200010ac 200010ac        0     1                 .L0 
200010ac 200010ac       2c     1                 flash_read_mid
200010ac 200010ac        0     1                 .L0 
200010ac 200010ac        0     1                 .L0 
200010ac 200010ac        0     1                 .LFE23
200010ac 200010ac        0     1                 .LFB39
200010ae 200010ae        0     1                 .L0 
200010b0 200010b0        0     1                 .L0 
200010b0 200010b0        0     1                 .L0 
200010b2 200010b2        0     1                 .L0 
200010b6 200010b6        0     1                 .L0 
200010cc 200010cc        0     1                 .L0 
200010cc 200010cc        0     1                 .LVL66
200010d0 200010d0        0     1                 .L0 
200010d2 200010d2        0     1                 .L0 
200010d6 200010d6        0     1                 .L0 
200010d8 200010d8        0     1                 .L0 
200010d8 200010d8       90     1                 flash_read_mid_uid_with_check
200010d8 200010d8        0     1                 .L0 
200010d8 200010d8        0     1                 .L0 
[...]
2000235e 2000235e        0     1                 .Letext0
2000235e 2000235e        0     1                 .LFE2
20002360 20002360       7e     4         /cygdrive/c/TelinkIoTStudio/RDS/V3.2.3/toolchains/nds32le-elf-mculib-v5f/bin/../lib/gcc/riscv32-elf/7.4.0/../../../../riscv32-elf/lib/libc.a(lib_a-strcpy.o):(.text.strcpy)
20002360 20002360       7c     1                 strcpy
20002374 20002374        0     1                 .L4
20002398 20002398        0     1                 .L24
200023a4 200023a4        0     1                 .L7
200023a8 200023a8        0     1                 .L23
200023b0 200023b0        0     1                 .L9
200023c8 200023c8        0     1                 .L8
200023cc 200023cc        0     1                 .L2
200023de 200023de       aa     2         /cygdrive/c/TelinkIoTStudio/RDS/V3.2.3/toolchains/nds32le-elf-mculib-v5f/bin/../lib/gcc/riscv32-elf/7.4.0/../../../../riscv32-elf/lib/libc.a(lib_a-memset.o):(.text)
200023de 200023de       aa     1                 memset
200023ec 200023ec        0     1                 .Laligned
200023ee 200023ee        0     1                 .Lwordified
200023f6 200023f6        0     1                 .L11
20002408 20002408        0     1                 .Ltiny
2000240e 2000240e        0     1                 .L12
20002416 20002416        0     1                 .Ltable_misaligned
2000241a 2000241a        0     1                 .Ltable
20002458 20002458        0     1                 .Lwordify
2000246a 2000246a        0     1                 .Lmisaligned
2000246e 2000246e        0     1                 .L13
20002488 20002488       18     2         /cygdrive/c/TelinkIoTStudio/RDS/V3.2.3/toolchains/nds32le-elf-mculib-v5f/bin/../lib/gcc/riscv32-elf/7.4.0/../../../../riscv32-elf/lib/libc.a(lib_a-strnlen.o):(.text.strnlen)
20002488 20002488       18     1                 strnlen
2000248c 2000248c        0     1                 .L2
20002496 20002496        0     1                 .L5
2000249c 2000249c        0     1                 .L4
200024a0 200024a0       34     2         /cygdrive/c/TelinkIoTStudio/RDS/V3.2.3/toolchains/nds32le-elf-mculib-v5f/bin/../lib/gcc/riscv32-elf/7.4.0/../../../../riscv32-elf/lib/libc.a(lib_a-puts.o):(.text.puts)
200024a0 200024a0       34     1                 puts
200024ca 200024ca        0     1                 .L1
200024d0 200024d0        0     1                 .L3
200024d4 200024d4       60     4         /cygdrive/c/TelinkIoTStudio/RDS/V3.2.3/toolchains/nds32le-elf-mculib-v5f/bin/../lib/gcc/riscv32-elf/7.4.0/../../../../riscv32-elf/lib/libc.a(lib_a-strlen.o):(.text.strlen)
200024d4 200024d4       5e     1                 strlen
200024dc 200024dc        0     1                 .L6
20002504 20002504        0     1                 .L3
20002508 20002508        0     1                 .L5
2000251c 2000251c        0     1                 .L18
20002524 20002524        0     1                 .L17
2000252c 2000252c        0     1                 .L19
20002534 20002534       94     4 .rodata
20002534 20002534       10     4         /cygdrive/c/Users/SWAMIN~1/AppData/Local/Temp/ccf0YFim.ltrans0.ltrans.o:(.rodata)
20002534 20002534        0     1                 .LANCHOR1
20002544 20002544       71     4         /cygdrive/c/Users/SWAMIN~1/AppData/Local/Temp/ccf0YFim.ltrans0.ltrans.o:(.rodata.main.str1.4)
200025b8 200025b8       10     4         /cygdrive/c/TelinkIoTStudio/RDS/V3.2.3/toolchains/nds32le-elf-mculib-v5f/bin/../lib/gcc/riscv32-elf/7.4.0/../../../../riscv32-elf/lib/libc.a(lib_a-printf_data.o):(.rodata.__digits)
200025b8 200025b8       10     1                 __digits
200025c8 200025c8        0     1 .eh_frame_hdr
200025c8        0       18     1 . = ALIGN ( 0x20 )
200025e0 200025e0       fc     4 .eh_frame
200025e0 200025e0       f8     1         /cygdrive/c/TelinkIoTStudio/RDS/V3.2.3/toolchains/nds32le-elf-mculib-v5f/bin/../lib/gcc/riscv32-elf/7.4.0/libgcc.a(save-restore.o):(.eh_frame+0x0)
200026dc 200026dc        0     1 .exec.itable
200026dc        0 e007d924     1 . = 0x00080000
   80000        0        0     1 PROVIDE ( __global_pointer$ = . + ( 4K / 2 ) )
   80000 200026dc        6     4 .data
   80000 200026dc        6     4         /cygdrive/c/Users/SWAMIN~1/AppData/Local/Temp/ccf0YFim.ltrans0.ltrans.o:(.sdata.sys_clk)
   80000 200026dc        0     1                 .LANCHOR2
   80000 200026dc        6     1                 sys_clk
   80006        0        0     1 PROVIDE ( _DATA_VMA_END = . )
   80006        0        0     1 PROVIDE ( _DATA_VMA_START = ADDR ( .data ) )
   80006        0        0     1 PROVIDE ( _DATA_LMA_START = LOADADDR ( .data ) )
   80006        0        2     1 . = ALIGN ( 8 )
   80008        0        0     1 PROVIDE ( _BSS_VMA_START = . )
   80008 200026e4       28     4 .sbss
   80008 200026e4        4     4         /cygdrive/c/Users/SWAMIN~1/AppData/Local/Temp/ccf0YFim.ltrans0.ltrans.o:(.sbss.exception_mcause)
   80008 200026e4        0     1                 .LANCHOR8
   80008 200026e4        4     1                 exception_mcause
   8000c 200026e8        4     4         /cygdrive/c/Users/SWAMIN~1/AppData/Local/Temp/ccf0YFim.ltrans0.ltrans.o:(.sbss.exception_mdcause)
   8000c 200026e8        0     1                 .LANCHOR9
   8000c 200026e8        4     1                 exception_mdcause
   80010 200026ec        4     4         /cygdrive/c/Users/SWAMIN~1/AppData/Local/Temp/ccf0YFim.ltrans0.ltrans.o:(.sbss.exception_mepc)
   80010 200026ec        0     1                 .LANCHOR6
   80010 200026ec        4     1                 exception_mepc
   80014 200026f0        4     4         /cygdrive/c/Users/SWAMIN~1/AppData/Local/Temp/ccf0YFim.ltrans0.ltrans.o:(.sbss.exception_mstatus)
   80014 200026f0        0     1                 .LANCHOR7
   80014 200026f0        4     1                 exception_mstatus
   80018 200026f4        4     4         /cygdrive/c/Users/SWAMIN~1/AppData/Local/Temp/ccf0YFim.ltrans0.ltrans.o:(.sbss.exception_mtval)
   80018 200026f4        0     1                 .LANCHOR5
   80018 200026f4        4     1                 exception_mtval
   8001c 200026f8        4     4         /cygdrive/c/Users/SWAMIN~1/AppData/Local/Temp/ccf0YFim.ltrans0.ltrans.o:(.sbss.g_chip_version)
   8001c 200026f8        0     1                 .LANCHOR3
   8001c 200026f8        4     1                 g_chip_version
   80020 200026fc        4     4         /cygdrive/c/Users/SWAMIN~1/AppData/Local/Temp/ccf0YFim.ltrans0.ltrans.o:(.sbss.g_pm_status_info)
   80020 200026fc        0     1                 .LANCHOR4
   80020 200026fc        4     1                 g_pm_status_info
   80024 20002700        4     4         /cygdrive/c/TelinkIoTStudio/RDS/V3.2.3/toolchains/nds32le-elf-mculib-v5f/bin/../lib/gcc/riscv32-elf/7.4.0/../../../../riscv32-elf/lib/libc.a(lib_a-vprintf.o):(.sbss.__vprintf_buf)
   80024 20002700        0     1                 .LANCHOR0
   80024 20002700        4     1                 __vprintf_buf
   80028 20002704        4     4         /cygdrive/c/TelinkIoTStudio/RDS/V3.2.3/toolchains/nds32le-elf-mculib-v5f/bin/../lib/gcc/riscv32-elf/7.4.0/../../../../riscv32-elf/lib/libc.a(lib_a-vprintf.o):(.sbss.__vprintf_buf_len)
   80028 20002704        0     1                 .LANCHOR1
   80028 20002704        4     1                 __vprintf_buf_len
   8002c 20002708        4     4         /cygdrive/c/TelinkIoTStudio/RDS/V3.2.3/toolchains/nds32le-elf-mculib-v5f/bin/../lib/gcc/riscv32-elf/7.4.0/../../../../riscv32-elf/lib/libc.a(lib_a-printf_data.o):(.sbss.__printf_count)
   8002c 20002708        4     1                 __printf_count
   80030 2000270c        0     1 .bss
   80030 2000270c        0     1         . = ALIGN ( 8 )
   80030        0        0     1 PROVIDE ( _BSS_VMA_END = . )
   80030 200026e2       22     4 .sdk_version
   80030 200026e2       22     4         /cygdrive/c/Users/SWAMIN~1/AppData/Local/Temp/ccf0YFim.ltrans0.ltrans.o:(.sdk_version)
   80030 200026e2       22     1                 sdk_version
   80052        0        0     1 PROVIDE ( BIN_SIZE = LOADADDR ( .sdk_version ) + SIZEOF ( .sdk_version ) - BIN_BEGIN )
   80052        0        6     1 . = ALIGN ( 8 )
   80058        0        0     1 _end = .
   80058        0        0     1 PROVIDE ( _STACK_TOP = 0x00a0000 )
   80058        0        0     1 PROVIDE ( FLASH_SIZE = 0x0100000 )
   80058        0        0     1 
       0        0     2449     1 .debug_line
       0        0      425     1         ./boot/cstartup_flash.o:(.debug_line)
     425      425     16cf     1         /cygdrive/c/Users/SWAMIN~1/AppData/Local/Temp/ccf0YFim.ltrans0.ltrans.o:(.debug_line)
     425      425        0     1                 .Ldebug_line0
    1af4     1af4      1c7     1         /cygdrive/c/TelinkIoTStudio/RDS/V3.2.3/toolchains/nds32le-elf-mculib-v5f/bin/../lib/gcc/riscv32-elf/7.4.0/libgcc.a(save-restore.o):(.debug_line)
    1cbb     1cbb      3c7     1         /cygdrive/c/TelinkIoTStudio/RDS/V3.2.3/toolchains/nds32le-elf-mculib-v5f/bin/../lib/gcc/riscv32-elf/7.4.0/libgcc.a(_ashldi3.o):(.debug_line)
    1cbb     1cbb        0     1                 .Ldebug_line0
    2082     2082      3c7     1         /cygdrive/c/TelinkIoTStudio/RDS/V3.2.3/toolchains/nds32le-elf-mculib-v5f/bin/../lib/gcc/riscv32-elf/7.4.0/libgcc.a(_lshrdi3.o):(.debug_line)
    2082     2082        0     1                 .Ldebug_line0
       0        0     40f9     1 .debug_info
       0        0       22     1         ./boot/cstartup_flash.o:(.debug_info)
      22       22     29db     1         /cygdrive/c/Users/SWAMIN~1/AppData/Local/Temp/ccf0YFim.ltrans0.ltrans.o:(.debug_info)
      22       22        0     1                 .Ldebug_info0
    29fd     29fd       26     1         /cygdrive/c/TelinkIoTStudio/RDS/V3.2.3/toolchains/nds32le-elf-mculib-v5f/bin/../lib/gcc/riscv32-elf/7.4.0/libgcc.a(save-restore.o):(.debug_info)
    2a23     2a23      b6b     1         /cygdrive/c/TelinkIoTStudio/RDS/V3.2.3/toolchains/nds32le-elf-mculib-v5f/bin/../lib/gcc/riscv32-elf/7.4.0/libgcc.a(_ashldi3.o):(.debug_info)
    2a23     2a23        0     1                 .Ldebug_info0
    358e     358e      b6b     1         /cygdrive/c/TelinkIoTStudio/RDS/V3.2.3/toolchains/nds32le-elf-mculib-v5f/bin/../lib/gcc/riscv32-elf/7.4.0/libgcc.a(_lshrdi3.o):(.debug_info)
    358e     358e        0     1                 .Ldebug_info0
       0        0      9dd     1 .debug_abbrev
       0        0       12     1         ./boot/cstartup_flash.o:(.debug_abbrev)
      12       12      5b1     1         /cygdrive/c/Users/SWAMIN~1/AppData/Local/Temp/ccf0YFim.ltrans0.ltrans.o:(.debug_abbrev)
      12       12        0     1                 .Ldebug_abbrev0
     5c3      5c3       14     1         /cygdrive/c/TelinkIoTStudio/RDS/V3.2.3/toolchains/nds32le-elf-mculib-v5f/bin/../lib/gcc/riscv32-elf/7.4.0/libgcc.a(save-restore.o):(.debug_abbrev)
     5d7      5d7      203     1         /cygdrive/c/TelinkIoTStudio/RDS/V3.2.3/toolchains/nds32le-elf-mculib-v5f/bin/../lib/gcc/riscv32-elf/7.4.0/libgcc.a(_ashldi3.o):(.debug_abbrev)
     5d7      5d7        0     1                 .Ldebug_abbrev0
     7da      7da      203     1         /cygdrive/c/TelinkIoTStudio/RDS/V3.2.3/toolchains/nds32le-elf-mculib-v5f/bin/../lib/gcc/riscv32-elf/7.4.0/libgcc.a(_lshrdi3.o):(.debug_abbrev)
     7da      7da        0     1                 .Ldebug_abbrev0
       0        0      188     8 .debug_aranges
       0        0       30     8         ./boot/cstartup_flash.o:(.debug_aranges)
      30       30       f8     1         /cygdrive/c/Users/SWAMIN~1/AppData/Local/Temp/ccf0YFim.ltrans0.ltrans.o:(.debug_aranges)
     128      128       20     8         /cygdrive/c/TelinkIoTStudio/RDS/V3.2.3/toolchains/nds32le-elf-mculib-v5f/bin/../lib/gcc/riscv32-elf/7.4.0/libgcc.a(save-restore.o):(.debug_aranges)
     148      148       20     1         /cygdrive/c/TelinkIoTStudio/RDS/V3.2.3/toolchains/nds32le-elf-mculib-v5f/bin/../lib/gcc/riscv32-elf/7.4.0/libgcc.a(_ashldi3.o):(.debug_aranges)
     168      168       20     1         /cygdrive/c/TelinkIoTStudio/RDS/V3.2.3/toolchains/nds32le-elf-mculib-v5f/bin/../lib/gcc/riscv32-elf/7.4.0/libgcc.a(_lshrdi3.o):(.debug_aranges)
       0        0     2680     1 .debug_str
       0        0     2680     1         ./boot/cstartup_flash.o:(.debug_str)
       0        0      5f0     8 .debug_ranges
       0        0       28     8         ./boot/cstartup_flash.o:(.debug_ranges)
      28       28      5c8     1         /cygdrive/c/Users/SWAMIN~1/AppData/Local/Temp/ccf0YFim.ltrans0.ltrans.o:(.debug_ranges)
      28       28        0     1                 .Ldebug_ranges0
       0        0      db9     1 .debug_loc
       0        0      bf1     1         /cygdrive/c/Users/SWAMIN~1/AppData/Local/Temp/ccf0YFim.ltrans0.ltrans.o:(.debug_loc)
       0        0        0     1                 .LLST0
      3a       3a        0     1                 .LLST1
      d1       d1        0     1                 .LLST2
     145      145        0     1                 .LLST3
     15d      15d        0     1                 .LLST4
     175      175        0     1                 .LLST5
     18d      18d        0     1                 .LLST6
     1a5      1a5        0     1                 .LLST7
     1bd      1bd        0     1                 .LLST8
     1d0      1d0        0     1                 .LLST9
     1f1      1f1        0     1                 .LLST10
     238      238        0     1                 .LLST11
     24b      24b        0     1                 .LLST12
     26a      26a        0     1                 .LLST13
     289      289        0     1                 .LLST14
     2aa      2aa        0     1                 .LLST15
     2e1      2e1        0     1                 .LLST16
     302      302        0     1                 .LLST17
     323      323        0     1                 .LLST18
     34c      34c        0     1                 .LLST19
     383      383        0     1                 .LLST20
     3b7      3b7        0     1                 .LLST21
     3cb      3cb        0     1                 .LLST22
     3ea      3ea        0     1                 .LLST23
     3fe      3fe        0     1                 .LLST24
     412      412        0     1                 .LLST25
     426      426        0     1                 .LLST26
     43a      43a        0     1                 .LLST27
     44e      44e        0     1                 .LLST28
     47a      47a        0     1                 .LLST29
     4bf      4bf        0     1                 .LLST30
     504      504        0     1                 .LLST31
     567      567        0     1                 .LLST32
     593      593        0     1                 .LLST33
     5bf      5bf        0     1                 .LLST34
     5eb      5eb        0     1                 .LLST35
     617      617        0     1                 .LLST36
     638      638        0     1                 .LLST37
     64b      64b        0     1                 .LLST38
     66c      66c        0     1                 .LLST39
     67f      67f        0     1                 .LLST40
     6a0      6a0        0     1                 .LLST41
     6b3      6b3        0     1                 .LLST42
     6d4      6d4        0     1                 .LLST43
     6f5      6f5        0     1                 .LLST44
     715      715        0     1                 .LLST46
     72a      72a        0     1                 .LLST47
     73e      73e        0     1                 .LLST49
     752      752        0     1                 .LLST50
     766      766        0     1                 .LLST51
     77b      77b        0     1                 .LLST52
     7dc      7dc        0     1                 .LLST53
     7f2      7f2        0     1                 .LLST54
     806      806        0     1                 .LLST55
     81c      81c        0     1                 .LLST56
     830      830        0     1                 .LLST57
     846      846        0     1                 .LLST58
     85b      85b        0     1                 .LLST59
     871      871        0     1                 .LLST60
     886      886        0     1                 .LLST61
     89c      89c        0     1                 .LLST62
     8b1      8b1        0     1                 .LLST63
     8c7      8c7        0     1                 .LLST64
     8dc      8dc        0     1                 .LLST65
     8f2      8f2        0     1                 .LLST66
     907      907        0     1                 .LLST67
     91d      91d        0     1                 .LLST68
     932      932        0     1                 .LLST69
     946      946        0     1                 .LLST70
     95e      95e        0     1                 .LLST71
     973      973        0     1                 .LLST72
     988      988        0     1                 .LLST73
     99d      99d        0     1                 .LLST74
     9b2      9b2        0     1                 .LLST75
     9c7      9c7        0     1                 .LLST77
     9db      9db        0     1                 .LLST78
     9ef      9ef        0     1                 .LLST79
     a05      a05        0     1                 .LLST80
     a1b      a1b        0     1                 .LLST81
     a31      a31        0     1                 .LLST82
     a47      a47        0     1                 .LLST83
     a81      a81        0     1                 .LLST84
     aad      aad        0     1                 .LLST85
     ace      ace        0     1                 .LLST86
     b11      b11        0     1                 .LLST87
     b3a      b3a        0     1                 .LLST88
     b70      b70        0     1                 .LLST89
     ba6      ba6        0     1                 .LLST90
     bdc      bdc        0     1                 .LLST91
     bf1      bf1       e4     1         /cygdrive/c/TelinkIoTStudio/RDS/V3.2.3/toolchains/nds32le-elf-mculib-v5f/bin/../lib/gcc/riscv32-elf/7.4.0/libgcc.a(_ashldi3.o):(.debug_loc)
     bf1      bf1        0     1                 .LLST0
     c39      c39        0     1                 .LLST1
     c73      c73        0     1                 .LLST2
     cb2      cb2        0     1                 .LLST3
     cd5      cd5       e4     1         /cygdrive/c/TelinkIoTStudio/RDS/V3.2.3/toolchains/nds32le-elf-mculib-v5f/bin/../lib/gcc/riscv32-elf/7.4.0/libgcc.a(_lshrdi3.o):(.debug_loc)
     cd5      cd5        0     1                 .LLST0
     d1d      d1d        0     1                 .LLST1
     d57      d57        0     1                 .LLST2
     d96      d96        0     1                 .LLST3
       0        0       75     1 .comment
       0        0       75     1         /cygdrive/c/Users/SWAMIN~1/AppData/Local/Temp/ccf0YFim.ltrans0.ltrans.o:(.comment)
       0        0      394     4 .debug_frame
       0        0      354     4         /cygdrive/c/Users/SWAMIN~1/AppData/Local/Temp/ccf0YFim.ltrans0.ltrans.o:(.debug_frame)
       0        0        0     1                 .L0 
     354      354       20     4         /cygdrive/c/TelinkIoTStudio/RDS/V3.2.3/toolchains/nds32le-elf-mculib-v5f/bin/../lib/gcc/riscv32-elf/7.4.0/libgcc.a(_ashldi3.o):(.debug_frame)
     354      354        0     1                 .L0 
     374      374       20     4         /cygdrive/c/TelinkIoTStudio/RDS/V3.2.3/toolchains/nds32le-elf-mculib-v5f/bin/../lib/gcc/riscv32-elf/7.4.0/libgcc.a(_lshrdi3.o):(.debug_frame)
     374      374        0     1                 .L0 
       0        0      ea0     4 .symtab
       0        0      ea0     4         <internal>:(.symtab)
       0        0      121     1 .shstrtab
       0        0      121     1         <internal>:(.shstrtab)
       0        0      d90     1 .strtab
       0        0      d90     1         <internal>:(.strtab)
       0        0       39     1 .riscv.attributes
       0        0       39     1         <internal>:(.riscv.attributes)
