12:24:57 **** Incremental Build of configuration Debug for project Andes_DSP_q15_benchmark ****
make all 
Building target: Andes_DSP_q15_benchmark.adx
Invoking: Andes C Linker
riscv32-elf-gcc -O3 -nostartfiles -static -L/cygdrive/C/Users/SwaminathanK/Downloads/ANDE/toolchains/nds32le-elf-mculib-v5f/riscv32-elf/lib/mext-dsp/mno-fma -L"/cygdrive/C/Users/SwaminathanK/Workspace-Ande3/Andes_DSP_q15_benchmark/drivers/lib" -flto -mcmodel=medium -g3 -fno-jump-tables -T"/cygdrive/C/Users/SwaminathanK/Downloads/B91 SDK/chip/B91/link/flash_boot_ramcode.link" -Wl,-Map -Wl,output/map.txt -Wl,--gc-sections -mext-dsp -ldsp -lm -fpack-struct -fshort-enums -mcpu=d25f -ffunction-sections -fdata-sections -mext-dsp -mabi=ilp32f -fmessage-length=0 -fomit-frame-pointer -fno-strict-aliasing -fshort-wchar -fuse-ld=bfd -Wno-gnu-zero-variadic-macro-arguments  -O3 -o "Andes_DSP_q15_benchmark.adx"  ./Debug_Demo/app.o ./Debug_Demo/main.o  ./boot/cstartup_flash.o ./boot/cstartup_ram.o  ./common/bt_debug/dbgport.o  ./common/sdk_version.o  ./common/usb_dbg/myudb_usb.o ./common/usb_dbg/myudb_usbdesc.o  ./drivers/adc.o ./drivers/aes.o ./drivers/analog.o ./drivers/audio.o ./drivers/clock.o ./drivers/emi.o ./drivers/flash.o ./drivers/gpio.o ./drivers/i2c.o ./drivers/lpc.o ./drivers/mdec.o ./drivers/plmt.o ./drivers/pwm.o ./drivers/s7816.o ./drivers/spi.o ./drivers/stimer.o ./drivers/timer.o ./drivers/uart.o ./drivers/usbhw.o  ./drivers/flash/flash_mid146085.o ./drivers/flash/flash_mid156085.o ./drivers/flash/flash_mid166085.o  ./vendor/common/auto_test/pc_interface.o  ./vendor/common/calibration/calibration.o  ./vendor/common/common.o ./vendor/common/exception.o ./vendor/common/printf.o  ./vendor/common/flash/puya_common.o ./vendor/common/flash/puya_flash_scratch.o ./vendor/common/flash/puya_flash_trim.o   -lm -ldsp -ldriver -laxon_driver_lib
Finished building target: Andes_DSP_q15_benchmark.adx
 
/usr/bin/make --no-print-directory post-build
/usr/bin/make function-analysis
Invoking: Objdump (disassembly)
riscv32-elf-objdump -x -d -C "Andes_DSP_q15_benchmark.adx" > output/objdump.txt
Finished building: output/objdump.txt
 
Running function size analysis...
python tools/function_size_riscv.py output/map.txt output/objdump.txt riscv_dsp_cfft_q15 riscv_dsp_cmag_q15 > tools/code_size_report.txt || true
 
Invoking: NM (symbol listing)
riscv32-elf-nm -n -l -C "Andes_DSP_q15_benchmark.adx" > output/symbol.txt
Finished building: output/symbol.txt
 
Invoking: Readelf (ELF info listing)
riscv32-elf-readelf -a "Andes_DSP_q15_benchmark.adx" > output/readelf.txt
Finished building: output/readelf.txt
 
Invoking: Objcopy (object content copy)
riscv32-elf-objcopy -S -O binary "Andes_DSP_q15_benchmark.adx" output/Andes_DSP_q15_benchmark.bin
Finished building: output/Andes_DSP_q15_benchmark.bin
 
Invoking: Size (section size listing)
riscv32-elf-size  "Andes_DSP_q15_benchmark.adx" | tee output/.PHONY.size
   text	   code	 rodata	   data	    bss	    dec	    hex	filename
  17726	  17726	      0	   1540	     48	  19314	   4b72	Andes_DSP_q15_benchmark.adx
Finished building: output/.PHONY.size
 

12:25:02 Build Finished (took 5s.539ms)

