12:43:40 **** Build of configuration Debug for project Andes_DSP_q15_stack ****
make all 
Building file: ../Debug_Demo/app.c
Invoking: Andes C Compiler
riscv32-elf-gcc -DMCU_STARTUP_FLASH=1 -DMCU_CORE_B91=1 -I"/cygdrive/C/Users/SwaminathanK/Workspace-Ande3/Andes_DSP_q15_stack/drivers" -I"/cygdrive/C/Users/SwaminathanK/Workspace-Ande3/Andes_DSP_q15_stack/drivers/reg_include" -I"/cygdrive/C/Users/SwaminathanK/Desktop/Thesis/DSP Library/Andes DSP/include" -I"/cygdrive/C/Users/SwaminathanK/Workspace-Ande3/Andes_DSP_q15_stack/vendor/common/flash" -I"/cygdrive/C/Users/SwaminathanK/Workspace-Ande3/Andes_DSP_q15_stack/vendor/common/calibration" -I"/cygdrive/C/Users/SwaminathanK/Workspace-Ande3/Andes_DSP_q15_stack/common" -I"/cygdrive/C/Users/SwaminathanK/Workspace-Ande3/Andes_DSP_q15_stack/vendor/common" -I"/cygdrive/C/Users/SwaminathanK/Downloads/Telink_IDE/ide//RDS/V3.2.3/toolchains/nds32le-elf-mculib-v5f/lib/gcc/riscv32-elf/7.4.0/include" -I"/cygdrive/C/Users/SwaminathanK/Downloads/Telink_IDE/ide//RDS/V3.2.3/toolchains/nds32le-elf-mculib-v5f/riscv32-elf/include" -Og -mcmodel=medium -g3 -Wall -mcpu=d25f -mext-dsp -mext-dsp -mabi=ilp32f  -c -fmessage-length=0  -fomit-frame-pointer -fno-strict-aliasing -fshort-wchar -fuse-ld=bfd -std=c99 -fpack-struct -fshort-enums -fno-jump-tables -mcmodel=medium -Wno-nonnull-compare -Wall -Wextra -Wshadow -Werror -MMD -MP -MF"Debug_Demo/app.d" -MT"Debug_Demo/app.d Debug_Demo/app.o" -o "Debug_Demo/app.o" "../Debug_Demo/app.c"
Finished building: ../Debug_Demo/app.c
 
Building file: ../Debug_Demo/main.c
Invoking: Andes C Compiler
riscv32-elf-gcc -DMCU_STARTUP_FLASH=1 -DMCU_CORE_B91=1 -I"/cygdrive/C/Users/SwaminathanK/Workspace-Ande3/Andes_DSP_q15_stack/drivers" -I"/cygdrive/C/Users/SwaminathanK/Workspace-Ande3/Andes_DSP_q15_stack/drivers/reg_include" -I"/cygdrive/C/Users/SwaminathanK/Desktop/Thesis/DSP Library/Andes DSP/include" -I"/cygdrive/C/Users/SwaminathanK/Workspace-Ande3/Andes_DSP_q15_stack/vendor/common/flash" -I"/cygdrive/C/Users/SwaminathanK/Workspace-Ande3/Andes_DSP_q15_stack/vendor/common/calibration" -I"/cygdrive/C/Users/SwaminathanK/Workspace-Ande3/Andes_DSP_q15_stack/common" -I"/cygdrive/C/Users/SwaminathanK/Workspace-Ande3/Andes_DSP_q15_stack/vendor/common" -I"/cygdrive/C/Users/SwaminathanK/Downloads/Telink_IDE/ide//RDS/V3.2.3/toolchains/nds32le-elf-mculib-v5f/lib/gcc/riscv32-elf/7.4.0/include" -I"/cygdrive/C/Users/SwaminathanK/Downloads/Telink_IDE/ide//RDS/V3.2.3/toolchains/nds32le-elf-mculib-v5f/riscv32-elf/include" -Og -mcmodel=medium -g3 -Wall -mcpu=d25f -mext-dsp -mext-dsp -mabi=ilp32f  -c -fmessage-length=0  -fomit-frame-pointer -fno-strict-aliasing -fshort-wchar -fuse-ld=bfd -std=c99 -fpack-struct -fshort-enums -fno-jump-tables -mcmodel=medium -Wno-nonnull-compare -Wall -Wextra -Wshadow -Werror -MMD -MP -MF"Debug_Demo/main.d" -MT"Debug_Demo/main.d Debug_Demo/main.o" -o "Debug_Demo/main.o" "../Debug_Demo/main.c"
Finished building: ../Debug_Demo/main.c
 
Building file: ../vendor/common/common.c
Invoking: Andes C Compiler
riscv32-elf-gcc -DMCU_STARTUP_FLASH=1 -DMCU_CORE_B91=1 -I"/cygdrive/C/Users/SwaminathanK/Workspace-Ande3/Andes_DSP_q15_stack/drivers" -I"/cygdrive/C/Users/SwaminathanK/Workspace-Ande3/Andes_DSP_q15_stack/drivers/reg_include" -I"/cygdrive/C/Users/SwaminathanK/Desktop/Thesis/DSP Library/Andes DSP/include" -I"/cygdrive/C/Users/SwaminathanK/Workspace-Ande3/Andes_DSP_q15_stack/vendor/common/flash" -I"/cygdrive/C/Users/SwaminathanK/Workspace-Ande3/Andes_DSP_q15_stack/vendor/common/calibration" -I"/cygdrive/C/Users/SwaminathanK/Workspace-Ande3/Andes_DSP_q15_stack/common" -I"/cygdrive/C/Users/SwaminathanK/Workspace-Ande3/Andes_DSP_q15_stack/vendor/common" -I"/cygdrive/C/Users/SwaminathanK/Downloads/Telink_IDE/ide//RDS/V3.2.3/toolchains/nds32le-elf-mculib-v5f/lib/gcc/riscv32-elf/7.4.0/include" -I"/cygdrive/C/Users/SwaminathanK/Downloads/Telink_IDE/ide//RDS/V3.2.3/toolchains/nds32le-elf-mculib-v5f/riscv32-elf/include" -Og -mcmodel=medium -g3 -Wall -mcpu=d25f -mext-dsp -mext-dsp -mabi=ilp32f  -c -fmessage-length=0  -fomit-frame-pointer -fno-strict-aliasing -fshort-wchar -fuse-ld=bfd -std=c99 -fpack-struct -fshort-enums -fno-jump-tables -mcmodel=medium -Wno-nonnull-compare -Wall -Wextra -Wshadow -Werror -MMD -MP -MF"vendor/common/common.d" -MT"vendor/common/common.d vendor/common/common.o" -o "vendor/common/common.o" "../vendor/common/common.c"
Finished building: ../vendor/common/common.c
 
Building target: Andes_DSP_q15_stack.adx
Invoking: Andes C Linker
riscv32-elf-gcc -Og -nostartfiles -static -L"/cygdrive/C/Users/SwaminathanK/Workspace-Ande3/Andes_DSP_q15_stack/drivers/lib" -L/cygdrive/C/Users/SwaminathanK/Downloads/ANDE/toolchains/nds32le-elf-mculib-v5f/riscv32-elf/lib/mext-dsp/mno-fma -T"/cygdrive/C/Users/SwaminathanK/Downloads/B91 SDK/chip/B91/link/flash_boot.link" -Wl,-Map -Wl,output/map.txt -mext-dsp -ldsp -lm -fpack-struct -fshort-enums -mcpu=d25f -ffunction-sections -fdata-sections -mext-dsp -mabi=ilp32f -fmessage-length=0 -fomit-frame-pointer -fno-strict-aliasing -fshort-wchar -fuse-ld=bfd -Wno-gnu-zero-variadic-macro-arguments  -O3 -o "Andes_DSP_q15_stack.adx"  ./Debug_Demo/app.o ./Debug_Demo/main.o  ./boot/cstartup_flash.o ./boot/cstartup_ram.o  ./common/bt_debug/dbgport.o  ./common/sdk_version.o  ./common/usb_dbg/myudb_usb.o ./common/usb_dbg/myudb_usbdesc.o  ./drivers/adc.o ./drivers/aes.o ./drivers/analog.o ./drivers/audio.o ./drivers/clock.o ./drivers/emi.o ./drivers/flash.o ./drivers/gpio.o ./drivers/i2c.o ./drivers/lpc.o ./drivers/mdec.o ./drivers/plmt.o ./drivers/pwm.o ./drivers/s7816.o ./drivers/spi.o ./drivers/stimer.o ./drivers/timer.o ./drivers/uart.o ./drivers/usbhw.o  ./drivers/flash/flash_mid146085.o ./drivers/flash/flash_mid156085.o ./drivers/flash/flash_mid166085.o  ./vendor/common/auto_test/pc_interface.o  ./vendor/common/calibration/calibration.o  ./vendor/common/common.o ./vendor/common/exception.o ./vendor/common/printf.o  ./vendor/common/flash/puya_common.o ./vendor/common/flash/puya_flash_scratch.o ./vendor/common/flash/puya_flash_trim.o   -lm -ldsp -ldriver -laxon_driver_lib
Finished building target: Andes_DSP_q15_stack.adx
 
/usr/bin/make --no-print-directory post-build
/usr/bin/make function-analysis
Invoking: Objdump (disassembly)
riscv32-elf-objdump -x -d -C "Andes_DSP_q15_stack.adx" > output/objdump.txt
Finished building: output/objdump.txt
 
Running function size analysis...
python tools/function_size_riscv.py output/map.txt output/objdump.txt riscv_dsp_cfft_q15 riscv_dsp_cmag_q15 > tools/code_size_report.txt || true
 
Invoking: NM (symbol listing)
riscv32-elf-nm -n -l -C "Andes_DSP_q15_stack.adx" > output/symbol.txt
Finished building: output/symbol.txt
 
Invoking: Readelf (ELF info listing)
riscv32-elf-readelf -a "Andes_DSP_q15_stack.adx" > output/readelf.txt
Finished building: output/readelf.txt
 
Invoking: Objcopy (object content copy)
riscv32-elf-objcopy -S -O binary "Andes_DSP_q15_stack.adx" output/Andes_DSP_q15_stack.bin
Finished building: output/Andes_DSP_q15_stack.bin
 
Invoking: Size (section size listing)
riscv32-elf-size  "Andes_DSP_q15_stack.adx" | tee output/.PHONY.size
   text	   code	 rodata	   data	    bss	    dec	    hex	filename
  69722	  65646	   4076	   1006	   8760	  79488	  13680	Andes_DSP_q15_stack.adx
Finished building: output/.PHONY.size
 

12:43:54 Build Finished (took 14s.235ms)

