09:39:35 **** Incremental Build of configuration Debug for project DSP_cfft_q15_stack_N ****
make all 
Building target: DSP_cfft_q15_stack_N.adx
Invoking: Andes C Linker
riscv32-elf-gcc -O3 -nostartfiles -static -L"/cygdrive/C/Users/SwaminathanK/Workspace-Ande3/DSP_cfft_q15_stack_N/drivers/lib" -L/cygdrive/C/Users/SwaminathanK/Downloads/ANDE/toolchains/nds32le-elf-mculib-v5f/riscv32-elf/lib/mext-dsp/mno-fma -flto -mcmodel=medium -g3 -fno-jump-tables -T"/cygdrive/C/Users/SwaminathanK/Downloads/B91 SDK/chip/B91/link/flash_boot.link" -Wl,-Map -Wl,output/map.txt -Wl,--gc-sections -mext-dsp -ldsp -lm -fpack-struct -fshort-enums -mcpu=d25f -ffunction-sections -fdata-sections -mext-dsp -mabi=ilp32f -fmessage-length=0 -fomit-frame-pointer -fno-strict-aliasing -fshort-wchar -fuse-ld=bfd -Wno-gnu-zero-variadic-macro-arguments  -O3 -o "DSP_cfft_q15_stack_N.adx"  ./Debug_Demo/app.o ./Debug_Demo/main.o  ./boot/cstartup_flash.o ./boot/cstartup_ram.o  ./common/bt_debug/dbgport.o  ./common/sdk_version.o  ./common/usb_dbg/myudb_usb.o ./common/usb_dbg/myudb_usbdesc.o  ./drivers/adc.o ./drivers/aes.o ./drivers/analog.o ./drivers/audio.o ./drivers/clock.o ./drivers/emi.o ./drivers/flash.o ./drivers/gpio.o ./drivers/i2c.o ./drivers/lpc.o ./drivers/mdec.o ./drivers/plmt.o ./drivers/pwm.o ./drivers/s7816.o ./drivers/spi.o ./drivers/stimer.o ./drivers/timer.o ./drivers/uart.o ./drivers/usbhw.o  ./drivers/flash/flash_mid146085.o ./drivers/flash/flash_mid156085.o ./drivers/flash/flash_mid166085.o  ./vendor/common/auto_test/pc_interface.o  ./vendor/common/calibration/calibration.o  ./vendor/common/common.o ./vendor/common/exception.o ./vendor/common/printf.o  ./vendor/common/flash/puya_common.o ./vendor/common/flash/puya_flash_scratch.o ./vendor/common/flash/puya_flash_trim.o   -lm -ldsp -ldriver -laxon_driver_lib
Finished building target: DSP_cfft_q15_stack_N.adx
 
Invoking: NM (symbol listing)
riscv32-elf-nm -n -l -C "DSP_cfft_q15_stack_N.adx" > output/symbol.txt
Finished building: output/symbol.txt
 
Invoking: Readelf (ELF info listing)
riscv32-elf-readelf -a "DSP_cfft_q15_stack_N.adx" > output/readelf.txt
Finished building: output/readelf.txt
 
Invoking: Objdump (disassembly)
riscv32-elf-objdump -x -d -C "DSP_cfft_q15_stack_N.adx" > output/objdump.txt
Finished building: output/objdump.txt
 
Invoking: Objcopy (object content copy)
riscv32-elf-objcopy -S -O binary "DSP_cfft_q15_stack_N.adx" output/DSP_cfft_q15_stack_N.bin
Finished building: output/DSP_cfft_q15_stack_N.bin
 
Invoking: Size (section size listing)
riscv32-elf-size  "DSP_cfft_q15_stack_N.adx" | tee output/.PHONY.size
   text	   code	 rodata	   data	    bss	    dec	    hex	filename
  32416	  26436	   5980	    178	     64	  32658	   7f92	DSP_cfft_q15_stack_N.adx
Finished building: output/.PHONY.size
 

09:39:41 Build Finished (took 5s.869ms)

