12:09:19 **** Incremental Build of configuration Debug for project Hello_World ****
make all 
Building target: Hello_World.adx
Invoking: Andes C Linker
riscv32-elf-gcc -Og -nostartfiles -static -L"/cygdrive/C/Users/SwaminathanK/Workspace-Ande3/Hello_World/drivers/lib" -T"/cygdrive/C/Users/SwaminathanK/Downloads/B91 SDK/chip/B91/link/flash_boot.link" -mvh -mext-dsp -ldsp -lm -fpack-struct -fshort-enums -g3 -mcpu=d25f -ffunction-sections -fdata-sections -mext-dsp -mabi=ilp32f -fmessage-length=0 -fomit-frame-pointer -fno-strict-aliasing -fshort-wchar -fuse-ld=bfd -Wno-gnu-zero-variadic-macro-arguments  -O2 -o "Hello_World.adx"  ./Debug_Demo/app.o ./Debug_Demo/main.o  ./boot/cstartup_flash.o ./boot/cstartup_ram.o  ./common/bt_debug/dbgport.o  ./common/sdk_version.o  ./common/usb_dbg/myudb_usb.o ./common/usb_dbg/myudb_usbdesc.o  ./drivers/adc.o ./drivers/aes.o ./drivers/analog.o ./drivers/audio.o ./drivers/clock.o ./drivers/emi.o ./drivers/flash.o ./drivers/gpio.o ./drivers/i2c.o ./drivers/lpc.o ./drivers/mdec.o ./drivers/plmt.o ./drivers/pwm.o ./drivers/s7816.o ./drivers/spi.o ./drivers/stimer.o ./drivers/timer.o ./drivers/uart.o ./drivers/usbhw.o  ./drivers/flash/flash_mid146085.o ./drivers/flash/flash_mid156085.o ./drivers/flash/flash_mid166085.o  ./vendor/common/auto_test/pc_interface.o  ./vendor/common/calibration/calibration.o  ./vendor/common/common.o ./vendor/common/exception.o ./vendor/common/printf.o  ./vendor/common/flash/puya_common.o ./vendor/common/flash/puya_flash_scratch.o ./vendor/common/flash/puya_flash_trim.o   -ldriver -laxon_driver_lib
Finished building target: Hello_World.adx
 
Invoking: NM (symbol listing)
riscv32-elf-nm -n -l -C "Hello_World.adx" > output/symbol.txt
Finished building: output/symbol.txt
 
Invoking: Readelf (ELF info listing)
riscv32-elf-readelf -a "Hello_World.adx" > output/readelf.txt
Finished building: output/readelf.txt
 
Invoking: Objdump (disassembly)
riscv32-elf-objdump -x -d -C "Hello_World.adx" > output/objdump.txt
Finished building: output/objdump.txt
 
Invoking: Objcopy (object content copy)
riscv32-elf-objcopy -S -O binary "Hello_World.adx" output/Hello_World.bin
Finished building: output/Hello_World.bin
 
Invoking: Size (section size listing)
riscv32-elf-size  "Hello_World.adx" | tee output/.PHONY.size
   text	   code	 rodata	   data	    bss	    dec	    hex	filename
  58150	  56266	   1884	    954	   6192	  65296	   ff10	Hello_World.adx
Finished building: output/.PHONY.size
 

12:09:22 Build Finished (took 3s.292ms)

