11:42:42 **** Incremental Build of configuration Release for project NMSIS_DSP_Mag_Benchmark ****
make all 
Building file: ../Debug_Demo/main.c
Invoking: Andes C Compiler
riscv32-elf-gcc -DMCU_STARTUP_FLASH=1 -DMCU_CORE_B91=1 -I"/cygdrive/C/Users/SwaminathanK/Desktop/Thesis/DSP Library/NMSIS-master/NMSIS/NMSIS/DSP/Include" -I"/cygdrive/C/Users/SwaminathanK/Desktop/Thesis/DSP Library/NMSIS-master/NMSIS/NMSIS/NN/Include" -I"/cygdrive/C/Users/SwaminathanK/Desktop/Thesis/DSP Library/NMSIS-master/NMSIS/NMSIS/Core/Include" -I"/cygdrive/C/Users/SwaminathanK/Workspace-Ande3/NMSIS_DSP_Mag_Benchmark/drivers" -I"/cygdrive/C/Users/SwaminathanK/Workspace-Ande3/NMSIS_DSP_Mag_Benchmark/drivers/reg_include" -I"/cygdrive/C/Users/SwaminathanK/Workspace-Ande3/NMSIS_DSP_Mag_Benchmark/vendor/common/flash" -I"/cygdrive/C/Users/SwaminathanK/Workspace-Ande3/NMSIS_DSP_Mag_Benchmark/vendor/common/calibration" -I"/cygdrive/C/Users/SwaminathanK/Workspace-Ande3/NMSIS_DSP_Mag_Benchmark/common" -I"/cygdrive/C/Users/SwaminathanK/Workspace-Ande3/NMSIS_DSP_Mag_Benchmark/vendor/common" -I"/cygdrive/C/Users/SwaminathanK/Downloads/Telink_IDE/ide//RDS/V3.2.3/toolchains/nds32le-elf-mculib-v5f/lib/gcc/riscv32-elf/7.4.0/include" -I"/cygdrive/C/Users/SwaminathanK/Downloads/Telink_IDE/ide//RDS/V3.2.3/toolchains/nds32le-elf-mculib-v5f/riscv32-elf/include" -Os -mcmodel=medium -flto -Wall -mcpu=d25f -ffunction-sections -fdata-sections -mext-dsp -mabi=ilp32f -c -fmessage-length=0 -Wl,--gc-sections -fshort-wchar -fno-strict-aliasing -fomit-frame-pointer -fshort-enums -MMD -MP -MF"Debug_Demo/main.d" -MT"Debug_Demo/main.d Debug_Demo/main.o" -o "Debug_Demo/main.o" "../Debug_Demo/main.c"
Finished building: ../Debug_Demo/main.c
 
Building target: NMSIS_DSP_Mag_Benchmark.adx
Invoking: Andes C Linker
riscv32-elf-gcc -Os -nostartfiles -static -L"/cygdrive/C/Users/SwaminathanK/Workspace-Ande3/NMSIS_DSP_Mag_Benchmark/drivers/lib" -L"/cygdrive/C/Users/SwaminathanK/Desktop/Thesis/DSP Library/NMSIS-master/NMSIS-master/NMSIS/Library/DSP/GCC" -flto -mcmodel=medium -mcpu=d25f -ffunction-sections -fdata-sections -mext-dsp -mabi=ilp32f -fmessage-length=0 -fshort-wchar -fno-strict-aliasing -fomit-frame-pointer -fshort-enums -T"/cygdrive/C/Users/SwaminathanK/Downloads/B91 SDK/chip/B91/link/flash_boot_ramcode.link" -Wl,-Map -Wl,output/map.txt -Wl,--gc-sections -mext-dsp -ldsp -lm -fuse-ld=bfd -o "NMSIS_DSP_Mag_Benchmark.adx"  ./Debug_Demo/app.o ./Debug_Demo/main.o ./Debug_Demo/test_nmsis_cmag_f32.o ./Debug_Demo/test_nmsis_cmag_q15.o ./Debug_Demo/utility.o  ./boot/cstartup_flash.o ./boot/cstartup_ram.o  ./common/bt_debug/dbgport.o  ./common/sdk_version.o  ./common/usb_dbg/myudb_usb.o ./common/usb_dbg/myudb_usbdesc.o  ./drivers/adc.o ./drivers/aes.o ./drivers/analog.o ./drivers/audio.o ./drivers/clock.o ./drivers/emi.o ./drivers/flash.o ./drivers/gpio.o ./drivers/i2c.o ./drivers/lpc.o ./drivers/mdec.o ./drivers/plmt.o ./drivers/pwm.o ./drivers/s7816.o ./drivers/spi.o ./drivers/stimer.o ./drivers/timer.o ./drivers/uart.o ./drivers/usbhw.o  ./drivers/flash/flash_mid146085.o ./drivers/flash/flash_mid156085.o ./drivers/flash/flash_mid166085.o  ./vendor/common/auto_test/pc_interface.o  ./vendor/common/calibration/calibration.o  ./vendor/common/common.o ./vendor/common/exception.o ./vendor/common/printf.o  ./vendor/common/flash/puya_common.o ./vendor/common/flash/puya_flash_scratch.o ./vendor/common/flash/puya_flash_trim.o   -lm -lnmsis_dsp_rv32imfcp -ldriver -laxon_driver_lib
Finished building target: NMSIS_DSP_Mag_Benchmark.adx
 
/usr/bin/make --no-print-directory post-build
/usr/bin/make function-analysis
Invoking: Objdump (disassembly)
riscv32-elf-objdump -x -d -C "NMSIS_DSP_Mag_Benchmark.adx" > output/objdump.txt
Finished building: output/objdump.txt
 
Running function size analysis...
python tools/function_size_riscv.py output/map.txt output/objdump.txt riscv_cmplx_mag_f32 riscv_cmplx_mag_q15 > tools/code_size_report.txt || true
 
Invoking: NM (symbol listing)
riscv32-elf-nm -n -l -C "NMSIS_DSP_Mag_Benchmark.adx" > output/symbol.txt
Finished building: output/symbol.txt
 
Invoking: Readelf (ELF info listing)
riscv32-elf-readelf -a "NMSIS_DSP_Mag_Benchmark.adx" > output/readelf.txt
Finished building: output/readelf.txt
 
Invoking: Objcopy (object content copy)
riscv32-elf-objcopy -S -O binary "NMSIS_DSP_Mag_Benchmark.adx" output/NMSIS_DSP_Mag_Benchmark.bin
Finished building: output/NMSIS_DSP_Mag_Benchmark.bin
 
Invoking: Size (section size listing)
riscv32-elf-size  "NMSIS_DSP_Mag_Benchmark.adx" | tee output/.PHONY.size
   text	   code	 rodata	   data	    bss	    dec	    hex	filename
  16874	  16874	      0	  41902	     64	  58840	   e5d8	NMSIS_DSP_Mag_Benchmark.adx
Finished building: output/.PHONY.size
 

11:42:50 Build Finished (took 8s.277ms)

