11:40:21 **** Build of configuration Debug for project Nmsis_cfft_q15_SIM ****
make all 
Building file: ../NMS.c
Invoking: Andes C Compiler
riscv32-elf-gcc -I"/cygdrive/C/Users/SwaminathanK/Desktop/Thesis/DSP Library/NMSIS-master/NMSIS-master/NMSIS/DSP/Include" -I"/cygdrive/C/Users/SwaminathanK/Desktop/Thesis/DSP Library/NMSIS-master/NMSIS-master/NMSIS/Core/Include" -O3 -mcmodel=medium -flto -g3 -Wall -mcpu=d25f -ffunction-sections -fdata-sections -mext-dsp -c -fmessage-length=0 -MMD -MP -MF"NMS.d" -MT"NMS.d NMS.o" -o "NMS.o" "../NMS.c"
Finished building: ../NMS.c
 
Building target: Nmsis_cfft_q15_SIM.adx
Invoking: Andes C Linker
riscv32-elf-gcc -O3 -static -L"/cygdrive/C/Users/SwaminathanK/Desktop/Thesis/DSP Library/NMSIS-master/NMSIS-master/NMSIS/Library/DSP/GCC" -flto -mcmodel=medium -g3 -mcpu=d25f -ffunction-sections -fdata-sections -mext-dsp -fmessage-length=0 -Wl,--gc-sections -mvh -mext-dsp -ldsp -lm -o "Nmsis_cfft_q15_SIM.adx"  ./NMS.o   -lnmsis_dsp_rv32imfc_Ofast -lm
Finished building target: Nmsis_cfft_q15_SIM.adx
 
Invoking: NM (symbol listing)
riscv32-elf-nm -n -l -C "Nmsis_cfft_q15_SIM.adx" > output/symbol.txt
Finished building: output/symbol.txt
 
Invoking: Readelf (ELF info listing)
riscv32-elf-readelf -a "Nmsis_cfft_q15_SIM.adx" > output/readelf.txt
Finished building: output/readelf.txt
 
Invoking: Objdump (disassembly)
riscv32-elf-objdump -x -d -C "Nmsis_cfft_q15_SIM.adx" > output/objdump.txt
Finished building: output/objdump.txt
 
Invoking: Size (section size listing)
riscv32-elf-size  "Nmsis_cfft_q15_SIM.adx" | tee output/.PHONY.size
   text	   code	 rodata	   data	    bss	    dec	    hex	filename
  53558	  12410	  41148	     32	     16	  53606	   d166	Nmsis_cfft_q15_SIM.adx
Finished building: output/.PHONY.size
 

11:40:23 Build Finished (took 2s.547ms)

