11:36:46 **** Incremental Build of configuration Debug for project NMSIS_Demo_dsp ****
make all 
Building file: ../Debug_Demo/main.c
Invoking: Andes C Compiler
riscv32-elf-gcc -DMCU_STARTUP_FLASH=1 -DMCU_CORE_B91=1 -I"/cygdrive/C/Users/SwaminathanK/Desktop/Thesis/DSP Library/NMSIS-master/NMSIS-master/NMSIS/DSP/Include" -I"/cygdrive/C/Users/SwaminathanK/Desktop/Thesis/DSP Library/NMSIS-master/NMSIS-master/NMSIS/Core/Include" -I"/cygdrive/C/Users/SwaminathanK/Workspace-Ande3/NMSIS_Demo_dsp/drivers" -I"/cygdrive/C/Users/SwaminathanK/Workspace-Ande3/NMSIS_Demo_dsp/drivers/reg_include" -I"/cygdrive/C/Users/SwaminathanK/Workspace-Ande3/NMSIS_Demo_dsp/vendor/common/flash" -I"/cygdrive/C/Users/SwaminathanK/Workspace-Ande3/NMSIS_Demo_dsp/vendor/common/calibration" -I"/cygdrive/C/Users/SwaminathanK/Workspace-Ande3/NMSIS_Demo_dsp/common" -I"/cygdrive/C/Users/SwaminathanK/Workspace-Ande3/NMSIS_Demo_dsp/vendor/common" -I"/cygdrive/C/Users/SwaminathanK/Downloads/Telink_IDE/ide//RDS/V3.2.3/toolchains/nds32le-elf-mculib-v5f/lib/gcc/riscv32-elf/7.4.0/include" -I"/cygdrive/C/Users/SwaminathanK/Downloads/Telink_IDE/ide//RDS/V3.2.3/toolchains/nds32le-elf-mculib-v5f/riscv32-elf/include" -Og -mcmodel=medium -g3 -Wall -mcpu=d25f -mext-dsp -mext-dsp -mabi=ilp32f  -c -fmessage-length=0  -fomit-frame-pointer -fno-strict-aliasing -fshort-wchar -fuse-ld=bfd -std=c99 -fpack-struct -fshort-enums -fno-jump-tables -mcmodel=medium -Wno-nonnull-compare -Wall -Wextra -Wshadow -Werror -MMD -MP -MF"Debug_Demo/main.d" -MT"Debug_Demo/main.d Debug_Demo/main.o" -o "Debug_Demo/main.o" "../Debug_Demo/main.c"
Finished building: ../Debug_Demo/main.c
 
Building target: NMSIS_Demo_dsp.adx
Invoking: Andes C Linker
riscv32-elf-gcc -Og -nostartfiles -static -L"/cygdrive/C/Users/SwaminathanK/Workspace-Ande3/NMSIS_Demo_dsp/drivers/lib" -L"/cygdrive/C/Users/SwaminathanK/Desktop/Thesis/DSP Library/NMSIS-master/NMSIS-master/NMSIS/Library/DSP/GCC" -T"/cygdrive/C/Users/SwaminathanK/Downloads/B91 SDK/chip/B91/link/flash_boot.link" -Wl,-Map -Wl,output/map.txt -mext-dsp -ldsp -lm -fpack-struct -fshort-enums -g3 -mcpu=d25f -ffunction-sections -fdata-sections -mext-dsp -mabi=ilp32f -fmessage-length=0 -fomit-frame-pointer -fno-strict-aliasing -fshort-wchar -fuse-ld=bfd -Wno-gnu-zero-variadic-macro-arguments  -O2 -Wl,--gc-sections -o "NMSIS_Demo_dsp.adx"  ./Debug_Demo/app.o ./Debug_Demo/main.o  ./boot/cstartup_flash.o ./boot/cstartup_ram.o  ./common/bt_debug/dbgport.o  ./common/sdk_version.o  ./common/usb_dbg/myudb_usb.o ./common/usb_dbg/myudb_usbdesc.o  ./drivers/adc.o ./drivers/aes.o ./drivers/analog.o ./drivers/audio.o ./drivers/clock.o ./drivers/emi.o ./drivers/flash.o ./drivers/gpio.o ./drivers/i2c.o ./drivers/lpc.o ./drivers/mdec.o ./drivers/plmt.o ./drivers/pwm.o ./drivers/s7816.o ./drivers/spi.o ./drivers/stimer.o ./drivers/timer.o ./drivers/uart.o ./drivers/usbhw.o  ./drivers/flash/flash_mid146085.o ./drivers/flash/flash_mid156085.o ./drivers/flash/flash_mid166085.o  ./vendor/common/auto_test/pc_interface.o  ./vendor/common/calibration/calibration.o  ./vendor/common/common.o ./vendor/common/exception.o ./vendor/common/printf.o  ./vendor/common/flash/puya_common.o ./vendor/common/flash/puya_flash_scratch.o ./vendor/common/flash/puya_flash_trim.o   -lm -lnmsis_dsp_rv32imfcp -ldriver -laxon_driver_lib
Finished building target: NMSIS_Demo_dsp.adx
 
Invoking: NM (symbol listing)
riscv32-elf-nm -n -l -C "NMSIS_Demo_dsp.adx" > output/symbol.txt
Finished building: output/symbol.txt
 
Invoking: Readelf (ELF info listing)
riscv32-elf-readelf -a "NMSIS_Demo_dsp.adx" > output/readelf.txt
Finished building: output/readelf.txt
 
Invoking: Objdump (disassembly)
riscv32-elf-objdump -x -d -C "NMSIS_Demo_dsp.adx" > output/objdump.txt
Finished building: output/objdump.txt
 
Invoking: Objcopy (object content copy)
riscv32-elf-objcopy -S -O binary "NMSIS_Demo_dsp.adx" output/NMSIS_Demo_dsp.bin
Finished building: output/NMSIS_Demo_dsp.bin
 
Invoking: Size (section size listing)
riscv32-elf-size  "NMSIS_Demo_dsp.adx" | tee output/.PHONY.size
   text	   code	 rodata	   data	    bss	    dec	    hex	filename
 131646	  42990	  88656	    782	   7088	 139516	  220fc	NMSIS_Demo_dsp.adx
Finished building: output/.PHONY.size
 

11:36:49 Build Finished (took 2s.871ms)

