09:06:58 **** Build of configuration Debug for project RV_NN_Pooling_Benchmark ****
make all 
Building target: RV_NN_Pooling_Benchmark.adx
Invoking: Andes C Linker
riscv32-elf-gcc -O3 -nostartfiles -static -L"/cygdrive/C/Users/SwaminathanK/Workspace-Ande3/RV_NN_Pooling_Benchmark/drivers/lib" -L"/cygdrive/C/Users/SwaminathanK/Desktop/Thesis/DSP Library/NMSIS-master/NMSIS/NMSIS/Library/NN/GCC" -flto -mcmodel=medium -fno-jump-tables -T"/cygdrive/C/Users/SwaminathanK/Downloads/B91 SDK/chip/B91/link/flash_boot_ramcode.link" -Wl,-Map -Wl,output/map.txt -Wl,--gc-sections -mext-dsp -ldsp -lm -fpack-struct -fshort-enums -g3 -mcpu=d25f -ffunction-sections -fdata-sections -mext-dsp -mabi=ilp32f -fmessage-length=0 -fomit-frame-pointer -fno-strict-aliasing -fshort-wchar -fuse-ld=bfd -Wno-gnu-zero-variadic-macro-arguments  -O2 -Wl,--gc-sections -o "RV_NN_Pooling_Benchmark.adx"  ./Debug_Demo/app.o ./Debug_Demo/main.o ./Debug_Demo/test_riscv_avgpool_s16.o ./Debug_Demo/test_riscv_avgpool_s8.o  ./boot/cstartup_flash.o ./boot/cstartup_ram.o  ./common/bt_debug/dbgport.o  ./common/sdk_version.o  ./common/usb_dbg/myudb_usb.o ./common/usb_dbg/myudb_usbdesc.o  ./drivers/adc.o ./drivers/aes.o ./drivers/analog.o ./drivers/audio.o ./drivers/clock.o ./drivers/emi.o ./drivers/flash.o ./drivers/gpio.o ./drivers/i2c.o ./drivers/lpc.o ./drivers/mdec.o ./drivers/plmt.o ./drivers/pwm.o ./drivers/s7816.o ./drivers/spi.o ./drivers/stimer.o ./drivers/timer.o ./drivers/uart.o ./drivers/usbhw.o  ./drivers/flash/flash_mid146085.o ./drivers/flash/flash_mid156085.o ./drivers/flash/flash_mid166085.o  ./vendor/common/auto_test/pc_interface.o  ./vendor/common/calibration/calibration.o  ./vendor/common/common.o ./vendor/common/exception.o ./vendor/common/printf.o  ./vendor/common/flash/puya_common.o ./vendor/common/flash/puya_flash_scratch.o ./vendor/common/flash/puya_flash_trim.o   -lm -lnmsis_nn_rv32imfc -ldriver -laxon_driver_lib
Finished building target: RV_NN_Pooling_Benchmark.adx
 
/usr/bin/make --no-print-directory post-build
/usr/bin/make function-analysis
Invoking: Objdump (disassembly)
riscv32-elf-objdump -x -d -C "RV_NN_Pooling_Benchmark.adx" > output/objdump.txt
Finished building: output/objdump.txt
 
Running function size analysis...
python tools/function_size_riscv.py output/map.txt output/objdump.txt riscv_avgpool_s8 riscv_avgpool_s16 > tools/code_size_report.txt || true
 
Invoking: NM (symbol listing)
riscv32-elf-nm -n -l -C "RV_NN_Pooling_Benchmark.adx" > output/symbol.txt
Finished building: output/symbol.txt
 
Invoking: Readelf (ELF info listing)
riscv32-elf-readelf -a "RV_NN_Pooling_Benchmark.adx" > output/readelf.txt
Finished building: output/readelf.txt
 
Invoking: Objcopy (object content copy)
riscv32-elf-objcopy -S -O binary "RV_NN_Pooling_Benchmark.adx" output/RV_NN_Pooling_Benchmark.bin
Finished building: output/RV_NN_Pooling_Benchmark.bin
 
Invoking: Size (section size listing)
riscv32-elf-size  "RV_NN_Pooling_Benchmark.adx" | tee output/.PHONY.size
   text	   code	 rodata	   data	    bss	    dec	    hex	filename
  14294	  14294	      0	   9253	     64	  23611	   5c3b	RV_NN_Pooling_Benchmark.adx
Finished building: output/.PHONY.size
 

09:07:05 Build Finished (took 6s.110ms)

