15:51:33 **** Incremental Build of configuration Release for project RV_NN_Convolution_Benchmark ****
make all 
Building file: ../Debug_Demo/app.c
Invoking: Andes C Compiler
riscv32-elf-gcc -DMCU_STARTUP_FLASH=1 -DMCU_CORE_B91=1 -I"/cygdrive/C/Users/SwaminathanK/Desktop/Thesis/DSP Library/NMSIS-master/NMSIS/NMSIS/DSP/Include" -I"/cygdrive/C/Users/SwaminathanK/Desktop/Thesis/DSP Library/NMSIS-master/NMSIS/NMSIS/NN/Include" -I"/cygdrive/C/Users/SwaminathanK/Desktop/Thesis/DSP Library/NMSIS-master/NMSIS/NMSIS/Core/Include" -I"/cygdrive/C/Users/SwaminathanK/Workspace-Ande3/RV_NN_Convolution_Benchmark/drivers" -I"/cygdrive/C/Users/SwaminathanK/Workspace-Ande3/RV_NN_Convolution_Benchmark/drivers/reg_include" -I"/cygdrive/C/Users/SwaminathanK/Workspace-Ande3/RV_NN_Convolution_Benchmark/vendor/common/flash" -I"/cygdrive/C/Users/SwaminathanK/Workspace-Ande3/RV_NN_Convolution_Benchmark/vendor/common/calibration" -I"/cygdrive/C/Users/SwaminathanK/Workspace-Ande3/RV_NN_Convolution_Benchmark/common" -I"/cygdrive/C/Users/SwaminathanK/Workspace-Ande3/RV_NN_Convolution_Benchmark/vendor/common" -I"/cygdrive/C/Users/SwaminathanK/Downloads/Telink_IDE/ide//RDS/V3.2.3/toolchains/nds32le-elf-mculib-v5f/lib/gcc/riscv32-elf/7.4.0/include" -I"/cygdrive/C/Users/SwaminathanK/Downloads/Telink_IDE/ide//RDS/V3.2.3/toolchains/nds32le-elf-mculib-v5f/riscv32-elf/include" -O3 -mcmodel=medium -flto -Wall -mcpu=d25f -ffunction-sections -fdata-sections -mext-dsp -mabi=ilp32f -c -fmessage-length=0 -Wl,--gc-sections -fshort-wchar -fno-strict-aliasing -fomit-frame-pointer -fshort-enums -MMD -MP -MF"Debug_Demo/app.d" -MT"Debug_Demo/app.d Debug_Demo/app.o" -o "Debug_Demo/app.o" "../Debug_Demo/app.c"
Finished building: ../Debug_Demo/app.c
 
Building file: ../Debug_Demo/main.c
Invoking: Andes C Compiler
riscv32-elf-gcc -DMCU_STARTUP_FLASH=1 -DMCU_CORE_B91=1 -I"/cygdrive/C/Users/SwaminathanK/Desktop/Thesis/DSP Library/NMSIS-master/NMSIS/NMSIS/DSP/Include" -I"/cygdrive/C/Users/SwaminathanK/Desktop/Thesis/DSP Library/NMSIS-master/NMSIS/NMSIS/NN/Include" -I"/cygdrive/C/Users/SwaminathanK/Desktop/Thesis/DSP Library/NMSIS-master/NMSIS/NMSIS/Core/Include" -I"/cygdrive/C/Users/SwaminathanK/Workspace-Ande3/RV_NN_Convolution_Benchmark/drivers" -I"/cygdrive/C/Users/SwaminathanK/Workspace-Ande3/RV_NN_Convolution_Benchmark/drivers/reg_include" -I"/cygdrive/C/Users/SwaminathanK/Workspace-Ande3/RV_NN_Convolution_Benchmark/vendor/common/flash" -I"/cygdrive/C/Users/SwaminathanK/Workspace-Ande3/RV_NN_Convolution_Benchmark/vendor/common/calibration" -I"/cygdrive/C/Users/SwaminathanK/Workspace-Ande3/RV_NN_Convolution_Benchmark/common" -I"/cygdrive/C/Users/SwaminathanK/Workspace-Ande3/RV_NN_Convolution_Benchmark/vendor/common" -I"/cygdrive/C/Users/SwaminathanK/Downloads/Telink_IDE/ide//RDS/V3.2.3/toolchains/nds32le-elf-mculib-v5f/lib/gcc/riscv32-elf/7.4.0/include" -I"/cygdrive/C/Users/SwaminathanK/Downloads/Telink_IDE/ide//RDS/V3.2.3/toolchains/nds32le-elf-mculib-v5f/riscv32-elf/include" -O3 -mcmodel=medium -flto -Wall -mcpu=d25f -ffunction-sections -fdata-sections -mext-dsp -mabi=ilp32f -c -fmessage-length=0 -Wl,--gc-sections -fshort-wchar -fno-strict-aliasing -fomit-frame-pointer -fshort-enums -MMD -MP -MF"Debug_Demo/main.d" -MT"Debug_Demo/main.d Debug_Demo/main.o" -o "Debug_Demo/main.o" "../Debug_Demo/main.c"
Finished building: ../Debug_Demo/main.c
 
Building file: ../Debug_Demo/test_riscv_convolve_s16.c
Invoking: Andes C Compiler
riscv32-elf-gcc -DMCU_STARTUP_FLASH=1 -DMCU_CORE_B91=1 -I"/cygdrive/C/Users/SwaminathanK/Desktop/Thesis/DSP Library/NMSIS-master/NMSIS/NMSIS/DSP/Include" -I"/cygdrive/C/Users/SwaminathanK/Desktop/Thesis/DSP Library/NMSIS-master/NMSIS/NMSIS/NN/Include" -I"/cygdrive/C/Users/SwaminathanK/Desktop/Thesis/DSP Library/NMSIS-master/NMSIS/NMSIS/Core/Include" -I"/cygdrive/C/Users/SwaminathanK/Workspace-Ande3/RV_NN_Convolution_Benchmark/drivers" -I"/cygdrive/C/Users/SwaminathanK/Workspace-Ande3/RV_NN_Convolution_Benchmark/drivers/reg_include" -I"/cygdrive/C/Users/SwaminathanK/Workspace-Ande3/RV_NN_Convolution_Benchmark/vendor/common/flash" -I"/cygdrive/C/Users/SwaminathanK/Workspace-Ande3/RV_NN_Convolution_Benchmark/vendor/common/calibration" -I"/cygdrive/C/Users/SwaminathanK/Workspace-Ande3/RV_NN_Convolution_Benchmark/common" -I"/cygdrive/C/Users/SwaminathanK/Workspace-Ande3/RV_NN_Convolution_Benchmark/vendor/common" -I"/cygdrive/C/Users/SwaminathanK/Downloads/Telink_IDE/ide//RDS/V3.2.3/toolchains/nds32le-elf-mculib-v5f/lib/gcc/riscv32-elf/7.4.0/include" -I"/cygdrive/C/Users/SwaminathanK/Downloads/Telink_IDE/ide//RDS/V3.2.3/toolchains/nds32le-elf-mculib-v5f/riscv32-elf/include" -O3 -mcmodel=medium -flto -Wall -mcpu=d25f -ffunction-sections -fdata-sections -mext-dsp -mabi=ilp32f -c -fmessage-length=0 -Wl,--gc-sections -fshort-wchar -fno-strict-aliasing -fomit-frame-pointer -fshort-enums -MMD -MP -MF"Debug_Demo/test_riscv_convolve_s16.d" -MT"Debug_Demo/test_riscv_convolve_s16.d Debug_Demo/test_riscv_convolve_s16.o" -o "Debug_Demo/test_riscv_convolve_s16.o" "../Debug_Demo/test_riscv_convolve_s16.c"
Finished building: ../Debug_Demo/test_riscv_convolve_s16.c
 
Building file: ../Debug_Demo/test_riscv_convolve_s8.c
Invoking: Andes C Compiler
riscv32-elf-gcc -DMCU_STARTUP_FLASH=1 -DMCU_CORE_B91=1 -I"/cygdrive/C/Users/SwaminathanK/Desktop/Thesis/DSP Library/NMSIS-master/NMSIS/NMSIS/DSP/Include" -I"/cygdrive/C/Users/SwaminathanK/Desktop/Thesis/DSP Library/NMSIS-master/NMSIS/NMSIS/NN/Include" -I"/cygdrive/C/Users/SwaminathanK/Desktop/Thesis/DSP Library/NMSIS-master/NMSIS/NMSIS/Core/Include" -I"/cygdrive/C/Users/SwaminathanK/Workspace-Ande3/RV_NN_Convolution_Benchmark/drivers" -I"/cygdrive/C/Users/SwaminathanK/Workspace-Ande3/RV_NN_Convolution_Benchmark/drivers/reg_include" -I"/cygdrive/C/Users/SwaminathanK/Workspace-Ande3/RV_NN_Convolution_Benchmark/vendor/common/flash" -I"/cygdrive/C/Users/SwaminathanK/Workspace-Ande3/RV_NN_Convolution_Benchmark/vendor/common/calibration" -I"/cygdrive/C/Users/SwaminathanK/Workspace-Ande3/RV_NN_Convolution_Benchmark/common" -I"/cygdrive/C/Users/SwaminathanK/Workspace-Ande3/RV_NN_Convolution_Benchmark/vendor/common" -I"/cygdrive/C/Users/SwaminathanK/Downloads/Telink_IDE/ide//RDS/V3.2.3/toolchains/nds32le-elf-mculib-v5f/lib/gcc/riscv32-elf/7.4.0/include" -I"/cygdrive/C/Users/SwaminathanK/Downloads/Telink_IDE/ide//RDS/V3.2.3/toolchains/nds32le-elf-mculib-v5f/riscv32-elf/include" -O3 -mcmodel=medium -flto -Wall -mcpu=d25f -ffunction-sections -fdata-sections -mext-dsp -mabi=ilp32f -c -fmessage-length=0 -Wl,--gc-sections -fshort-wchar -fno-strict-aliasing -fomit-frame-pointer -fshort-enums -MMD -MP -MF"Debug_Demo/test_riscv_convolve_s8.d" -MT"Debug_Demo/test_riscv_convolve_s8.d Debug_Demo/test_riscv_convolve_s8.o" -o "Debug_Demo/test_riscv_convolve_s8.o" "../Debug_Demo/test_riscv_convolve_s8.c"
Finished building: ../Debug_Demo/test_riscv_convolve_s8.c
 
Building file: ../Debug_Demo/test_riscv_depthwise_conv_s16.c
Invoking: Andes C Compiler
riscv32-elf-gcc -DMCU_STARTUP_FLASH=1 -DMCU_CORE_B91=1 -I"/cygdrive/C/Users/SwaminathanK/Desktop/Thesis/DSP Library/NMSIS-master/NMSIS/NMSIS/DSP/Include" -I"/cygdrive/C/Users/SwaminathanK/Desktop/Thesis/DSP Library/NMSIS-master/NMSIS/NMSIS/NN/Include" -I"/cygdrive/C/Users/SwaminathanK/Desktop/Thesis/DSP Library/NMSIS-master/NMSIS/NMSIS/Core/Include" -I"/cygdrive/C/Users/SwaminathanK/Workspace-Ande3/RV_NN_Convolution_Benchmark/drivers" -I"/cygdrive/C/Users/SwaminathanK/Workspace-Ande3/RV_NN_Convolution_Benchmark/drivers/reg_include" -I"/cygdrive/C/Users/SwaminathanK/Workspace-Ande3/RV_NN_Convolution_Benchmark/vendor/common/flash" -I"/cygdrive/C/Users/SwaminathanK/Workspace-Ande3/RV_NN_Convolution_Benchmark/vendor/common/calibration" -I"/cygdrive/C/Users/SwaminathanK/Workspace-Ande3/RV_NN_Convolution_Benchmark/common" -I"/cygdrive/C/Users/SwaminathanK/Workspace-Ande3/RV_NN_Convolution_Benchmark/vendor/common" -I"/cygdrive/C/Users/SwaminathanK/Downloads/Telink_IDE/ide//RDS/V3.2.3/toolchains/nds32le-elf-mculib-v5f/lib/gcc/riscv32-elf/7.4.0/include" -I"/cygdrive/C/Users/SwaminathanK/Downloads/Telink_IDE/ide//RDS/V3.2.3/toolchains/nds32le-elf-mculib-v5f/riscv32-elf/include" -O3 -mcmodel=medium -flto -Wall -mcpu=d25f -ffunction-sections -fdata-sections -mext-dsp -mabi=ilp32f -c -fmessage-length=0 -Wl,--gc-sections -fshort-wchar -fno-strict-aliasing -fomit-frame-pointer -fshort-enums -MMD -MP -MF"Debug_Demo/test_riscv_depthwise_conv_s16.d" -MT"Debug_Demo/test_riscv_depthwise_conv_s16.d Debug_Demo/test_riscv_depthwise_conv_s16.o" -o "Debug_Demo/test_riscv_depthwise_conv_s16.o" "../Debug_Demo/test_riscv_depthwise_conv_s16.c"
Finished building: ../Debug_Demo/test_riscv_depthwise_conv_s16.c
 
Building file: ../Debug_Demo/test_riscv_depthwise_conv_s8.c
Invoking: Andes C Compiler
riscv32-elf-gcc -DMCU_STARTUP_FLASH=1 -DMCU_CORE_B91=1 -I"/cygdrive/C/Users/SwaminathanK/Desktop/Thesis/DSP Library/NMSIS-master/NMSIS/NMSIS/DSP/Include" -I"/cygdrive/C/Users/SwaminathanK/Desktop/Thesis/DSP Library/NMSIS-master/NMSIS/NMSIS/NN/Include" -I"/cygdrive/C/Users/SwaminathanK/Desktop/Thesis/DSP Library/NMSIS-master/NMSIS/NMSIS/Core/Include" -I"/cygdrive/C/Users/SwaminathanK/Workspace-Ande3/RV_NN_Convolution_Benchmark/drivers" -I"/cygdrive/C/Users/SwaminathanK/Workspace-Ande3/RV_NN_Convolution_Benchmark/drivers/reg_include" -I"/cygdrive/C/Users/SwaminathanK/Workspace-Ande3/RV_NN_Convolution_Benchmark/vendor/common/flash" -I"/cygdrive/C/Users/SwaminathanK/Workspace-Ande3/RV_NN_Convolution_Benchmark/vendor/common/calibration" -I"/cygdrive/C/Users/SwaminathanK/Workspace-Ande3/RV_NN_Convolution_Benchmark/common" -I"/cygdrive/C/Users/SwaminathanK/Workspace-Ande3/RV_NN_Convolution_Benchmark/vendor/common" -I"/cygdrive/C/Users/SwaminathanK/Downloads/Telink_IDE/ide//RDS/V3.2.3/toolchains/nds32le-elf-mculib-v5f/lib/gcc/riscv32-elf/7.4.0/include" -I"/cygdrive/C/Users/SwaminathanK/Downloads/Telink_IDE/ide//RDS/V3.2.3/toolchains/nds32le-elf-mculib-v5f/riscv32-elf/include" -O3 -mcmodel=medium -flto -Wall -mcpu=d25f -ffunction-sections -fdata-sections -mext-dsp -mabi=ilp32f -c -fmessage-length=0 -Wl,--gc-sections -fshort-wchar -fno-strict-aliasing -fomit-frame-pointer -fshort-enums -MMD -MP -MF"Debug_Demo/test_riscv_depthwise_conv_s8.d" -MT"Debug_Demo/test_riscv_depthwise_conv_s8.d Debug_Demo/test_riscv_depthwise_conv_s8.o" -o "Debug_Demo/test_riscv_depthwise_conv_s8.o" "../Debug_Demo/test_riscv_depthwise_conv_s8.c"
Finished building: ../Debug_Demo/test_riscv_depthwise_conv_s8.c
 
Building file: ../Debug_Demo/utility.c
Invoking: Andes C Compiler
riscv32-elf-gcc -DMCU_STARTUP_FLASH=1 -DMCU_CORE_B91=1 -I"/cygdrive/C/Users/SwaminathanK/Desktop/Thesis/DSP Library/NMSIS-master/NMSIS/NMSIS/DSP/Include" -I"/cygdrive/C/Users/SwaminathanK/Desktop/Thesis/DSP Library/NMSIS-master/NMSIS/NMSIS/NN/Include" -I"/cygdrive/C/Users/SwaminathanK/Desktop/Thesis/DSP Library/NMSIS-master/NMSIS/NMSIS/Core/Include" -I"/cygdrive/C/Users/SwaminathanK/Workspace-Ande3/RV_NN_Convolution_Benchmark/drivers" -I"/cygdrive/C/Users/SwaminathanK/Workspace-Ande3/RV_NN_Convolution_Benchmark/drivers/reg_include" -I"/cygdrive/C/Users/SwaminathanK/Workspace-Ande3/RV_NN_Convolution_Benchmark/vendor/common/flash" -I"/cygdrive/C/Users/SwaminathanK/Workspace-Ande3/RV_NN_Convolution_Benchmark/vendor/common/calibration" -I"/cygdrive/C/Users/SwaminathanK/Workspace-Ande3/RV_NN_Convolution_Benchmark/common" -I"/cygdrive/C/Users/SwaminathanK/Workspace-Ande3/RV_NN_Convolution_Benchmark/vendor/common" -I"/cygdrive/C/Users/SwaminathanK/Downloads/Telink_IDE/ide//RDS/V3.2.3/toolchains/nds32le-elf-mculib-v5f/lib/gcc/riscv32-elf/7.4.0/include" -I"/cygdrive/C/Users/SwaminathanK/Downloads/Telink_IDE/ide//RDS/V3.2.3/toolchains/nds32le-elf-mculib-v5f/riscv32-elf/include" -O3 -mcmodel=medium -flto -Wall -mcpu=d25f -ffunction-sections -fdata-sections -mext-dsp -mabi=ilp32f -c -fmessage-length=0 -Wl,--gc-sections -fshort-wchar -fno-strict-aliasing -fomit-frame-pointer -fshort-enums -MMD -MP -MF"Debug_Demo/utility.d" -MT"Debug_Demo/utility.d Debug_Demo/utility.o" -o "Debug_Demo/utility.o" "../Debug_Demo/utility.c"
Finished building: ../Debug_Demo/utility.c
 
Building file: ../boot/cstartup_flash.S
Invoking: Andes C Compiler
riscv32-elf-gcc -DMCU_STARTUP_FLASH=1 -DMCU_CORE_B91=1 -I"/cygdrive/C/Users/SwaminathanK/Desktop/Thesis/DSP Library/NMSIS-master/NMSIS/NMSIS/DSP/Include" -I"/cygdrive/C/Users/SwaminathanK/Desktop/Thesis/DSP Library/NMSIS-master/NMSIS/NMSIS/NN/Include" -I"/cygdrive/C/Users/SwaminathanK/Desktop/Thesis/DSP Library/NMSIS-master/NMSIS/NMSIS/Core/Include" -I"/cygdrive/C/Users/SwaminathanK/Workspace-Ande3/RV_NN_Convolution_Benchmark/drivers" -I"/cygdrive/C/Users/SwaminathanK/Workspace-Ande3/RV_NN_Convolution_Benchmark/drivers/reg_include" -I"/cygdrive/C/Users/SwaminathanK/Workspace-Ande3/RV_NN_Convolution_Benchmark/vendor/common/flash" -I"/cygdrive/C/Users/SwaminathanK/Workspace-Ande3/RV_NN_Convolution_Benchmark/vendor/common/calibration" -I"/cygdrive/C/Users/SwaminathanK/Workspace-Ande3/RV_NN_Convolution_Benchmark/common" -I"/cygdrive/C/Users/SwaminathanK/Workspace-Ande3/RV_NN_Convolution_Benchmark/vendor/common" -I"/cygdrive/C/Users/SwaminathanK/Downloads/Telink_IDE/ide//RDS/V3.2.3/toolchains/nds32le-elf-mculib-v5f/lib/gcc/riscv32-elf/7.4.0/include" -I"/cygdrive/C/Users/SwaminathanK/Downloads/Telink_IDE/ide//RDS/V3.2.3/toolchains/nds32le-elf-mculib-v5f/riscv32-elf/include" -O3 -mcmodel=medium -flto -Wall -mcpu=d25f -ffunction-sections -fdata-sections -mext-dsp -mabi=ilp32f -c -fmessage-length=0 -Wl,--gc-sections -fshort-wchar -fno-strict-aliasing -fomit-frame-pointer -fshort-enums -MMD -MP -MF"boot/cstartup_flash.d" -MT"boot/cstartup_flash.d boot/cstartup_flash.o" -o "boot/cstartup_flash.o" "../boot/cstartup_flash.S"
Finished building: ../boot/cstartup_flash.S
 
Building file: ../boot/cstartup_ram.S
Invoking: Andes C Compiler
riscv32-elf-gcc -DMCU_STARTUP_FLASH=1 -DMCU_CORE_B91=1 -I"/cygdrive/C/Users/SwaminathanK/Desktop/Thesis/DSP Library/NMSIS-master/NMSIS/NMSIS/DSP/Include" -I"/cygdrive/C/Users/SwaminathanK/Desktop/Thesis/DSP Library/NMSIS-master/NMSIS/NMSIS/NN/Include" -I"/cygdrive/C/Users/SwaminathanK/Desktop/Thesis/DSP Library/NMSIS-master/NMSIS/NMSIS/Core/Include" -I"/cygdrive/C/Users/SwaminathanK/Workspace-Ande3/RV_NN_Convolution_Benchmark/drivers" -I"/cygdrive/C/Users/SwaminathanK/Workspace-Ande3/RV_NN_Convolution_Benchmark/drivers/reg_include" -I"/cygdrive/C/Users/SwaminathanK/Workspace-Ande3/RV_NN_Convolution_Benchmark/vendor/common/flash" -I"/cygdrive/C/Users/SwaminathanK/Workspace-Ande3/RV_NN_Convolution_Benchmark/vendor/common/calibration" -I"/cygdrive/C/Users/SwaminathanK/Workspace-Ande3/RV_NN_Convolution_Benchmark/common" -I"/cygdrive/C/Users/SwaminathanK/Workspace-Ande3/RV_NN_Convolution_Benchmark/vendor/common" -I"/cygdrive/C/Users/SwaminathanK/Downloads/Telink_IDE/ide//RDS/V3.2.3/toolchains/nds32le-elf-mculib-v5f/lib/gcc/riscv32-elf/7.4.0/include" -I"/cygdrive/C/Users/SwaminathanK/Downloads/Telink_IDE/ide//RDS/V3.2.3/toolchains/nds32le-elf-mculib-v5f/riscv32-elf/include" -O3 -mcmodel=medium -flto -Wall -mcpu=d25f -ffunction-sections -fdata-sections -mext-dsp -mabi=ilp32f -c -fmessage-length=0 -Wl,--gc-sections -fshort-wchar -fno-strict-aliasing -fomit-frame-pointer -fshort-enums -MMD -MP -MF"boot/cstartup_ram.d" -MT"boot/cstartup_ram.d boot/cstartup_ram.o" -o "boot/cstartup_ram.o" "../boot/cstartup_ram.S"
Finished building: ../boot/cstartup_ram.S
 
Building file: ../common/bt_debug/dbgport.c
Invoking: Andes C Compiler
riscv32-elf-gcc -DMCU_STARTUP_FLASH=1 -DMCU_CORE_B91=1 -I"/cygdrive/C/Users/SwaminathanK/Desktop/Thesis/DSP Library/NMSIS-master/NMSIS/NMSIS/DSP/Include" -I"/cygdrive/C/Users/SwaminathanK/Desktop/Thesis/DSP Library/NMSIS-master/NMSIS/NMSIS/NN/Include" -I"/cygdrive/C/Users/SwaminathanK/Desktop/Thesis/DSP Library/NMSIS-master/NMSIS/NMSIS/Core/Include" -I"/cygdrive/C/Users/SwaminathanK/Workspace-Ande3/RV_NN_Convolution_Benchmark/drivers" -I"/cygdrive/C/Users/SwaminathanK/Workspace-Ande3/RV_NN_Convolution_Benchmark/drivers/reg_include" -I"/cygdrive/C/Users/SwaminathanK/Workspace-Ande3/RV_NN_Convolution_Benchmark/vendor/common/flash" -I"/cygdrive/C/Users/SwaminathanK/Workspace-Ande3/RV_NN_Convolution_Benchmark/vendor/common/calibration" -I"/cygdrive/C/Users/SwaminathanK/Workspace-Ande3/RV_NN_Convolution_Benchmark/common" -I"/cygdrive/C/Users/SwaminathanK/Workspace-Ande3/RV_NN_Convolution_Benchmark/vendor/common" -I"/cygdrive/C/Users/SwaminathanK/Downloads/Telink_IDE/ide//RDS/V3.2.3/toolchains/nds32le-elf-mculib-v5f/lib/gcc/riscv32-elf/7.4.0/include" -I"/cygdrive/C/Users/SwaminathanK/Downloads/Telink_IDE/ide//RDS/V3.2.3/toolchains/nds32le-elf-mculib-v5f/riscv32-elf/include" -O3 -mcmodel=medium -flto -Wall -mcpu=d25f -ffunction-sections -fdata-sections -mext-dsp -mabi=ilp32f -c -fmessage-length=0 -Wl,--gc-sections -fshort-wchar -fno-strict-aliasing -fomit-frame-pointer -fshort-enums -MMD -MP -MF"common/bt_debug/dbgport.d" -MT"common/bt_debug/dbgport.d common/bt_debug/dbgport.o" -o "common/bt_debug/dbgport.o" "../common/bt_debug/dbgport.c"
Finished building: ../common/bt_debug/dbgport.c
 
Building file: ../common/sdk_version.c
Invoking: Andes C Compiler
riscv32-elf-gcc -DMCU_STARTUP_FLASH=1 -DMCU_CORE_B91=1 -I"/cygdrive/C/Users/SwaminathanK/Desktop/Thesis/DSP Library/NMSIS-master/NMSIS/NMSIS/DSP/Include" -I"/cygdrive/C/Users/SwaminathanK/Desktop/Thesis/DSP Library/NMSIS-master/NMSIS/NMSIS/NN/Include" -I"/cygdrive/C/Users/SwaminathanK/Desktop/Thesis/DSP Library/NMSIS-master/NMSIS/NMSIS/Core/Include" -I"/cygdrive/C/Users/SwaminathanK/Workspace-Ande3/RV_NN_Convolution_Benchmark/drivers" -I"/cygdrive/C/Users/SwaminathanK/Workspace-Ande3/RV_NN_Convolution_Benchmark/drivers/reg_include" -I"/cygdrive/C/Users/SwaminathanK/Workspace-Ande3/RV_NN_Convolution_Benchmark/vendor/common/flash" -I"/cygdrive/C/Users/SwaminathanK/Workspace-Ande3/RV_NN_Convolution_Benchmark/vendor/common/calibration" -I"/cygdrive/C/Users/SwaminathanK/Workspace-Ande3/RV_NN_Convolution_Benchmark/common" -I"/cygdrive/C/Users/SwaminathanK/Workspace-Ande3/RV_NN_Convolution_Benchmark/vendor/common" -I"/cygdrive/C/Users/SwaminathanK/Downloads/Telink_IDE/ide//RDS/V3.2.3/toolchains/nds32le-elf-mculib-v5f/lib/gcc/riscv32-elf/7.4.0/include" -I"/cygdrive/C/Users/SwaminathanK/Downloads/Telink_IDE/ide//RDS/V3.2.3/toolchains/nds32le-elf-mculib-v5f/riscv32-elf/include" -O3 -mcmodel=medium -flto -Wall -mcpu=d25f -ffunction-sections -fdata-sections -mext-dsp -mabi=ilp32f -c -fmessage-length=0 -Wl,--gc-sections -fshort-wchar -fno-strict-aliasing -fomit-frame-pointer -fshort-enums -MMD -MP -MF"common/sdk_version.d" -MT"common/sdk_version.d common/sdk_version.o" -o "common/sdk_version.o" "../common/sdk_version.c"
Finished building: ../common/sdk_version.c
 
Building file: ../common/usb_dbg/myudb_usb.c
Invoking: Andes C Compiler
riscv32-elf-gcc -DMCU_STARTUP_FLASH=1 -DMCU_CORE_B91=1 -I"/cygdrive/C/Users/SwaminathanK/Desktop/Thesis/DSP Library/NMSIS-master/NMSIS/NMSIS/DSP/Include" -I"/cygdrive/C/Users/SwaminathanK/Desktop/Thesis/DSP Library/NMSIS-master/NMSIS/NMSIS/NN/Include" -I"/cygdrive/C/Users/SwaminathanK/Desktop/Thesis/DSP Library/NMSIS-master/NMSIS/NMSIS/Core/Include" -I"/cygdrive/C/Users/SwaminathanK/Workspace-Ande3/RV_NN_Convolution_Benchmark/drivers" -I"/cygdrive/C/Users/SwaminathanK/Workspace-Ande3/RV_NN_Convolution_Benchmark/drivers/reg_include" -I"/cygdrive/C/Users/SwaminathanK/Workspace-Ande3/RV_NN_Convolution_Benchmark/vendor/common/flash" -I"/cygdrive/C/Users/SwaminathanK/Workspace-Ande3/RV_NN_Convolution_Benchmark/vendor/common/calibration" -I"/cygdrive/C/Users/SwaminathanK/Workspace-Ande3/RV_NN_Convolution_Benchmark/common" -I"/cygdrive/C/Users/SwaminathanK/Workspace-Ande3/RV_NN_Convolution_Benchmark/vendor/common" -I"/cygdrive/C/Users/SwaminathanK/Downloads/Telink_IDE/ide//RDS/V3.2.3/toolchains/nds32le-elf-mculib-v5f/lib/gcc/riscv32-elf/7.4.0/include" -I"/cygdrive/C/Users/SwaminathanK/Downloads/Telink_IDE/ide//RDS/V3.2.3/toolchains/nds32le-elf-mculib-v5f/riscv32-elf/include" -O3 -mcmodel=medium -flto -Wall -mcpu=d25f -ffunction-sections -fdata-sections -mext-dsp -mabi=ilp32f -c -fmessage-length=0 -Wl,--gc-sections -fshort-wchar -fno-strict-aliasing -fomit-frame-pointer -fshort-enums -MMD -MP -MF"common/usb_dbg/myudb_usb.d" -MT"common/usb_dbg/myudb_usb.d common/usb_dbg/myudb_usb.o" -o "common/usb_dbg/myudb_usb.o" "../common/usb_dbg/myudb_usb.c"
Finished building: ../common/usb_dbg/myudb_usb.c
 
Building file: ../common/usb_dbg/myudb_usbdesc.c
Invoking: Andes C Compiler
riscv32-elf-gcc -DMCU_STARTUP_FLASH=1 -DMCU_CORE_B91=1 -I"/cygdrive/C/Users/SwaminathanK/Desktop/Thesis/DSP Library/NMSIS-master/NMSIS/NMSIS/DSP/Include" -I"/cygdrive/C/Users/SwaminathanK/Desktop/Thesis/DSP Library/NMSIS-master/NMSIS/NMSIS/NN/Include" -I"/cygdrive/C/Users/SwaminathanK/Desktop/Thesis/DSP Library/NMSIS-master/NMSIS/NMSIS/Core/Include" -I"/cygdrive/C/Users/SwaminathanK/Workspace-Ande3/RV_NN_Convolution_Benchmark/drivers" -I"/cygdrive/C/Users/SwaminathanK/Workspace-Ande3/RV_NN_Convolution_Benchmark/drivers/reg_include" -I"/cygdrive/C/Users/SwaminathanK/Workspace-Ande3/RV_NN_Convolution_Benchmark/vendor/common/flash" -I"/cygdrive/C/Users/SwaminathanK/Workspace-Ande3/RV_NN_Convolution_Benchmark/vendor/common/calibration" -I"/cygdrive/C/Users/SwaminathanK/Workspace-Ande3/RV_NN_Convolution_Benchmark/common" -I"/cygdrive/C/Users/SwaminathanK/Workspace-Ande3/RV_NN_Convolution_Benchmark/vendor/common" -I"/cygdrive/C/Users/SwaminathanK/Downloads/Telink_IDE/ide//RDS/V3.2.3/toolchains/nds32le-elf-mculib-v5f/lib/gcc/riscv32-elf/7.4.0/include" -I"/cygdrive/C/Users/SwaminathanK/Downloads/Telink_IDE/ide//RDS/V3.2.3/toolchains/nds32le-elf-mculib-v5f/riscv32-elf/include" -O3 -mcmodel=medium -flto -Wall -mcpu=d25f -ffunction-sections -fdata-sections -mext-dsp -mabi=ilp32f -c -fmessage-length=0 -Wl,--gc-sections -fshort-wchar -fno-strict-aliasing -fomit-frame-pointer -fshort-enums -MMD -MP -MF"common/usb_dbg/myudb_usbdesc.d" -MT"common/usb_dbg/myudb_usbdesc.d common/usb_dbg/myudb_usbdesc.o" -o "common/usb_dbg/myudb_usbdesc.o" "../common/usb_dbg/myudb_usbdesc.c"
Finished building: ../common/usb_dbg/myudb_usbdesc.c
 
Building file: ../drivers/adc.c
Invoking: Andes C Compiler
riscv32-elf-gcc -DMCU_STARTUP_FLASH=1 -DMCU_CORE_B91=1 -I"/cygdrive/C/Users/SwaminathanK/Desktop/Thesis/DSP Library/NMSIS-master/NMSIS/NMSIS/DSP/Include" -I"/cygdrive/C/Users/SwaminathanK/Desktop/Thesis/DSP Library/NMSIS-master/NMSIS/NMSIS/NN/Include" -I"/cygdrive/C/Users/SwaminathanK/Desktop/Thesis/DSP Library/NMSIS-master/NMSIS/NMSIS/Core/Include" -I"/cygdrive/C/Users/SwaminathanK/Workspace-Ande3/RV_NN_Convolution_Benchmark/drivers" -I"/cygdrive/C/Users/SwaminathanK/Workspace-Ande3/RV_NN_Convolution_Benchmark/drivers/reg_include" -I"/cygdrive/C/Users/SwaminathanK/Workspace-Ande3/RV_NN_Convolution_Benchmark/vendor/common/flash" -I"/cygdrive/C/Users/SwaminathanK/Workspace-Ande3/RV_NN_Convolution_Benchmark/vendor/common/calibration" -I"/cygdrive/C/Users/SwaminathanK/Workspace-Ande3/RV_NN_Convolution_Benchmark/common" -I"/cygdrive/C/Users/SwaminathanK/Workspace-Ande3/RV_NN_Convolution_Benchmark/vendor/common" -I"/cygdrive/C/Users/SwaminathanK/Downloads/Telink_IDE/ide//RDS/V3.2.3/toolchains/nds32le-elf-mculib-v5f/lib/gcc/riscv32-elf/7.4.0/include" -I"/cygdrive/C/Users/SwaminathanK/Downloads/Telink_IDE/ide//RDS/V3.2.3/toolchains/nds32le-elf-mculib-v5f/riscv32-elf/include" -O3 -mcmodel=medium -flto -Wall -mcpu=d25f -ffunction-sections -fdata-sections -mext-dsp -mabi=ilp32f -c -fmessage-length=0 -Wl,--gc-sections -fshort-wchar -fno-strict-aliasing -fomit-frame-pointer -fshort-enums -MMD -MP -MF"drivers/adc.d" -MT"drivers/adc.d drivers/adc.o" -o "drivers/adc.o" "../drivers/adc.c"
Finished building: ../drivers/adc.c
 
Building file: ../drivers/aes.c
Invoking: Andes C Compiler
riscv32-elf-gcc -DMCU_STARTUP_FLASH=1 -DMCU_CORE_B91=1 -I"/cygdrive/C/Users/SwaminathanK/Desktop/Thesis/DSP Library/NMSIS-master/NMSIS/NMSIS/DSP/Include" -I"/cygdrive/C/Users/SwaminathanK/Desktop/Thesis/DSP Library/NMSIS-master/NMSIS/NMSIS/NN/Include" -I"/cygdrive/C/Users/SwaminathanK/Desktop/Thesis/DSP Library/NMSIS-master/NMSIS/NMSIS/Core/Include" -I"/cygdrive/C/Users/SwaminathanK/Workspace-Ande3/RV_NN_Convolution_Benchmark/drivers" -I"/cygdrive/C/Users/SwaminathanK/Workspace-Ande3/RV_NN_Convolution_Benchmark/drivers/reg_include" -I"/cygdrive/C/Users/SwaminathanK/Workspace-Ande3/RV_NN_Convolution_Benchmark/vendor/common/flash" -I"/cygdrive/C/Users/SwaminathanK/Workspace-Ande3/RV_NN_Convolution_Benchmark/vendor/common/calibration" -I"/cygdrive/C/Users/SwaminathanK/Workspace-Ande3/RV_NN_Convolution_Benchmark/common" -I"/cygdrive/C/Users/SwaminathanK/Workspace-Ande3/RV_NN_Convolution_Benchmark/vendor/common" -I"/cygdrive/C/Users/SwaminathanK/Downloads/Telink_IDE/ide//RDS/V3.2.3/toolchains/nds32le-elf-mculib-v5f/lib/gcc/riscv32-elf/7.4.0/include" -I"/cygdrive/C/Users/SwaminathanK/Downloads/Telink_IDE/ide//RDS/V3.2.3/toolchains/nds32le-elf-mculib-v5f/riscv32-elf/include" -O3 -mcmodel=medium -flto -Wall -mcpu=d25f -ffunction-sections -fdata-sections -mext-dsp -mabi=ilp32f -c -fmessage-length=0 -Wl,--gc-sections -fshort-wchar -fno-strict-aliasing -fomit-frame-pointer -fshort-enums -MMD -MP -MF"drivers/aes.d" -MT"drivers/aes.d drivers/aes.o" -o "drivers/aes.o" "../drivers/aes.c"
Finished building: ../drivers/aes.c
 
Building file: ../drivers/analog.c
Invoking: Andes C Compiler
riscv32-elf-gcc -DMCU_STARTUP_FLASH=1 -DMCU_CORE_B91=1 -I"/cygdrive/C/Users/SwaminathanK/Desktop/Thesis/DSP Library/NMSIS-master/NMSIS/NMSIS/DSP/Include" -I"/cygdrive/C/Users/SwaminathanK/Desktop/Thesis/DSP Library/NMSIS-master/NMSIS/NMSIS/NN/Include" -I"/cygdrive/C/Users/SwaminathanK/Desktop/Thesis/DSP Library/NMSIS-master/NMSIS/NMSIS/Core/Include" -I"/cygdrive/C/Users/SwaminathanK/Workspace-Ande3/RV_NN_Convolution_Benchmark/drivers" -I"/cygdrive/C/Users/SwaminathanK/Workspace-Ande3/RV_NN_Convolution_Benchmark/drivers/reg_include" -I"/cygdrive/C/Users/SwaminathanK/Workspace-Ande3/RV_NN_Convolution_Benchmark/vendor/common/flash" -I"/cygdrive/C/Users/SwaminathanK/Workspace-Ande3/RV_NN_Convolution_Benchmark/vendor/common/calibration" -I"/cygdrive/C/Users/SwaminathanK/Workspace-Ande3/RV_NN_Convolution_Benchmark/common" -I"/cygdrive/C/Users/SwaminathanK/Workspace-Ande3/RV_NN_Convolution_Benchmark/vendor/common" -I"/cygdrive/C/Users/SwaminathanK/Downloads/Telink_IDE/ide//RDS/V3.2.3/toolchains/nds32le-elf-mculib-v5f/lib/gcc/riscv32-elf/7.4.0/include" -I"/cygdrive/C/Users/SwaminathanK/Downloads/Telink_IDE/ide//RDS/V3.2.3/toolchains/nds32le-elf-mculib-v5f/riscv32-elf/include" -O3 -mcmodel=medium -flto -Wall -mcpu=d25f -ffunction-sections -fdata-sections -mext-dsp -mabi=ilp32f -c -fmessage-length=0 -Wl,--gc-sections -fshort-wchar -fno-strict-aliasing -fomit-frame-pointer -fshort-enums -MMD -MP -MF"drivers/analog.d" -MT"drivers/analog.d drivers/analog.o" -o "drivers/analog.o" "../drivers/analog.c"
Finished building: ../drivers/analog.c
 
Building file: ../drivers/audio.c
Invoking: Andes C Compiler
riscv32-elf-gcc -DMCU_STARTUP_FLASH=1 -DMCU_CORE_B91=1 -I"/cygdrive/C/Users/SwaminathanK/Desktop/Thesis/DSP Library/NMSIS-master/NMSIS/NMSIS/DSP/Include" -I"/cygdrive/C/Users/SwaminathanK/Desktop/Thesis/DSP Library/NMSIS-master/NMSIS/NMSIS/NN/Include" -I"/cygdrive/C/Users/SwaminathanK/Desktop/Thesis/DSP Library/NMSIS-master/NMSIS/NMSIS/Core/Include" -I"/cygdrive/C/Users/SwaminathanK/Workspace-Ande3/RV_NN_Convolution_Benchmark/drivers" -I"/cygdrive/C/Users/SwaminathanK/Workspace-Ande3/RV_NN_Convolution_Benchmark/drivers/reg_include" -I"/cygdrive/C/Users/SwaminathanK/Workspace-Ande3/RV_NN_Convolution_Benchmark/vendor/common/flash" -I"/cygdrive/C/Users/SwaminathanK/Workspace-Ande3/RV_NN_Convolution_Benchmark/vendor/common/calibration" -I"/cygdrive/C/Users/SwaminathanK/Workspace-Ande3/RV_NN_Convolution_Benchmark/common" -I"/cygdrive/C/Users/SwaminathanK/Workspace-Ande3/RV_NN_Convolution_Benchmark/vendor/common" -I"/cygdrive/C/Users/SwaminathanK/Downloads/Telink_IDE/ide//RDS/V3.2.3/toolchains/nds32le-elf-mculib-v5f/lib/gcc/riscv32-elf/7.4.0/include" -I"/cygdrive/C/Users/SwaminathanK/Downloads/Telink_IDE/ide//RDS/V3.2.3/toolchains/nds32le-elf-mculib-v5f/riscv32-elf/include" -O3 -mcmodel=medium -flto -Wall -mcpu=d25f -ffunction-sections -fdata-sections -mext-dsp -mabi=ilp32f -c -fmessage-length=0 -Wl,--gc-sections -fshort-wchar -fno-strict-aliasing -fomit-frame-pointer -fshort-enums -MMD -MP -MF"drivers/audio.d" -MT"drivers/audio.d drivers/audio.o" -o "drivers/audio.o" "../drivers/audio.c"
Finished building: ../drivers/audio.c
 
Building file: ../drivers/clock.c
Invoking: Andes C Compiler
riscv32-elf-gcc -DMCU_STARTUP_FLASH=1 -DMCU_CORE_B91=1 -I"/cygdrive/C/Users/SwaminathanK/Desktop/Thesis/DSP Library/NMSIS-master/NMSIS/NMSIS/DSP/Include" -I"/cygdrive/C/Users/SwaminathanK/Desktop/Thesis/DSP Library/NMSIS-master/NMSIS/NMSIS/NN/Include" -I"/cygdrive/C/Users/SwaminathanK/Desktop/Thesis/DSP Library/NMSIS-master/NMSIS/NMSIS/Core/Include" -I"/cygdrive/C/Users/SwaminathanK/Workspace-Ande3/RV_NN_Convolution_Benchmark/drivers" -I"/cygdrive/C/Users/SwaminathanK/Workspace-Ande3/RV_NN_Convolution_Benchmark/drivers/reg_include" -I"/cygdrive/C/Users/SwaminathanK/Workspace-Ande3/RV_NN_Convolution_Benchmark/vendor/common/flash" -I"/cygdrive/C/Users/SwaminathanK/Workspace-Ande3/RV_NN_Convolution_Benchmark/vendor/common/calibration" -I"/cygdrive/C/Users/SwaminathanK/Workspace-Ande3/RV_NN_Convolution_Benchmark/common" -I"/cygdrive/C/Users/SwaminathanK/Workspace-Ande3/RV_NN_Convolution_Benchmark/vendor/common" -I"/cygdrive/C/Users/SwaminathanK/Downloads/Telink_IDE/ide//RDS/V3.2.3/toolchains/nds32le-elf-mculib-v5f/lib/gcc/riscv32-elf/7.4.0/include" -I"/cygdrive/C/Users/SwaminathanK/Downloads/Telink_IDE/ide//RDS/V3.2.3/toolchains/nds32le-elf-mculib-v5f/riscv32-elf/include" -O3 -mcmodel=medium -flto -Wall -mcpu=d25f -ffunction-sections -fdata-sections -mext-dsp -mabi=ilp32f -c -fmessage-length=0 -Wl,--gc-sections -fshort-wchar -fno-strict-aliasing -fomit-frame-pointer -fshort-enums -MMD -MP -MF"drivers/clock.d" -MT"drivers/clock.d drivers/clock.o" -o "drivers/clock.o" "../drivers/clock.c"
Finished building: ../drivers/clock.c
 
Building file: ../drivers/emi.c
Invoking: Andes C Compiler
riscv32-elf-gcc -DMCU_STARTUP_FLASH=1 -DMCU_CORE_B91=1 -I"/cygdrive/C/Users/SwaminathanK/Desktop/Thesis/DSP Library/NMSIS-master/NMSIS/NMSIS/DSP/Include" -I"/cygdrive/C/Users/SwaminathanK/Desktop/Thesis/DSP Library/NMSIS-master/NMSIS/NMSIS/NN/Include" -I"/cygdrive/C/Users/SwaminathanK/Desktop/Thesis/DSP Library/NMSIS-master/NMSIS/NMSIS/Core/Include" -I"/cygdrive/C/Users/SwaminathanK/Workspace-Ande3/RV_NN_Convolution_Benchmark/drivers" -I"/cygdrive/C/Users/SwaminathanK/Workspace-Ande3/RV_NN_Convolution_Benchmark/drivers/reg_include" -I"/cygdrive/C/Users/SwaminathanK/Workspace-Ande3/RV_NN_Convolution_Benchmark/vendor/common/flash" -I"/cygdrive/C/Users/SwaminathanK/Workspace-Ande3/RV_NN_Convolution_Benchmark/vendor/common/calibration" -I"/cygdrive/C/Users/SwaminathanK/Workspace-Ande3/RV_NN_Convolution_Benchmark/common" -I"/cygdrive/C/Users/SwaminathanK/Workspace-Ande3/RV_NN_Convolution_Benchmark/vendor/common" -I"/cygdrive/C/Users/SwaminathanK/Downloads/Telink_IDE/ide//RDS/V3.2.3/toolchains/nds32le-elf-mculib-v5f/lib/gcc/riscv32-elf/7.4.0/include" -I"/cygdrive/C/Users/SwaminathanK/Downloads/Telink_IDE/ide//RDS/V3.2.3/toolchains/nds32le-elf-mculib-v5f/riscv32-elf/include" -O3 -mcmodel=medium -flto -Wall -mcpu=d25f -ffunction-sections -fdata-sections -mext-dsp -mabi=ilp32f -c -fmessage-length=0 -Wl,--gc-sections -fshort-wchar -fno-strict-aliasing -fomit-frame-pointer -fshort-enums -MMD -MP -MF"drivers/emi.d" -MT"drivers/emi.d drivers/emi.o" -o "drivers/emi.o" "../drivers/emi.c"
Finished building: ../drivers/emi.c
 
Building file: ../drivers/flash.c
Invoking: Andes C Compiler
riscv32-elf-gcc -DMCU_STARTUP_FLASH=1 -DMCU_CORE_B91=1 -I"/cygdrive/C/Users/SwaminathanK/Desktop/Thesis/DSP Library/NMSIS-master/NMSIS/NMSIS/DSP/Include" -I"/cygdrive/C/Users/SwaminathanK/Desktop/Thesis/DSP Library/NMSIS-master/NMSIS/NMSIS/NN/Include" -I"/cygdrive/C/Users/SwaminathanK/Desktop/Thesis/DSP Library/NMSIS-master/NMSIS/NMSIS/Core/Include" -I"/cygdrive/C/Users/SwaminathanK/Workspace-Ande3/RV_NN_Convolution_Benchmark/drivers" -I"/cygdrive/C/Users/SwaminathanK/Workspace-Ande3/RV_NN_Convolution_Benchmark/drivers/reg_include" -I"/cygdrive/C/Users/SwaminathanK/Workspace-Ande3/RV_NN_Convolution_Benchmark/vendor/common/flash" -I"/cygdrive/C/Users/SwaminathanK/Workspace-Ande3/RV_NN_Convolution_Benchmark/vendor/common/calibration" -I"/cygdrive/C/Users/SwaminathanK/Workspace-Ande3/RV_NN_Convolution_Benchmark/common" -I"/cygdrive/C/Users/SwaminathanK/Workspace-Ande3/RV_NN_Convolution_Benchmark/vendor/common" -I"/cygdrive/C/Users/SwaminathanK/Downloads/Telink_IDE/ide//RDS/V3.2.3/toolchains/nds32le-elf-mculib-v5f/lib/gcc/riscv32-elf/7.4.0/include" -I"/cygdrive/C/Users/SwaminathanK/Downloads/Telink_IDE/ide//RDS/V3.2.3/toolchains/nds32le-elf-mculib-v5f/riscv32-elf/include" -O3 -mcmodel=medium -flto -Wall -mcpu=d25f -ffunction-sections -fdata-sections -mext-dsp -mabi=ilp32f -c -fmessage-length=0 -Wl,--gc-sections -fshort-wchar -fno-strict-aliasing -fomit-frame-pointer -fshort-enums -MMD -MP -MF"drivers/flash.d" -MT"drivers/flash.d drivers/flash.o" -o "drivers/flash.o" "../drivers/flash.c"
Finished building: ../drivers/flash.c
 
Building file: ../drivers/gpio.c
Invoking: Andes C Compiler
riscv32-elf-gcc -DMCU_STARTUP_FLASH=1 -DMCU_CORE_B91=1 -I"/cygdrive/C/Users/SwaminathanK/Desktop/Thesis/DSP Library/NMSIS-master/NMSIS/NMSIS/DSP/Include" -I"/cygdrive/C/Users/SwaminathanK/Desktop/Thesis/DSP Library/NMSIS-master/NMSIS/NMSIS/NN/Include" -I"/cygdrive/C/Users/SwaminathanK/Desktop/Thesis/DSP Library/NMSIS-master/NMSIS/NMSIS/Core/Include" -I"/cygdrive/C/Users/SwaminathanK/Workspace-Ande3/RV_NN_Convolution_Benchmark/drivers" -I"/cygdrive/C/Users/SwaminathanK/Workspace-Ande3/RV_NN_Convolution_Benchmark/drivers/reg_include" -I"/cygdrive/C/Users/SwaminathanK/Workspace-Ande3/RV_NN_Convolution_Benchmark/vendor/common/flash" -I"/cygdrive/C/Users/SwaminathanK/Workspace-Ande3/RV_NN_Convolution_Benchmark/vendor/common/calibration" -I"/cygdrive/C/Users/SwaminathanK/Workspace-Ande3/RV_NN_Convolution_Benchmark/common" -I"/cygdrive/C/Users/SwaminathanK/Workspace-Ande3/RV_NN_Convolution_Benchmark/vendor/common" -I"/cygdrive/C/Users/SwaminathanK/Downloads/Telink_IDE/ide//RDS/V3.2.3/toolchains/nds32le-elf-mculib-v5f/lib/gcc/riscv32-elf/7.4.0/include" -I"/cygdrive/C/Users/SwaminathanK/Downloads/Telink_IDE/ide//RDS/V3.2.3/toolchains/nds32le-elf-mculib-v5f/riscv32-elf/include" -O3 -mcmodel=medium -flto -Wall -mcpu=d25f -ffunction-sections -fdata-sections -mext-dsp -mabi=ilp32f -c -fmessage-length=0 -Wl,--gc-sections -fshort-wchar -fno-strict-aliasing -fomit-frame-pointer -fshort-enums -MMD -MP -MF"drivers/gpio.d" -MT"drivers/gpio.d drivers/gpio.o" -o "drivers/gpio.o" "../drivers/gpio.c"
Finished building: ../drivers/gpio.c
 
Building file: ../drivers/i2c.c
Invoking: Andes C Compiler
riscv32-elf-gcc -DMCU_STARTUP_FLASH=1 -DMCU_CORE_B91=1 -I"/cygdrive/C/Users/SwaminathanK/Desktop/Thesis/DSP Library/NMSIS-master/NMSIS/NMSIS/DSP/Include" -I"/cygdrive/C/Users/SwaminathanK/Desktop/Thesis/DSP Library/NMSIS-master/NMSIS/NMSIS/NN/Include" -I"/cygdrive/C/Users/SwaminathanK/Desktop/Thesis/DSP Library/NMSIS-master/NMSIS/NMSIS/Core/Include" -I"/cygdrive/C/Users/SwaminathanK/Workspace-Ande3/RV_NN_Convolution_Benchmark/drivers" -I"/cygdrive/C/Users/SwaminathanK/Workspace-Ande3/RV_NN_Convolution_Benchmark/drivers/reg_include" -I"/cygdrive/C/Users/SwaminathanK/Workspace-Ande3/RV_NN_Convolution_Benchmark/vendor/common/flash" -I"/cygdrive/C/Users/SwaminathanK/Workspace-Ande3/RV_NN_Convolution_Benchmark/vendor/common/calibration" -I"/cygdrive/C/Users/SwaminathanK/Workspace-Ande3/RV_NN_Convolution_Benchmark/common" -I"/cygdrive/C/Users/SwaminathanK/Workspace-Ande3/RV_NN_Convolution_Benchmark/vendor/common" -I"/cygdrive/C/Users/SwaminathanK/Downloads/Telink_IDE/ide//RDS/V3.2.3/toolchains/nds32le-elf-mculib-v5f/lib/gcc/riscv32-elf/7.4.0/include" -I"/cygdrive/C/Users/SwaminathanK/Downloads/Telink_IDE/ide//RDS/V3.2.3/toolchains/nds32le-elf-mculib-v5f/riscv32-elf/include" -O3 -mcmodel=medium -flto -Wall -mcpu=d25f -ffunction-sections -fdata-sections -mext-dsp -mabi=ilp32f -c -fmessage-length=0 -Wl,--gc-sections -fshort-wchar -fno-strict-aliasing -fomit-frame-pointer -fshort-enums -MMD -MP -MF"drivers/i2c.d" -MT"drivers/i2c.d drivers/i2c.o" -o "drivers/i2c.o" "../drivers/i2c.c"
Finished building: ../drivers/i2c.c
 
Building file: ../drivers/lpc.c
Invoking: Andes C Compiler
riscv32-elf-gcc -DMCU_STARTUP_FLASH=1 -DMCU_CORE_B91=1 -I"/cygdrive/C/Users/SwaminathanK/Desktop/Thesis/DSP Library/NMSIS-master/NMSIS/NMSIS/DSP/Include" -I"/cygdrive/C/Users/SwaminathanK/Desktop/Thesis/DSP Library/NMSIS-master/NMSIS/NMSIS/NN/Include" -I"/cygdrive/C/Users/SwaminathanK/Desktop/Thesis/DSP Library/NMSIS-master/NMSIS/NMSIS/Core/Include" -I"/cygdrive/C/Users/SwaminathanK/Workspace-Ande3/RV_NN_Convolution_Benchmark/drivers" -I"/cygdrive/C/Users/SwaminathanK/Workspace-Ande3/RV_NN_Convolution_Benchmark/drivers/reg_include" -I"/cygdrive/C/Users/SwaminathanK/Workspace-Ande3/RV_NN_Convolution_Benchmark/vendor/common/flash" -I"/cygdrive/C/Users/SwaminathanK/Workspace-Ande3/RV_NN_Convolution_Benchmark/vendor/common/calibration" -I"/cygdrive/C/Users/SwaminathanK/Workspace-Ande3/RV_NN_Convolution_Benchmark/common" -I"/cygdrive/C/Users/SwaminathanK/Workspace-Ande3/RV_NN_Convolution_Benchmark/vendor/common" -I"/cygdrive/C/Users/SwaminathanK/Downloads/Telink_IDE/ide//RDS/V3.2.3/toolchains/nds32le-elf-mculib-v5f/lib/gcc/riscv32-elf/7.4.0/include" -I"/cygdrive/C/Users/SwaminathanK/Downloads/Telink_IDE/ide//RDS/V3.2.3/toolchains/nds32le-elf-mculib-v5f/riscv32-elf/include" -O3 -mcmodel=medium -flto -Wall -mcpu=d25f -ffunction-sections -fdata-sections -mext-dsp -mabi=ilp32f -c -fmessage-length=0 -Wl,--gc-sections -fshort-wchar -fno-strict-aliasing -fomit-frame-pointer -fshort-enums -MMD -MP -MF"drivers/lpc.d" -MT"drivers/lpc.d drivers/lpc.o" -o "drivers/lpc.o" "../drivers/lpc.c"
Finished building: ../drivers/lpc.c
 
Building file: ../drivers/mdec.c
Invoking: Andes C Compiler
riscv32-elf-gcc -DMCU_STARTUP_FLASH=1 -DMCU_CORE_B91=1 -I"/cygdrive/C/Users/SwaminathanK/Desktop/Thesis/DSP Library/NMSIS-master/NMSIS/NMSIS/DSP/Include" -I"/cygdrive/C/Users/SwaminathanK/Desktop/Thesis/DSP Library/NMSIS-master/NMSIS/NMSIS/NN/Include" -I"/cygdrive/C/Users/SwaminathanK/Desktop/Thesis/DSP Library/NMSIS-master/NMSIS/NMSIS/Core/Include" -I"/cygdrive/C/Users/SwaminathanK/Workspace-Ande3/RV_NN_Convolution_Benchmark/drivers" -I"/cygdrive/C/Users/SwaminathanK/Workspace-Ande3/RV_NN_Convolution_Benchmark/drivers/reg_include" -I"/cygdrive/C/Users/SwaminathanK/Workspace-Ande3/RV_NN_Convolution_Benchmark/vendor/common/flash" -I"/cygdrive/C/Users/SwaminathanK/Workspace-Ande3/RV_NN_Convolution_Benchmark/vendor/common/calibration" -I"/cygdrive/C/Users/SwaminathanK/Workspace-Ande3/RV_NN_Convolution_Benchmark/common" -I"/cygdrive/C/Users/SwaminathanK/Workspace-Ande3/RV_NN_Convolution_Benchmark/vendor/common" -I"/cygdrive/C/Users/SwaminathanK/Downloads/Telink_IDE/ide//RDS/V3.2.3/toolchains/nds32le-elf-mculib-v5f/lib/gcc/riscv32-elf/7.4.0/include" -I"/cygdrive/C/Users/SwaminathanK/Downloads/Telink_IDE/ide//RDS/V3.2.3/toolchains/nds32le-elf-mculib-v5f/riscv32-elf/include" -O3 -mcmodel=medium -flto -Wall -mcpu=d25f -ffunction-sections -fdata-sections -mext-dsp -mabi=ilp32f -c -fmessage-length=0 -Wl,--gc-sections -fshort-wchar -fno-strict-aliasing -fomit-frame-pointer -fshort-enums -MMD -MP -MF"drivers/mdec.d" -MT"drivers/mdec.d drivers/mdec.o" -o "drivers/mdec.o" "../drivers/mdec.c"
Finished building: ../drivers/mdec.c
 
Building file: ../drivers/plmt.c
Invoking: Andes C Compiler
riscv32-elf-gcc -DMCU_STARTUP_FLASH=1 -DMCU_CORE_B91=1 -I"/cygdrive/C/Users/SwaminathanK/Desktop/Thesis/DSP Library/NMSIS-master/NMSIS/NMSIS/DSP/Include" -I"/cygdrive/C/Users/SwaminathanK/Desktop/Thesis/DSP Library/NMSIS-master/NMSIS/NMSIS/NN/Include" -I"/cygdrive/C/Users/SwaminathanK/Desktop/Thesis/DSP Library/NMSIS-master/NMSIS/NMSIS/Core/Include" -I"/cygdrive/C/Users/SwaminathanK/Workspace-Ande3/RV_NN_Convolution_Benchmark/drivers" -I"/cygdrive/C/Users/SwaminathanK/Workspace-Ande3/RV_NN_Convolution_Benchmark/drivers/reg_include" -I"/cygdrive/C/Users/SwaminathanK/Workspace-Ande3/RV_NN_Convolution_Benchmark/vendor/common/flash" -I"/cygdrive/C/Users/SwaminathanK/Workspace-Ande3/RV_NN_Convolution_Benchmark/vendor/common/calibration" -I"/cygdrive/C/Users/SwaminathanK/Workspace-Ande3/RV_NN_Convolution_Benchmark/common" -I"/cygdrive/C/Users/SwaminathanK/Workspace-Ande3/RV_NN_Convolution_Benchmark/vendor/common" -I"/cygdrive/C/Users/SwaminathanK/Downloads/Telink_IDE/ide//RDS/V3.2.3/toolchains/nds32le-elf-mculib-v5f/lib/gcc/riscv32-elf/7.4.0/include" -I"/cygdrive/C/Users/SwaminathanK/Downloads/Telink_IDE/ide//RDS/V3.2.3/toolchains/nds32le-elf-mculib-v5f/riscv32-elf/include" -O3 -mcmodel=medium -flto -Wall -mcpu=d25f -ffunction-sections -fdata-sections -mext-dsp -mabi=ilp32f -c -fmessage-length=0 -Wl,--gc-sections -fshort-wchar -fno-strict-aliasing -fomit-frame-pointer -fshort-enums -MMD -MP -MF"drivers/plmt.d" -MT"drivers/plmt.d drivers/plmt.o" -o "drivers/plmt.o" "../drivers/plmt.c"
Finished building: ../drivers/plmt.c
 
Building file: ../drivers/pwm.c
Invoking: Andes C Compiler
riscv32-elf-gcc -DMCU_STARTUP_FLASH=1 -DMCU_CORE_B91=1 -I"/cygdrive/C/Users/SwaminathanK/Desktop/Thesis/DSP Library/NMSIS-master/NMSIS/NMSIS/DSP/Include" -I"/cygdrive/C/Users/SwaminathanK/Desktop/Thesis/DSP Library/NMSIS-master/NMSIS/NMSIS/NN/Include" -I"/cygdrive/C/Users/SwaminathanK/Desktop/Thesis/DSP Library/NMSIS-master/NMSIS/NMSIS/Core/Include" -I"/cygdrive/C/Users/SwaminathanK/Workspace-Ande3/RV_NN_Convolution_Benchmark/drivers" -I"/cygdrive/C/Users/SwaminathanK/Workspace-Ande3/RV_NN_Convolution_Benchmark/drivers/reg_include" -I"/cygdrive/C/Users/SwaminathanK/Workspace-Ande3/RV_NN_Convolution_Benchmark/vendor/common/flash" -I"/cygdrive/C/Users/SwaminathanK/Workspace-Ande3/RV_NN_Convolution_Benchmark/vendor/common/calibration" -I"/cygdrive/C/Users/SwaminathanK/Workspace-Ande3/RV_NN_Convolution_Benchmark/common" -I"/cygdrive/C/Users/SwaminathanK/Workspace-Ande3/RV_NN_Convolution_Benchmark/vendor/common" -I"/cygdrive/C/Users/SwaminathanK/Downloads/Telink_IDE/ide//RDS/V3.2.3/toolchains/nds32le-elf-mculib-v5f/lib/gcc/riscv32-elf/7.4.0/include" -I"/cygdrive/C/Users/SwaminathanK/Downloads/Telink_IDE/ide//RDS/V3.2.3/toolchains/nds32le-elf-mculib-v5f/riscv32-elf/include" -O3 -mcmodel=medium -flto -Wall -mcpu=d25f -ffunction-sections -fdata-sections -mext-dsp -mabi=ilp32f -c -fmessage-length=0 -Wl,--gc-sections -fshort-wchar -fno-strict-aliasing -fomit-frame-pointer -fshort-enums -MMD -MP -MF"drivers/pwm.d" -MT"drivers/pwm.d drivers/pwm.o" -o "drivers/pwm.o" "../drivers/pwm.c"
Finished building: ../drivers/pwm.c
 
Building file: ../drivers/s7816.c
Invoking: Andes C Compiler
riscv32-elf-gcc -DMCU_STARTUP_FLASH=1 -DMCU_CORE_B91=1 -I"/cygdrive/C/Users/SwaminathanK/Desktop/Thesis/DSP Library/NMSIS-master/NMSIS/NMSIS/DSP/Include" -I"/cygdrive/C/Users/SwaminathanK/Desktop/Thesis/DSP Library/NMSIS-master/NMSIS/NMSIS/NN/Include" -I"/cygdrive/C/Users/SwaminathanK/Desktop/Thesis/DSP Library/NMSIS-master/NMSIS/NMSIS/Core/Include" -I"/cygdrive/C/Users/SwaminathanK/Workspace-Ande3/RV_NN_Convolution_Benchmark/drivers" -I"/cygdrive/C/Users/SwaminathanK/Workspace-Ande3/RV_NN_Convolution_Benchmark/drivers/reg_include" -I"/cygdrive/C/Users/SwaminathanK/Workspace-Ande3/RV_NN_Convolution_Benchmark/vendor/common/flash" -I"/cygdrive/C/Users/SwaminathanK/Workspace-Ande3/RV_NN_Convolution_Benchmark/vendor/common/calibration" -I"/cygdrive/C/Users/SwaminathanK/Workspace-Ande3/RV_NN_Convolution_Benchmark/common" -I"/cygdrive/C/Users/SwaminathanK/Workspace-Ande3/RV_NN_Convolution_Benchmark/vendor/common" -I"/cygdrive/C/Users/SwaminathanK/Downloads/Telink_IDE/ide//RDS/V3.2.3/toolchains/nds32le-elf-mculib-v5f/lib/gcc/riscv32-elf/7.4.0/include" -I"/cygdrive/C/Users/SwaminathanK/Downloads/Telink_IDE/ide//RDS/V3.2.3/toolchains/nds32le-elf-mculib-v5f/riscv32-elf/include" -O3 -mcmodel=medium -flto -Wall -mcpu=d25f -ffunction-sections -fdata-sections -mext-dsp -mabi=ilp32f -c -fmessage-length=0 -Wl,--gc-sections -fshort-wchar -fno-strict-aliasing -fomit-frame-pointer -fshort-enums -MMD -MP -MF"drivers/s7816.d" -MT"drivers/s7816.d drivers/s7816.o" -o "drivers/s7816.o" "../drivers/s7816.c"
Finished building: ../drivers/s7816.c
 
Building file: ../drivers/spi.c
Invoking: Andes C Compiler
riscv32-elf-gcc -DMCU_STARTUP_FLASH=1 -DMCU_CORE_B91=1 -I"/cygdrive/C/Users/SwaminathanK/Desktop/Thesis/DSP Library/NMSIS-master/NMSIS/NMSIS/DSP/Include" -I"/cygdrive/C/Users/SwaminathanK/Desktop/Thesis/DSP Library/NMSIS-master/NMSIS/NMSIS/NN/Include" -I"/cygdrive/C/Users/SwaminathanK/Desktop/Thesis/DSP Library/NMSIS-master/NMSIS/NMSIS/Core/Include" -I"/cygdrive/C/Users/SwaminathanK/Workspace-Ande3/RV_NN_Convolution_Benchmark/drivers" -I"/cygdrive/C/Users/SwaminathanK/Workspace-Ande3/RV_NN_Convolution_Benchmark/drivers/reg_include" -I"/cygdrive/C/Users/SwaminathanK/Workspace-Ande3/RV_NN_Convolution_Benchmark/vendor/common/flash" -I"/cygdrive/C/Users/SwaminathanK/Workspace-Ande3/RV_NN_Convolution_Benchmark/vendor/common/calibration" -I"/cygdrive/C/Users/SwaminathanK/Workspace-Ande3/RV_NN_Convolution_Benchmark/common" -I"/cygdrive/C/Users/SwaminathanK/Workspace-Ande3/RV_NN_Convolution_Benchmark/vendor/common" -I"/cygdrive/C/Users/SwaminathanK/Downloads/Telink_IDE/ide//RDS/V3.2.3/toolchains/nds32le-elf-mculib-v5f/lib/gcc/riscv32-elf/7.4.0/include" -I"/cygdrive/C/Users/SwaminathanK/Downloads/Telink_IDE/ide//RDS/V3.2.3/toolchains/nds32le-elf-mculib-v5f/riscv32-elf/include" -O3 -mcmodel=medium -flto -Wall -mcpu=d25f -ffunction-sections -fdata-sections -mext-dsp -mabi=ilp32f -c -fmessage-length=0 -Wl,--gc-sections -fshort-wchar -fno-strict-aliasing -fomit-frame-pointer -fshort-enums -MMD -MP -MF"drivers/spi.d" -MT"drivers/spi.d drivers/spi.o" -o "drivers/spi.o" "../drivers/spi.c"
Finished building: ../drivers/spi.c
 
Building file: ../drivers/stimer.c
Invoking: Andes C Compiler
riscv32-elf-gcc -DMCU_STARTUP_FLASH=1 -DMCU_CORE_B91=1 -I"/cygdrive/C/Users/SwaminathanK/Desktop/Thesis/DSP Library/NMSIS-master/NMSIS/NMSIS/DSP/Include" -I"/cygdrive/C/Users/SwaminathanK/Desktop/Thesis/DSP Library/NMSIS-master/NMSIS/NMSIS/NN/Include" -I"/cygdrive/C/Users/SwaminathanK/Desktop/Thesis/DSP Library/NMSIS-master/NMSIS/NMSIS/Core/Include" -I"/cygdrive/C/Users/SwaminathanK/Workspace-Ande3/RV_NN_Convolution_Benchmark/drivers" -I"/cygdrive/C/Users/SwaminathanK/Workspace-Ande3/RV_NN_Convolution_Benchmark/drivers/reg_include" -I"/cygdrive/C/Users/SwaminathanK/Workspace-Ande3/RV_NN_Convolution_Benchmark/vendor/common/flash" -I"/cygdrive/C/Users/SwaminathanK/Workspace-Ande3/RV_NN_Convolution_Benchmark/vendor/common/calibration" -I"/cygdrive/C/Users/SwaminathanK/Workspace-Ande3/RV_NN_Convolution_Benchmark/common" -I"/cygdrive/C/Users/SwaminathanK/Workspace-Ande3/RV_NN_Convolution_Benchmark/vendor/common" -I"/cygdrive/C/Users/SwaminathanK/Downloads/Telink_IDE/ide//RDS/V3.2.3/toolchains/nds32le-elf-mculib-v5f/lib/gcc/riscv32-elf/7.4.0/include" -I"/cygdrive/C/Users/SwaminathanK/Downloads/Telink_IDE/ide//RDS/V3.2.3/toolchains/nds32le-elf-mculib-v5f/riscv32-elf/include" -O3 -mcmodel=medium -flto -Wall -mcpu=d25f -ffunction-sections -fdata-sections -mext-dsp -mabi=ilp32f -c -fmessage-length=0 -Wl,--gc-sections -fshort-wchar -fno-strict-aliasing -fomit-frame-pointer -fshort-enums -MMD -MP -MF"drivers/stimer.d" -MT"drivers/stimer.d drivers/stimer.o" -o "drivers/stimer.o" "../drivers/stimer.c"
Finished building: ../drivers/stimer.c
 
Building file: ../drivers/timer.c
Invoking: Andes C Compiler
riscv32-elf-gcc -DMCU_STARTUP_FLASH=1 -DMCU_CORE_B91=1 -I"/cygdrive/C/Users/SwaminathanK/Desktop/Thesis/DSP Library/NMSIS-master/NMSIS/NMSIS/DSP/Include" -I"/cygdrive/C/Users/SwaminathanK/Desktop/Thesis/DSP Library/NMSIS-master/NMSIS/NMSIS/NN/Include" -I"/cygdrive/C/Users/SwaminathanK/Desktop/Thesis/DSP Library/NMSIS-master/NMSIS/NMSIS/Core/Include" -I"/cygdrive/C/Users/SwaminathanK/Workspace-Ande3/RV_NN_Convolution_Benchmark/drivers" -I"/cygdrive/C/Users/SwaminathanK/Workspace-Ande3/RV_NN_Convolution_Benchmark/drivers/reg_include" -I"/cygdrive/C/Users/SwaminathanK/Workspace-Ande3/RV_NN_Convolution_Benchmark/vendor/common/flash" -I"/cygdrive/C/Users/SwaminathanK/Workspace-Ande3/RV_NN_Convolution_Benchmark/vendor/common/calibration" -I"/cygdrive/C/Users/SwaminathanK/Workspace-Ande3/RV_NN_Convolution_Benchmark/common" -I"/cygdrive/C/Users/SwaminathanK/Workspace-Ande3/RV_NN_Convolution_Benchmark/vendor/common" -I"/cygdrive/C/Users/SwaminathanK/Downloads/Telink_IDE/ide//RDS/V3.2.3/toolchains/nds32le-elf-mculib-v5f/lib/gcc/riscv32-elf/7.4.0/include" -I"/cygdrive/C/Users/SwaminathanK/Downloads/Telink_IDE/ide//RDS/V3.2.3/toolchains/nds32le-elf-mculib-v5f/riscv32-elf/include" -O3 -mcmodel=medium -flto -Wall -mcpu=d25f -ffunction-sections -fdata-sections -mext-dsp -mabi=ilp32f -c -fmessage-length=0 -Wl,--gc-sections -fshort-wchar -fno-strict-aliasing -fomit-frame-pointer -fshort-enums -MMD -MP -MF"drivers/timer.d" -MT"drivers/timer.d drivers/timer.o" -o "drivers/timer.o" "../drivers/timer.c"
Finished building: ../drivers/timer.c
 
Building file: ../drivers/uart.c
Invoking: Andes C Compiler
riscv32-elf-gcc -DMCU_STARTUP_FLASH=1 -DMCU_CORE_B91=1 -I"/cygdrive/C/Users/SwaminathanK/Desktop/Thesis/DSP Library/NMSIS-master/NMSIS/NMSIS/DSP/Include" -I"/cygdrive/C/Users/SwaminathanK/Desktop/Thesis/DSP Library/NMSIS-master/NMSIS/NMSIS/NN/Include" -I"/cygdrive/C/Users/SwaminathanK/Desktop/Thesis/DSP Library/NMSIS-master/NMSIS/NMSIS/Core/Include" -I"/cygdrive/C/Users/SwaminathanK/Workspace-Ande3/RV_NN_Convolution_Benchmark/drivers" -I"/cygdrive/C/Users/SwaminathanK/Workspace-Ande3/RV_NN_Convolution_Benchmark/drivers/reg_include" -I"/cygdrive/C/Users/SwaminathanK/Workspace-Ande3/RV_NN_Convolution_Benchmark/vendor/common/flash" -I"/cygdrive/C/Users/SwaminathanK/Workspace-Ande3/RV_NN_Convolution_Benchmark/vendor/common/calibration" -I"/cygdrive/C/Users/SwaminathanK/Workspace-Ande3/RV_NN_Convolution_Benchmark/common" -I"/cygdrive/C/Users/SwaminathanK/Workspace-Ande3/RV_NN_Convolution_Benchmark/vendor/common" -I"/cygdrive/C/Users/SwaminathanK/Downloads/Telink_IDE/ide//RDS/V3.2.3/toolchains/nds32le-elf-mculib-v5f/lib/gcc/riscv32-elf/7.4.0/include" -I"/cygdrive/C/Users/SwaminathanK/Downloads/Telink_IDE/ide//RDS/V3.2.3/toolchains/nds32le-elf-mculib-v5f/riscv32-elf/include" -O3 -mcmodel=medium -flto -Wall -mcpu=d25f -ffunction-sections -fdata-sections -mext-dsp -mabi=ilp32f -c -fmessage-length=0 -Wl,--gc-sections -fshort-wchar -fno-strict-aliasing -fomit-frame-pointer -fshort-enums -MMD -MP -MF"drivers/uart.d" -MT"drivers/uart.d drivers/uart.o" -o "drivers/uart.o" "../drivers/uart.c"
Finished building: ../drivers/uart.c
 
Building file: ../drivers/usbhw.c
Invoking: Andes C Compiler
riscv32-elf-gcc -DMCU_STARTUP_FLASH=1 -DMCU_CORE_B91=1 -I"/cygdrive/C/Users/SwaminathanK/Desktop/Thesis/DSP Library/NMSIS-master/NMSIS/NMSIS/DSP/Include" -I"/cygdrive/C/Users/SwaminathanK/Desktop/Thesis/DSP Library/NMSIS-master/NMSIS/NMSIS/NN/Include" -I"/cygdrive/C/Users/SwaminathanK/Desktop/Thesis/DSP Library/NMSIS-master/NMSIS/NMSIS/Core/Include" -I"/cygdrive/C/Users/SwaminathanK/Workspace-Ande3/RV_NN_Convolution_Benchmark/drivers" -I"/cygdrive/C/Users/SwaminathanK/Workspace-Ande3/RV_NN_Convolution_Benchmark/drivers/reg_include" -I"/cygdrive/C/Users/SwaminathanK/Workspace-Ande3/RV_NN_Convolution_Benchmark/vendor/common/flash" -I"/cygdrive/C/Users/SwaminathanK/Workspace-Ande3/RV_NN_Convolution_Benchmark/vendor/common/calibration" -I"/cygdrive/C/Users/SwaminathanK/Workspace-Ande3/RV_NN_Convolution_Benchmark/common" -I"/cygdrive/C/Users/SwaminathanK/Workspace-Ande3/RV_NN_Convolution_Benchmark/vendor/common" -I"/cygdrive/C/Users/SwaminathanK/Downloads/Telink_IDE/ide//RDS/V3.2.3/toolchains/nds32le-elf-mculib-v5f/lib/gcc/riscv32-elf/7.4.0/include" -I"/cygdrive/C/Users/SwaminathanK/Downloads/Telink_IDE/ide//RDS/V3.2.3/toolchains/nds32le-elf-mculib-v5f/riscv32-elf/include" -O3 -mcmodel=medium -flto -Wall -mcpu=d25f -ffunction-sections -fdata-sections -mext-dsp -mabi=ilp32f -c -fmessage-length=0 -Wl,--gc-sections -fshort-wchar -fno-strict-aliasing -fomit-frame-pointer -fshort-enums -MMD -MP -MF"drivers/usbhw.d" -MT"drivers/usbhw.d drivers/usbhw.o" -o "drivers/usbhw.o" "../drivers/usbhw.c"
Finished building: ../drivers/usbhw.c
 
Building file: ../drivers/flash/flash_mid146085.c
Invoking: Andes C Compiler
riscv32-elf-gcc -DMCU_STARTUP_FLASH=1 -DMCU_CORE_B91=1 -I"/cygdrive/C/Users/SwaminathanK/Desktop/Thesis/DSP Library/NMSIS-master/NMSIS/NMSIS/DSP/Include" -I"/cygdrive/C/Users/SwaminathanK/Desktop/Thesis/DSP Library/NMSIS-master/NMSIS/NMSIS/NN/Include" -I"/cygdrive/C/Users/SwaminathanK/Desktop/Thesis/DSP Library/NMSIS-master/NMSIS/NMSIS/Core/Include" -I"/cygdrive/C/Users/SwaminathanK/Workspace-Ande3/RV_NN_Convolution_Benchmark/drivers" -I"/cygdrive/C/Users/SwaminathanK/Workspace-Ande3/RV_NN_Convolution_Benchmark/drivers/reg_include" -I"/cygdrive/C/Users/SwaminathanK/Workspace-Ande3/RV_NN_Convolution_Benchmark/vendor/common/flash" -I"/cygdrive/C/Users/SwaminathanK/Workspace-Ande3/RV_NN_Convolution_Benchmark/vendor/common/calibration" -I"/cygdrive/C/Users/SwaminathanK/Workspace-Ande3/RV_NN_Convolution_Benchmark/common" -I"/cygdrive/C/Users/SwaminathanK/Workspace-Ande3/RV_NN_Convolution_Benchmark/vendor/common" -I"/cygdrive/C/Users/SwaminathanK/Downloads/Telink_IDE/ide//RDS/V3.2.3/toolchains/nds32le-elf-mculib-v5f/lib/gcc/riscv32-elf/7.4.0/include" -I"/cygdrive/C/Users/SwaminathanK/Downloads/Telink_IDE/ide//RDS/V3.2.3/toolchains/nds32le-elf-mculib-v5f/riscv32-elf/include" -O3 -mcmodel=medium -flto -Wall -mcpu=d25f -ffunction-sections -fdata-sections -mext-dsp -mabi=ilp32f -c -fmessage-length=0 -Wl,--gc-sections -fshort-wchar -fno-strict-aliasing -fomit-frame-pointer -fshort-enums -MMD -MP -MF"drivers/flash/flash_mid146085.d" -MT"drivers/flash/flash_mid146085.d drivers/flash/flash_mid146085.o" -o "drivers/flash/flash_mid146085.o" "../drivers/flash/flash_mid146085.c"
Finished building: ../drivers/flash/flash_mid146085.c
 
Building file: ../drivers/flash/flash_mid156085.c
Invoking: Andes C Compiler
riscv32-elf-gcc -DMCU_STARTUP_FLASH=1 -DMCU_CORE_B91=1 -I"/cygdrive/C/Users/SwaminathanK/Desktop/Thesis/DSP Library/NMSIS-master/NMSIS/NMSIS/DSP/Include" -I"/cygdrive/C/Users/SwaminathanK/Desktop/Thesis/DSP Library/NMSIS-master/NMSIS/NMSIS/NN/Include" -I"/cygdrive/C/Users/SwaminathanK/Desktop/Thesis/DSP Library/NMSIS-master/NMSIS/NMSIS/Core/Include" -I"/cygdrive/C/Users/SwaminathanK/Workspace-Ande3/RV_NN_Convolution_Benchmark/drivers" -I"/cygdrive/C/Users/SwaminathanK/Workspace-Ande3/RV_NN_Convolution_Benchmark/drivers/reg_include" -I"/cygdrive/C/Users/SwaminathanK/Workspace-Ande3/RV_NN_Convolution_Benchmark/vendor/common/flash" -I"/cygdrive/C/Users/SwaminathanK/Workspace-Ande3/RV_NN_Convolution_Benchmark/vendor/common/calibration" -I"/cygdrive/C/Users/SwaminathanK/Workspace-Ande3/RV_NN_Convolution_Benchmark/common" -I"/cygdrive/C/Users/SwaminathanK/Workspace-Ande3/RV_NN_Convolution_Benchmark/vendor/common" -I"/cygdrive/C/Users/SwaminathanK/Downloads/Telink_IDE/ide//RDS/V3.2.3/toolchains/nds32le-elf-mculib-v5f/lib/gcc/riscv32-elf/7.4.0/include" -I"/cygdrive/C/Users/SwaminathanK/Downloads/Telink_IDE/ide//RDS/V3.2.3/toolchains/nds32le-elf-mculib-v5f/riscv32-elf/include" -O3 -mcmodel=medium -flto -Wall -mcpu=d25f -ffunction-sections -fdata-sections -mext-dsp -mabi=ilp32f -c -fmessage-length=0 -Wl,--gc-sections -fshort-wchar -fno-strict-aliasing -fomit-frame-pointer -fshort-enums -MMD -MP -MF"drivers/flash/flash_mid156085.d" -MT"drivers/flash/flash_mid156085.d drivers/flash/flash_mid156085.o" -o "drivers/flash/flash_mid156085.o" "../drivers/flash/flash_mid156085.c"
Finished building: ../drivers/flash/flash_mid156085.c
 
Building file: ../drivers/flash/flash_mid166085.c
Invoking: Andes C Compiler
riscv32-elf-gcc -DMCU_STARTUP_FLASH=1 -DMCU_CORE_B91=1 -I"/cygdrive/C/Users/SwaminathanK/Desktop/Thesis/DSP Library/NMSIS-master/NMSIS/NMSIS/DSP/Include" -I"/cygdrive/C/Users/SwaminathanK/Desktop/Thesis/DSP Library/NMSIS-master/NMSIS/NMSIS/NN/Include" -I"/cygdrive/C/Users/SwaminathanK/Desktop/Thesis/DSP Library/NMSIS-master/NMSIS/NMSIS/Core/Include" -I"/cygdrive/C/Users/SwaminathanK/Workspace-Ande3/RV_NN_Convolution_Benchmark/drivers" -I"/cygdrive/C/Users/SwaminathanK/Workspace-Ande3/RV_NN_Convolution_Benchmark/drivers/reg_include" -I"/cygdrive/C/Users/SwaminathanK/Workspace-Ande3/RV_NN_Convolution_Benchmark/vendor/common/flash" -I"/cygdrive/C/Users/SwaminathanK/Workspace-Ande3/RV_NN_Convolution_Benchmark/vendor/common/calibration" -I"/cygdrive/C/Users/SwaminathanK/Workspace-Ande3/RV_NN_Convolution_Benchmark/common" -I"/cygdrive/C/Users/SwaminathanK/Workspace-Ande3/RV_NN_Convolution_Benchmark/vendor/common" -I"/cygdrive/C/Users/SwaminathanK/Downloads/Telink_IDE/ide//RDS/V3.2.3/toolchains/nds32le-elf-mculib-v5f/lib/gcc/riscv32-elf/7.4.0/include" -I"/cygdrive/C/Users/SwaminathanK/Downloads/Telink_IDE/ide//RDS/V3.2.3/toolchains/nds32le-elf-mculib-v5f/riscv32-elf/include" -O3 -mcmodel=medium -flto -Wall -mcpu=d25f -ffunction-sections -fdata-sections -mext-dsp -mabi=ilp32f -c -fmessage-length=0 -Wl,--gc-sections -fshort-wchar -fno-strict-aliasing -fomit-frame-pointer -fshort-enums -MMD -MP -MF"drivers/flash/flash_mid166085.d" -MT"drivers/flash/flash_mid166085.d drivers/flash/flash_mid166085.o" -o "drivers/flash/flash_mid166085.o" "../drivers/flash/flash_mid166085.c"
Finished building: ../drivers/flash/flash_mid166085.c
 
Building file: ../vendor/common/auto_test/pc_interface.c
Invoking: Andes C Compiler
riscv32-elf-gcc -DMCU_STARTUP_FLASH=1 -DMCU_CORE_B91=1 -I"/cygdrive/C/Users/SwaminathanK/Desktop/Thesis/DSP Library/NMSIS-master/NMSIS/NMSIS/DSP/Include" -I"/cygdrive/C/Users/SwaminathanK/Desktop/Thesis/DSP Library/NMSIS-master/NMSIS/NMSIS/NN/Include" -I"/cygdrive/C/Users/SwaminathanK/Desktop/Thesis/DSP Library/NMSIS-master/NMSIS/NMSIS/Core/Include" -I"/cygdrive/C/Users/SwaminathanK/Workspace-Ande3/RV_NN_Convolution_Benchmark/drivers" -I"/cygdrive/C/Users/SwaminathanK/Workspace-Ande3/RV_NN_Convolution_Benchmark/drivers/reg_include" -I"/cygdrive/C/Users/SwaminathanK/Workspace-Ande3/RV_NN_Convolution_Benchmark/vendor/common/flash" -I"/cygdrive/C/Users/SwaminathanK/Workspace-Ande3/RV_NN_Convolution_Benchmark/vendor/common/calibration" -I"/cygdrive/C/Users/SwaminathanK/Workspace-Ande3/RV_NN_Convolution_Benchmark/common" -I"/cygdrive/C/Users/SwaminathanK/Workspace-Ande3/RV_NN_Convolution_Benchmark/vendor/common" -I"/cygdrive/C/Users/SwaminathanK/Downloads/Telink_IDE/ide//RDS/V3.2.3/toolchains/nds32le-elf-mculib-v5f/lib/gcc/riscv32-elf/7.4.0/include" -I"/cygdrive/C/Users/SwaminathanK/Downloads/Telink_IDE/ide//RDS/V3.2.3/toolchains/nds32le-elf-mculib-v5f/riscv32-elf/include" -O3 -mcmodel=medium -flto -Wall -mcpu=d25f -ffunction-sections -fdata-sections -mext-dsp -mabi=ilp32f -c -fmessage-length=0 -Wl,--gc-sections -fshort-wchar -fno-strict-aliasing -fomit-frame-pointer -fshort-enums -MMD -MP -MF"vendor/common/auto_test/pc_interface.d" -MT"vendor/common/auto_test/pc_interface.d vendor/common/auto_test/pc_interface.o" -o "vendor/common/auto_test/pc_interface.o" "../vendor/common/auto_test/pc_interface.c"
Finished building: ../vendor/common/auto_test/pc_interface.c
 
Building file: ../vendor/common/calibration/calibration.c
Invoking: Andes C Compiler
riscv32-elf-gcc -DMCU_STARTUP_FLASH=1 -DMCU_CORE_B91=1 -I"/cygdrive/C/Users/SwaminathanK/Desktop/Thesis/DSP Library/NMSIS-master/NMSIS/NMSIS/DSP/Include" -I"/cygdrive/C/Users/SwaminathanK/Desktop/Thesis/DSP Library/NMSIS-master/NMSIS/NMSIS/NN/Include" -I"/cygdrive/C/Users/SwaminathanK/Desktop/Thesis/DSP Library/NMSIS-master/NMSIS/NMSIS/Core/Include" -I"/cygdrive/C/Users/SwaminathanK/Workspace-Ande3/RV_NN_Convolution_Benchmark/drivers" -I"/cygdrive/C/Users/SwaminathanK/Workspace-Ande3/RV_NN_Convolution_Benchmark/drivers/reg_include" -I"/cygdrive/C/Users/SwaminathanK/Workspace-Ande3/RV_NN_Convolution_Benchmark/vendor/common/flash" -I"/cygdrive/C/Users/SwaminathanK/Workspace-Ande3/RV_NN_Convolution_Benchmark/vendor/common/calibration" -I"/cygdrive/C/Users/SwaminathanK/Workspace-Ande3/RV_NN_Convolution_Benchmark/common" -I"/cygdrive/C/Users/SwaminathanK/Workspace-Ande3/RV_NN_Convolution_Benchmark/vendor/common" -I"/cygdrive/C/Users/SwaminathanK/Downloads/Telink_IDE/ide//RDS/V3.2.3/toolchains/nds32le-elf-mculib-v5f/lib/gcc/riscv32-elf/7.4.0/include" -I"/cygdrive/C/Users/SwaminathanK/Downloads/Telink_IDE/ide//RDS/V3.2.3/toolchains/nds32le-elf-mculib-v5f/riscv32-elf/include" -O3 -mcmodel=medium -flto -Wall -mcpu=d25f -ffunction-sections -fdata-sections -mext-dsp -mabi=ilp32f -c -fmessage-length=0 -Wl,--gc-sections -fshort-wchar -fno-strict-aliasing -fomit-frame-pointer -fshort-enums -MMD -MP -MF"vendor/common/calibration/calibration.d" -MT"vendor/common/calibration/calibration.d vendor/common/calibration/calibration.o" -o "vendor/common/calibration/calibration.o" "../vendor/common/calibration/calibration.c"
Finished building: ../vendor/common/calibration/calibration.c
 
Building file: ../vendor/common/common.c
Invoking: Andes C Compiler
riscv32-elf-gcc -DMCU_STARTUP_FLASH=1 -DMCU_CORE_B91=1 -I"/cygdrive/C/Users/SwaminathanK/Desktop/Thesis/DSP Library/NMSIS-master/NMSIS/NMSIS/DSP/Include" -I"/cygdrive/C/Users/SwaminathanK/Desktop/Thesis/DSP Library/NMSIS-master/NMSIS/NMSIS/NN/Include" -I"/cygdrive/C/Users/SwaminathanK/Desktop/Thesis/DSP Library/NMSIS-master/NMSIS/NMSIS/Core/Include" -I"/cygdrive/C/Users/SwaminathanK/Workspace-Ande3/RV_NN_Convolution_Benchmark/drivers" -I"/cygdrive/C/Users/SwaminathanK/Workspace-Ande3/RV_NN_Convolution_Benchmark/drivers/reg_include" -I"/cygdrive/C/Users/SwaminathanK/Workspace-Ande3/RV_NN_Convolution_Benchmark/vendor/common/flash" -I"/cygdrive/C/Users/SwaminathanK/Workspace-Ande3/RV_NN_Convolution_Benchmark/vendor/common/calibration" -I"/cygdrive/C/Users/SwaminathanK/Workspace-Ande3/RV_NN_Convolution_Benchmark/common" -I"/cygdrive/C/Users/SwaminathanK/Workspace-Ande3/RV_NN_Convolution_Benchmark/vendor/common" -I"/cygdrive/C/Users/SwaminathanK/Downloads/Telink_IDE/ide//RDS/V3.2.3/toolchains/nds32le-elf-mculib-v5f/lib/gcc/riscv32-elf/7.4.0/include" -I"/cygdrive/C/Users/SwaminathanK/Downloads/Telink_IDE/ide//RDS/V3.2.3/toolchains/nds32le-elf-mculib-v5f/riscv32-elf/include" -O3 -mcmodel=medium -flto -Wall -mcpu=d25f -ffunction-sections -fdata-sections -mext-dsp -mabi=ilp32f -c -fmessage-length=0 -Wl,--gc-sections -fshort-wchar -fno-strict-aliasing -fomit-frame-pointer -fshort-enums -MMD -MP -MF"vendor/common/common.d" -MT"vendor/common/common.d vendor/common/common.o" -o "vendor/common/common.o" "../vendor/common/common.c"
Finished building: ../vendor/common/common.c
 
Building file: ../vendor/common/exception.c
Invoking: Andes C Compiler
riscv32-elf-gcc -DMCU_STARTUP_FLASH=1 -DMCU_CORE_B91=1 -I"/cygdrive/C/Users/SwaminathanK/Desktop/Thesis/DSP Library/NMSIS-master/NMSIS/NMSIS/DSP/Include" -I"/cygdrive/C/Users/SwaminathanK/Desktop/Thesis/DSP Library/NMSIS-master/NMSIS/NMSIS/NN/Include" -I"/cygdrive/C/Users/SwaminathanK/Desktop/Thesis/DSP Library/NMSIS-master/NMSIS/NMSIS/Core/Include" -I"/cygdrive/C/Users/SwaminathanK/Workspace-Ande3/RV_NN_Convolution_Benchmark/drivers" -I"/cygdrive/C/Users/SwaminathanK/Workspace-Ande3/RV_NN_Convolution_Benchmark/drivers/reg_include" -I"/cygdrive/C/Users/SwaminathanK/Workspace-Ande3/RV_NN_Convolution_Benchmark/vendor/common/flash" -I"/cygdrive/C/Users/SwaminathanK/Workspace-Ande3/RV_NN_Convolution_Benchmark/vendor/common/calibration" -I"/cygdrive/C/Users/SwaminathanK/Workspace-Ande3/RV_NN_Convolution_Benchmark/common" -I"/cygdrive/C/Users/SwaminathanK/Workspace-Ande3/RV_NN_Convolution_Benchmark/vendor/common" -I"/cygdrive/C/Users/SwaminathanK/Downloads/Telink_IDE/ide//RDS/V3.2.3/toolchains/nds32le-elf-mculib-v5f/lib/gcc/riscv32-elf/7.4.0/include" -I"/cygdrive/C/Users/SwaminathanK/Downloads/Telink_IDE/ide//RDS/V3.2.3/toolchains/nds32le-elf-mculib-v5f/riscv32-elf/include" -O3 -mcmodel=medium -flto -Wall -mcpu=d25f -ffunction-sections -fdata-sections -mext-dsp -mabi=ilp32f -c -fmessage-length=0 -Wl,--gc-sections -fshort-wchar -fno-strict-aliasing -fomit-frame-pointer -fshort-enums -MMD -MP -MF"vendor/common/exception.d" -MT"vendor/common/exception.d vendor/common/exception.o" -o "vendor/common/exception.o" "../vendor/common/exception.c"
Finished building: ../vendor/common/exception.c
 
Building file: ../vendor/common/printf.c
Invoking: Andes C Compiler
riscv32-elf-gcc -DMCU_STARTUP_FLASH=1 -DMCU_CORE_B91=1 -I"/cygdrive/C/Users/SwaminathanK/Desktop/Thesis/DSP Library/NMSIS-master/NMSIS/NMSIS/DSP/Include" -I"/cygdrive/C/Users/SwaminathanK/Desktop/Thesis/DSP Library/NMSIS-master/NMSIS/NMSIS/NN/Include" -I"/cygdrive/C/Users/SwaminathanK/Desktop/Thesis/DSP Library/NMSIS-master/NMSIS/NMSIS/Core/Include" -I"/cygdrive/C/Users/SwaminathanK/Workspace-Ande3/RV_NN_Convolution_Benchmark/drivers" -I"/cygdrive/C/Users/SwaminathanK/Workspace-Ande3/RV_NN_Convolution_Benchmark/drivers/reg_include" -I"/cygdrive/C/Users/SwaminathanK/Workspace-Ande3/RV_NN_Convolution_Benchmark/vendor/common/flash" -I"/cygdrive/C/Users/SwaminathanK/Workspace-Ande3/RV_NN_Convolution_Benchmark/vendor/common/calibration" -I"/cygdrive/C/Users/SwaminathanK/Workspace-Ande3/RV_NN_Convolution_Benchmark/common" -I"/cygdrive/C/Users/SwaminathanK/Workspace-Ande3/RV_NN_Convolution_Benchmark/vendor/common" -I"/cygdrive/C/Users/SwaminathanK/Downloads/Telink_IDE/ide//RDS/V3.2.3/toolchains/nds32le-elf-mculib-v5f/lib/gcc/riscv32-elf/7.4.0/include" -I"/cygdrive/C/Users/SwaminathanK/Downloads/Telink_IDE/ide//RDS/V3.2.3/toolchains/nds32le-elf-mculib-v5f/riscv32-elf/include" -O3 -mcmodel=medium -flto -Wall -mcpu=d25f -ffunction-sections -fdata-sections -mext-dsp -mabi=ilp32f -c -fmessage-length=0 -Wl,--gc-sections -fshort-wchar -fno-strict-aliasing -fomit-frame-pointer -fshort-enums -MMD -MP -MF"vendor/common/printf.d" -MT"vendor/common/printf.d vendor/common/printf.o" -o "vendor/common/printf.o" "../vendor/common/printf.c"
Finished building: ../vendor/common/printf.c
 
Building file: ../vendor/common/flash/puya_common.c
Invoking: Andes C Compiler
riscv32-elf-gcc -DMCU_STARTUP_FLASH=1 -DMCU_CORE_B91=1 -I"/cygdrive/C/Users/SwaminathanK/Desktop/Thesis/DSP Library/NMSIS-master/NMSIS/NMSIS/DSP/Include" -I"/cygdrive/C/Users/SwaminathanK/Desktop/Thesis/DSP Library/NMSIS-master/NMSIS/NMSIS/NN/Include" -I"/cygdrive/C/Users/SwaminathanK/Desktop/Thesis/DSP Library/NMSIS-master/NMSIS/NMSIS/Core/Include" -I"/cygdrive/C/Users/SwaminathanK/Workspace-Ande3/RV_NN_Convolution_Benchmark/drivers" -I"/cygdrive/C/Users/SwaminathanK/Workspace-Ande3/RV_NN_Convolution_Benchmark/drivers/reg_include" -I"/cygdrive/C/Users/SwaminathanK/Workspace-Ande3/RV_NN_Convolution_Benchmark/vendor/common/flash" -I"/cygdrive/C/Users/SwaminathanK/Workspace-Ande3/RV_NN_Convolution_Benchmark/vendor/common/calibration" -I"/cygdrive/C/Users/SwaminathanK/Workspace-Ande3/RV_NN_Convolution_Benchmark/common" -I"/cygdrive/C/Users/SwaminathanK/Workspace-Ande3/RV_NN_Convolution_Benchmark/vendor/common" -I"/cygdrive/C/Users/SwaminathanK/Downloads/Telink_IDE/ide//RDS/V3.2.3/toolchains/nds32le-elf-mculib-v5f/lib/gcc/riscv32-elf/7.4.0/include" -I"/cygdrive/C/Users/SwaminathanK/Downloads/Telink_IDE/ide//RDS/V3.2.3/toolchains/nds32le-elf-mculib-v5f/riscv32-elf/include" -O3 -mcmodel=medium -flto -Wall -mcpu=d25f -ffunction-sections -fdata-sections -mext-dsp -mabi=ilp32f -c -fmessage-length=0 -Wl,--gc-sections -fshort-wchar -fno-strict-aliasing -fomit-frame-pointer -fshort-enums -MMD -MP -MF"vendor/common/flash/puya_common.d" -MT"vendor/common/flash/puya_common.d vendor/common/flash/puya_common.o" -o "vendor/common/flash/puya_common.o" "../vendor/common/flash/puya_common.c"
Finished building: ../vendor/common/flash/puya_common.c
 
Building file: ../vendor/common/flash/puya_flash_scratch.c
Invoking: Andes C Compiler
riscv32-elf-gcc -DMCU_STARTUP_FLASH=1 -DMCU_CORE_B91=1 -I"/cygdrive/C/Users/SwaminathanK/Desktop/Thesis/DSP Library/NMSIS-master/NMSIS/NMSIS/DSP/Include" -I"/cygdrive/C/Users/SwaminathanK/Desktop/Thesis/DSP Library/NMSIS-master/NMSIS/NMSIS/NN/Include" -I"/cygdrive/C/Users/SwaminathanK/Desktop/Thesis/DSP Library/NMSIS-master/NMSIS/NMSIS/Core/Include" -I"/cygdrive/C/Users/SwaminathanK/Workspace-Ande3/RV_NN_Convolution_Benchmark/drivers" -I"/cygdrive/C/Users/SwaminathanK/Workspace-Ande3/RV_NN_Convolution_Benchmark/drivers/reg_include" -I"/cygdrive/C/Users/SwaminathanK/Workspace-Ande3/RV_NN_Convolution_Benchmark/vendor/common/flash" -I"/cygdrive/C/Users/SwaminathanK/Workspace-Ande3/RV_NN_Convolution_Benchmark/vendor/common/calibration" -I"/cygdrive/C/Users/SwaminathanK/Workspace-Ande3/RV_NN_Convolution_Benchmark/common" -I"/cygdrive/C/Users/SwaminathanK/Workspace-Ande3/RV_NN_Convolution_Benchmark/vendor/common" -I"/cygdrive/C/Users/SwaminathanK/Downloads/Telink_IDE/ide//RDS/V3.2.3/toolchains/nds32le-elf-mculib-v5f/lib/gcc/riscv32-elf/7.4.0/include" -I"/cygdrive/C/Users/SwaminathanK/Downloads/Telink_IDE/ide//RDS/V3.2.3/toolchains/nds32le-elf-mculib-v5f/riscv32-elf/include" -O3 -mcmodel=medium -flto -Wall -mcpu=d25f -ffunction-sections -fdata-sections -mext-dsp -mabi=ilp32f -c -fmessage-length=0 -Wl,--gc-sections -fshort-wchar -fno-strict-aliasing -fomit-frame-pointer -fshort-enums -MMD -MP -MF"vendor/common/flash/puya_flash_scratch.d" -MT"vendor/common/flash/puya_flash_scratch.d vendor/common/flash/puya_flash_scratch.o" -o "vendor/common/flash/puya_flash_scratch.o" "../vendor/common/flash/puya_flash_scratch.c"
Finished building: ../vendor/common/flash/puya_flash_scratch.c
 
Building file: ../vendor/common/flash/puya_flash_trim.c
Invoking: Andes C Compiler
riscv32-elf-gcc -DMCU_STARTUP_FLASH=1 -DMCU_CORE_B91=1 -I"/cygdrive/C/Users/SwaminathanK/Desktop/Thesis/DSP Library/NMSIS-master/NMSIS/NMSIS/DSP/Include" -I"/cygdrive/C/Users/SwaminathanK/Desktop/Thesis/DSP Library/NMSIS-master/NMSIS/NMSIS/NN/Include" -I"/cygdrive/C/Users/SwaminathanK/Desktop/Thesis/DSP Library/NMSIS-master/NMSIS/NMSIS/Core/Include" -I"/cygdrive/C/Users/SwaminathanK/Workspace-Ande3/RV_NN_Convolution_Benchmark/drivers" -I"/cygdrive/C/Users/SwaminathanK/Workspace-Ande3/RV_NN_Convolution_Benchmark/drivers/reg_include" -I"/cygdrive/C/Users/SwaminathanK/Workspace-Ande3/RV_NN_Convolution_Benchmark/vendor/common/flash" -I"/cygdrive/C/Users/SwaminathanK/Workspace-Ande3/RV_NN_Convolution_Benchmark/vendor/common/calibration" -I"/cygdrive/C/Users/SwaminathanK/Workspace-Ande3/RV_NN_Convolution_Benchmark/common" -I"/cygdrive/C/Users/SwaminathanK/Workspace-Ande3/RV_NN_Convolution_Benchmark/vendor/common" -I"/cygdrive/C/Users/SwaminathanK/Downloads/Telink_IDE/ide//RDS/V3.2.3/toolchains/nds32le-elf-mculib-v5f/lib/gcc/riscv32-elf/7.4.0/include" -I"/cygdrive/C/Users/SwaminathanK/Downloads/Telink_IDE/ide//RDS/V3.2.3/toolchains/nds32le-elf-mculib-v5f/riscv32-elf/include" -O3 -mcmodel=medium -flto -Wall -mcpu=d25f -ffunction-sections -fdata-sections -mext-dsp -mabi=ilp32f -c -fmessage-length=0 -Wl,--gc-sections -fshort-wchar -fno-strict-aliasing -fomit-frame-pointer -fshort-enums -MMD -MP -MF"vendor/common/flash/puya_flash_trim.d" -MT"vendor/common/flash/puya_flash_trim.d vendor/common/flash/puya_flash_trim.o" -o "vendor/common/flash/puya_flash_trim.o" "../vendor/common/flash/puya_flash_trim.c"
Finished building: ../vendor/common/flash/puya_flash_trim.c
 
Building target: RV_NN_Convolution_Benchmark.adx
Invoking: Andes C Linker
riscv32-elf-gcc -O3 -nostartfiles -static -L"/cygdrive/C/Users/SwaminathanK/Workspace-Ande3/RV_NN_Convolution_Benchmark/drivers/lib" -L"/cygdrive/C/Users/SwaminathanK/Desktop/Thesis/DSP Library/NMSIS-master/NMSIS/NMSIS/Library/NN/GCC" -flto -mcmodel=medium -mcpu=d25f -ffunction-sections -fdata-sections -mext-dsp -mabi=ilp32f -fmessage-length=0 -fshort-wchar -fno-strict-aliasing -fomit-frame-pointer -fshort-enums -T"/cygdrive/C/Users/SwaminathanK/Downloads/B91 SDK/chip/B91/link/flash_boot_ramcode.link" -Wl,-Map -Wl,output/map.txt -Wl,--gc-sections -mext-dsp -ldsp -lm -fuse-ld=bfd -o "RV_NN_Convolution_Benchmark.adx"  ./Debug_Demo/app.o ./Debug_Demo/main.o ./Debug_Demo/test_riscv_convolve_s16.o ./Debug_Demo/test_riscv_convolve_s8.o ./Debug_Demo/test_riscv_depthwise_conv_s16.o ./Debug_Demo/test_riscv_depthwise_conv_s8.o ./Debug_Demo/utility.o  ./boot/cstartup_flash.o ./boot/cstartup_ram.o  ./common/bt_debug/dbgport.o  ./common/sdk_version.o  ./common/usb_dbg/myudb_usb.o ./common/usb_dbg/myudb_usbdesc.o  ./drivers/adc.o ./drivers/aes.o ./drivers/analog.o ./drivers/audio.o ./drivers/clock.o ./drivers/emi.o ./drivers/flash.o ./drivers/gpio.o ./drivers/i2c.o ./drivers/lpc.o ./drivers/mdec.o ./drivers/plmt.o ./drivers/pwm.o ./drivers/s7816.o ./drivers/spi.o ./drivers/stimer.o ./drivers/timer.o ./drivers/uart.o ./drivers/usbhw.o  ./drivers/flash/flash_mid146085.o ./drivers/flash/flash_mid156085.o ./drivers/flash/flash_mid166085.o  ./vendor/common/auto_test/pc_interface.o  ./vendor/common/calibration/calibration.o  ./vendor/common/common.o ./vendor/common/exception.o ./vendor/common/printf.o  ./vendor/common/flash/puya_common.o ./vendor/common/flash/puya_flash_scratch.o ./vendor/common/flash/puya_flash_trim.o   -lm -lnmsis_nn_rv32imfc -ldriver -laxon_driver_lib
Finished building target: RV_NN_Convolution_Benchmark.adx
 
/usr/bin/make --no-print-directory post-build
/usr/bin/make function-analysis
Invoking: Objdump (disassembly)
riscv32-elf-objdump -x -d -C "RV_NN_Convolution_Benchmark.adx" > output/objdump.txt
Finished building: output/objdump.txt
 
Running function size analysis...
python tools/function_size_riscv.py output/map.txt output/objdump.txt riscv_convolve_wrapper_s8 riscv_convolve_wrapper_s16 riscv_depthwise_conv_wrapper_s8 riscv_depthwise_conv_wrapper_s16 > tools/code_size_report.txt || true
 
Invoking: NM (symbol listing)
riscv32-elf-nm -n -l -C "RV_NN_Convolution_Benchmark.adx" > output/symbol.txt
Finished building: output/symbol.txt
 
Invoking: Readelf (ELF info listing)
riscv32-elf-readelf -a "RV_NN_Convolution_Benchmark.adx" > output/readelf.txt
Finished building: output/readelf.txt
 
Invoking: Objcopy (object content copy)
riscv32-elf-objcopy -S -O binary "RV_NN_Convolution_Benchmark.adx" output/RV_NN_Convolution_Benchmark.bin
Finished building: output/RV_NN_Convolution_Benchmark.bin
 
Invoking: Size (section size listing)
riscv32-elf-size  "RV_NN_Convolution_Benchmark.adx" | tee output/.PHONY.size
   text	   code	 rodata	   data	    bss	    dec	    hex	filename
  45934	  45934	      0	  47934	     64	  93932	  16eec	RV_NN_Convolution_Benchmark.adx
Finished building: output/.PHONY.size
 

15:52:31 Build Finished (took 58s.443ms)

